stm32g4xx_ll_usart.h:628:22:LL_USART_Enable	16	static
stm32g4xx_ll_usart.h:679:22:LL_USART_DisableFIFO	16	static
stm32g4xx_ll_usart.h:712:22:LL_USART_SetTXFIFOThreshold	40	static,ignoring_inline_asm
stm32g4xx_ll_usart.h:751:22:LL_USART_SetRXFIFOThreshold	40	static,ignoring_inline_asm
stm32g4xx_ll_usart.h:1797:22:LL_USART_DisableOverrunDetect	16	static
stm32g4xx_ll_usart.h:2667:22:LL_USART_ConfigAsyncMode	16	static
stm32g4xx_ll_usart.h:3189:26:LL_USART_IsActiveFlag_TEACK	16	static
stm32g4xx_ll_usart.h:3200:26:LL_USART_IsActiveFlag_REACK	16	static
stm32g4xx_ll_gpio.h:923:22:LL_GPIO_ResetOutputPin	16	static
stm32g4xx_ll_bus.h:451:22:LL_AHB2_GRP1_EnableClock	24	static
stm32g4xx_ll_bus.h:913:22:LL_APB1_GRP1_EnableClock	24	static
main.c:67:5:main	8	static
main.c:142:6:SystemClock_Config	88	static
main.c:187:13:MX_USART3_UART_Init	152	static
main.c:271:13:MX_GPIO_Init	32	static
main.c:415:6:Error_Handler	4	static,ignoring_inline_asm
