stm32g4xx_ll_tim.h:5447:22:LL_TIM_ClearFlag_UPDATE	16	static
stm32g4xx_ll_tim.h:5458:26:LL_TIM_IsActiveFlag_UPDATE	16	static
stm32g4xx_ll_tim.h:5935:26:LL_TIM_IsEnabledIT_UPDATE	16	static
stm32g4xx_ll_usart.h:2992:26:LL_USART_IsActiveFlag_RXNE_RXFNE	16	static
stm32g4xx_ll_usart.h:3019:26:LL_USART_IsActiveFlag_TXE_TXFNF	16	static
stm32g4xx_ll_usart.h:3911:26:LL_USART_IsEnabledIT_RXNE_RXFNE	16	static
stm32g4xx_ll_usart.h:3938:26:LL_USART_IsEnabledIT_TXE_TXFNF	16	static
stm32g4xx_it.c:74:6:NMI_Handler	4	static
stm32g4xx_it.c:89:6:HardFault_Handler	4	static
stm32g4xx_it.c:104:6:MemManage_Handler	4	static
stm32g4xx_it.c:119:6:BusFault_Handler	4	static
stm32g4xx_it.c:134:6:UsageFault_Handler	4	static
stm32g4xx_it.c:149:6:SVC_Handler	4	static
stm32g4xx_it.c:162:6:DebugMon_Handler	4	static
stm32g4xx_it.c:175:6:PendSV_Handler	4	static
stm32g4xx_it.c:188:6:SysTick_Handler	8	static
stm32g4xx_it.c:209:6:USART3_IRQHandler	8	static
stm32g4xx_it.c:281:6:TIM6_DAC_IRQHandler	8	static
