stm32g4xx_ll_gpio.h:865:26:LL_GPIO_IsOutputPinSet	16	static
stm32g4xx_ll_gpio.h:894:22:LL_GPIO_SetOutputPin	16	static
stm32g4xx_ll_gpio.h:923:22:LL_GPIO_ResetOutputPin	16	static
stm32g4xx_ll_gpio.h:952:22:LL_GPIO_TogglePin	24	static
LED.c:110:6:LED_init	8	static
LED.c:184:6:LED_on	16	static
LED.c:213:6:LED_off	16	static
LED.c:224:6:LED_toggle	16	static
LED.c:234:6:LED_set	16	static
LED.c:268:6:LEDs_on	24	static
LED.c:299:6:LEDs_off	24	static
LED.c:336:6:LEDs_write	24	static
LED.c:378:9:LED_is_on	16	static
LED.c:390:9:LEDs_read	16	static
LED.c:419:6:LED_demo	16	static
