../Drivers/CMSIS/Include/core_cm4.h:1667:26:__NVIC_GetPriorityGrouping	4	static
../Drivers/CMSIS/Include/core_cm4.h:1679:22:__NVIC_EnableIRQ	16	static,ignoring_inline_asm
../Drivers/CMSIS/Include/core_cm4.h:1809:22:__NVIC_SetPriority	16	static
../Drivers/CMSIS/Include/core_cm4.h:1856:26:NVIC_EncodePriority	40	static
../Drivers/STM32G4xx_HAL_Driver/Inc/stm32g4xx_ll_tim.h:2204:22:LL_TIM_DisableARRPreload	16	static
../Drivers/STM32G4xx_HAL_Driver/Inc/stm32g4xx_ll_tim.h:2972:22:LL_TIM_OC_DisableFast	24	static
../Drivers/STM32G4xx_HAL_Driver/Inc/stm32g4xx_ll_tim.h:3024:22:LL_TIM_OC_EnablePreload	24	static
../Drivers/STM32G4xx_HAL_Driver/Inc/stm32g4xx_ll_tim.h:3933:22:LL_TIM_SetClockSource	16	static
../Drivers/STM32G4xx_HAL_Driver/Inc/stm32g4xx_ll_tim.h:3986:22:LL_TIM_SetTriggerOutput	16	static
../Drivers/STM32G4xx_HAL_Driver/Inc/stm32g4xx_ll_tim.h:4092:22:LL_TIM_DisableMasterSlaveMode	16	static
../Drivers/STM32G4xx_HAL_Driver/Inc/stm32g4xx_ll_gpio.h:923:22:LL_GPIO_ResetOutputPin	16	static
../Drivers/STM32G4xx_HAL_Driver/Inc/stm32g4xx_ll_bus.h:451:22:LL_AHB2_GRP1_EnableClock	24	static
../Drivers/STM32G4xx_HAL_Driver/Inc/stm32g4xx_ll_bus.h:913:22:LL_APB1_GRP1_EnableClock	24	static
../Core/Src/main.c:132:6:HAL_UARTEx_RxEventCallback	16	static
../Core/Src/main.c:162:5:_write	24	static
../Core/Src/main.c:189:5:main	24	static
../Core/Src/main.c:401:6:SystemClock_Config	88	static
../Core/Src/main.c:448:13:MX_ADC4_Init	40	static
../Core/Src/main.c:516:13:MX_SPI1_Init	8	static
../Core/Src/main.c:556:13:MX_TIM1_Init	40	static
../Core/Src/main.c:603:13:MX_TIM4_Init	88	static
../Core/Src/main.c:660:13:MX_TIM6_Init	32	static
../Core/Src/main.c:697:13:MX_USART1_UART_Init	8	static
../Core/Src/main.c:745:13:MX_USART3_UART_Init	8	static
../Core/Src/main.c:791:13:MX_DMA_Init	16	static
../Core/Src/main.c:812:13:MX_FMC_Init	40	static
../Core/Src/main.c:873:13:MX_GPIO_Init	32	static
../Core/Src/main.c:1054:6:MouseMode	16	static
../Core/Src/main.c:1122:6:MusicMode	16	static
../Core/Src/main.c:1236:6:KeyboardMode	16	static
../Core/Src/main.c:1398:6:Error_Handler	4	static,ignoring_inline_asm
