../Drivers/STM32G4xx_HAL_Driver/Inc/stm32g4xx_ll_tim.h:5447:22:LL_TIM_ClearFlag_UPDATE	16	static
../Drivers/STM32G4xx_HAL_Driver/Inc/stm32g4xx_ll_tim.h:5458:26:LL_TIM_IsActiveFlag_UPDATE	16	static
../Drivers/STM32G4xx_HAL_Driver/Inc/stm32g4xx_ll_tim.h:5935:26:LL_TIM_IsEnabledIT_UPDATE	16	static
../Core/Src/stm32g4xx_it.c:74:6:NMI_Handler	4	static
../Core/Src/stm32g4xx_it.c:89:6:HardFault_Handler	4	static
../Core/Src/stm32g4xx_it.c:104:6:MemManage_Handler	4	static
../Core/Src/stm32g4xx_it.c:119:6:BusFault_Handler	4	static
../Core/Src/stm32g4xx_it.c:134:6:UsageFault_Handler	4	static
../Core/Src/stm32g4xx_it.c:149:6:SVC_Handler	4	static
../Core/Src/stm32g4xx_it.c:162:6:DebugMon_Handler	4	static
../Core/Src/stm32g4xx_it.c:175:6:PendSV_Handler	4	static
../Core/Src/stm32g4xx_it.c:188:6:SysTick_Handler	8	static
../Core/Src/stm32g4xx_it.c:209:6:DMA1_Channel1_IRQHandler	8	static
../Core/Src/stm32g4xx_it.c:223:6:DMA1_Channel2_IRQHandler	8	static
../Core/Src/stm32g4xx_it.c:237:6:DMA1_Channel3_IRQHandler	8	static
../Core/Src/stm32g4xx_it.c:251:6:USART1_IRQHandler	8	static
../Core/Src/stm32g4xx_it.c:265:6:USART3_IRQHandler	8	static
../Core/Src/stm32g4xx_it.c:279:6:TIM6_DAC_IRQHandler	8	static
