../Core/Src/stm32g4xx_hal_msp.c:68:6:HAL_MspInit	16	static
../Core/Src/stm32g4xx_hal_msp.c:94:6:HAL_ADC_MspInit	128	static
../Core/Src/stm32g4xx_hal_msp.c:157:6:HAL_ADC_MspDeInit	16	static
../Core/Src/stm32g4xx_hal_msp.c:188:6:HAL_SPI_MspInit	48	static
../Core/Src/stm32g4xx_hal_msp.c:225:6:HAL_SPI_MspDeInit	16	static
../Core/Src/stm32g4xx_hal_msp.c:255:6:HAL_TIM_Base_MspInit	24	static
../Core/Src/stm32g4xx_hal_msp.c:277:6:HAL_TIM_Base_MspDeInit	16	static
../Core/Src/stm32g4xx_hal_msp.c:299:6:HAL_UART_MspInit	144	static
../Core/Src/stm32g4xx_hal_msp.c:430:6:HAL_UART_MspDeInit	16	static
../Core/Src/stm32g4xx_hal_msp.c:485:13:HAL_FMC_MspInit	32	static
../Core/Src/stm32g4xx_hal_msp.c:550:6:HAL_SRAM_MspInit	16	static
../Core/Src/stm32g4xx_hal_msp.c:562:13:HAL_FMC_MspDeInit	8	static
../Core/Src/stm32g4xx_hal_msp.c:610:6:HAL_SRAM_MspDeInit	16	static
