../Application/graphics.c:51:6:GFX_display_image_array	24	static
../Application/graphics.c:57:6:GFX_display_image_object	16	static
../Application/graphics.c:63:10:GFX_get_image_pixel	24	static
../Application/graphics.c:85:6:GFX_get_image_part	40	static
../Application/graphics.c:109:11:GFX_allocate_image_buffer	16	static
../Application/graphics.c:113:6:GFX_deallocate_image_buffer	16	static
../Application/graphics.c:119:6:GFX_draw_gfx_object	16	static
../Application/graphics.c:129:6:GFX_save_gfx_object_location	16	static
../Application/graphics.c:141:6:GFX_restore_gfx_object_old_location	16	static
../Application/graphics.c:154:6:GFX_init_location_restrictions	24	static
../Application/graphics.c:188:9:GFX_is_point_inside_location	16	static
../Application/graphics.c:196:9:GFX_is_location_inside_object_restrictions	16	static
../Application/graphics.c:205:9:GFX_set_gfx_object_location	16	static
../Application/graphics.c:236:9:GFX_init_gfx_object_location	24	static
../Application/graphics.c:251:9:GFX_set_gfx_object_center_location	16	static
../Application/graphics.c:281:9:GFX_init_gfx_object_center_location	24	static
../Application/graphics.c:295:9:GFX_move_gfx_object	16	static
../Application/graphics.c:305:9:GFX_move_gfx_object_center	16	static
../Application/graphics.c:316:6:GFX_set_gfx_object_velocity	16	static
../Application/graphics.c:322:6:GFX_move_location	24	static
../Application/graphics.c:333:9:GFX_update_moving_gfx_object_location	24	static
../Application/graphics.c:388:9:GFX_bounce_moving_object_from_edge	24	static
../Application/graphics.c:451:6:GFX_get_object_movement_area	16	static
../Application/graphics.c:473:6:GFX_absolute_coordinates_to_object_coordinates	24	static
../Application/graphics.c:480:9:GFX_are_locations_overlapping	16	static
../Application/graphics.c:494:9:GFX_are_gfx_objects_overlapping	16	static
../Application/graphics.c:502:6:GFX_allocate_partial_frame_buffer_for_display_area	16	static
../Application/graphics.c:529:6:GFX_copy_image_part_to_partial_frame_buffer	32	static
../Application/graphics.c:537:6:GFX_partial_frame_buffer_overlay_object	40	static
../Application/graphics.c:572:6:GFX_deallocate_partial_frame_buffer	8	static
../Application/graphics.c:577:6:GFX_draw_one_gfx_object_on_background	32	static
../Application/graphics.c:638:6:GFX_draw_two_gfx_objects_on_background	64	static
../Application/graphics.c:713:6:GFX_clear_area_on_background	32	static
../Application/graphics.c:750:6:GFX_clear_location_on_background	32	static
../Application/graphics.c:756:6:GFX_clear_gfx_object_on_background	32	static
../Application/graphics.c:794:6:GFX_update_two_gfx_objects_on_background	24	static
../Application/graphics.c:805:6:GFX_display_text_object	16	static
../Application/graphics.c:815:6:GFX_display_progress_bar	32	static
../Application/graphics.c:828:6:GFX_demo_sub_image	10024	static
../Application/graphics.c:842:6:GFX_demo_sub_image_with_malloc	32	static
../Application/graphics.c:862:6:GFX_demo_draw_one_object_on_backround	16	static
../Application/graphics.c:869:6:GFX_demo_arduino_objects	8	static
../Application/graphics.c:891:6:GFX_demo_objects_overlapping_delete_draw	8	static
../Application/graphics.c:916:6:GFX_demo_move_one_object_delete_draw	24	static
../Application/graphics.c:938:6:GFX_demo_update_two_gfx_objects_on_background_delete_draw	24	static
../Application/graphics.c:958:6:GFX_demo_two_objects_moving_delete_draw	8	static
../Application/graphics.c:989:6:GFX_demo_move_one_object_using_movement_area	16	static
../Application/graphics.c:1008:6:GFX_demo_two_objects_moving_using_movement_areas	8	static
../Application/graphics.c:1039:6:GFX_demo_joystick_controlled_crosshair_arduino_bouncing	8	static
