Archive member included to satisfy reference by file (symbol)

c:/st/stm32cubeide_1.8.0/stm32cubeide/plugins/com.st.stm32cube.ide.mcu.externaltools.gnu-tools-for-stm32.10.3-2021.10.win32_1.0.0.202111181127/tools/bin/../lib/gcc/arm-none-eabi/10.3.1/../../../../arm-none-eabi/lib/thumb/v7e-m+fp/hard\libc_nano.a(lib_a-errno.o)
                              ./Core/Src/syscalls.o (__errno)
c:/st/stm32cubeide_1.8.0/stm32cubeide/plugins/com.st.stm32cube.ide.mcu.externaltools.gnu-tools-for-stm32.10.3-2021.10.win32_1.0.0.202111181127/tools/bin/../lib/gcc/arm-none-eabi/10.3.1/../../../../arm-none-eabi/lib/thumb/v7e-m+fp/hard\libc_nano.a(lib_a-exit.o)
                              c:/st/stm32cubeide_1.8.0/stm32cubeide/plugins/com.st.stm32cube.ide.mcu.externaltools.gnu-tools-for-stm32.10.3-2021.10.win32_1.0.0.202111181127/tools/bin/../lib/gcc/arm-none-eabi/10.3.1/../../../../arm-none-eabi/lib/thumb/v7e-m+fp/hard/crt0.o (exit)
c:/st/stm32cubeide_1.8.0/stm32cubeide/plugins/com.st.stm32cube.ide.mcu.externaltools.gnu-tools-for-stm32.10.3-2021.10.win32_1.0.0.202111181127/tools/bin/../lib/gcc/arm-none-eabi/10.3.1/../../../../arm-none-eabi/lib/thumb/v7e-m+fp/hard\libc_nano.a(lib_a-impure.o)
                              c:/st/stm32cubeide_1.8.0/stm32cubeide/plugins/com.st.stm32cube.ide.mcu.externaltools.gnu-tools-for-stm32.10.3-2021.10.win32_1.0.0.202111181127/tools/bin/../lib/gcc/arm-none-eabi/10.3.1/../../../../arm-none-eabi/lib/thumb/v7e-m+fp/hard\libc_nano.a(lib_a-exit.o) (_global_impure_ptr)
c:/st/stm32cubeide_1.8.0/stm32cubeide/plugins/com.st.stm32cube.ide.mcu.externaltools.gnu-tools-for-stm32.10.3-2021.10.win32_1.0.0.202111181127/tools/bin/../lib/gcc/arm-none-eabi/10.3.1/../../../../arm-none-eabi/lib/thumb/v7e-m+fp/hard\libc_nano.a(lib_a-init.o)
                              c:/st/stm32cubeide_1.8.0/stm32cubeide/plugins/com.st.stm32cube.ide.mcu.externaltools.gnu-tools-for-stm32.10.3-2021.10.win32_1.0.0.202111181127/tools/bin/../lib/gcc/arm-none-eabi/10.3.1/../../../../arm-none-eabi/lib/thumb/v7e-m+fp/hard/crt0.o (__libc_init_array)
c:/st/stm32cubeide_1.8.0/stm32cubeide/plugins/com.st.stm32cube.ide.mcu.externaltools.gnu-tools-for-stm32.10.3-2021.10.win32_1.0.0.202111181127/tools/bin/../lib/gcc/arm-none-eabi/10.3.1/../../../../arm-none-eabi/lib/thumb/v7e-m+fp/hard\libc_nano.a(lib_a-memset.o)
                              c:/st/stm32cubeide_1.8.0/stm32cubeide/plugins/com.st.stm32cube.ide.mcu.externaltools.gnu-tools-for-stm32.10.3-2021.10.win32_1.0.0.202111181127/tools/bin/../lib/gcc/arm-none-eabi/10.3.1/../../../../arm-none-eabi/lib/thumb/v7e-m+fp/hard/crt0.o (memset)
c:/st/stm32cubeide_1.8.0/stm32cubeide/plugins/com.st.stm32cube.ide.mcu.externaltools.gnu-tools-for-stm32.10.3-2021.10.win32_1.0.0.202111181127/tools/bin/../lib/gcc/arm-none-eabi/10.3.1/../../../../arm-none-eabi/lib/thumb/v7e-m+fp/hard\libc_nano.a(lib_a-printf.o)
                              ./System/SCI.o (printf)
c:/st/stm32cubeide_1.8.0/stm32cubeide/plugins/com.st.stm32cube.ide.mcu.externaltools.gnu-tools-for-stm32.10.3-2021.10.win32_1.0.0.202111181127/tools/bin/../lib/gcc/arm-none-eabi/10.3.1/../../../../arm-none-eabi/lib/thumb/v7e-m+fp/hard\libc_nano.a(lib_a-putchar.o)
                              ./System/joystick.o (putchar)
c:/st/stm32cubeide_1.8.0/stm32cubeide/plugins/com.st.stm32cube.ide.mcu.externaltools.gnu-tools-for-stm32.10.3-2021.10.win32_1.0.0.202111181127/tools/bin/../lib/gcc/arm-none-eabi/10.3.1/../../../../arm-none-eabi/lib/thumb/v7e-m+fp/hard\libc_nano.a(lib_a-puts.o)
                              ./System/joystick.o (puts)
c:/st/stm32cubeide_1.8.0/stm32cubeide/plugins/com.st.stm32cube.ide.mcu.externaltools.gnu-tools-for-stm32.10.3-2021.10.win32_1.0.0.202111181127/tools/bin/../lib/gcc/arm-none-eabi/10.3.1/../../../../arm-none-eabi/lib/thumb/v7e-m+fp/hard\libc_nano.a(lib_a-setvbuf.o)
                              ./System/SCI.o (setvbuf)
c:/st/stm32cubeide_1.8.0/stm32cubeide/plugins/com.st.stm32cube.ide.mcu.externaltools.gnu-tools-for-stm32.10.3-2021.10.win32_1.0.0.202111181127/tools/bin/../lib/gcc/arm-none-eabi/10.3.1/../../../../arm-none-eabi/lib/thumb/v7e-m+fp/hard\libc_nano.a(lib_a-wbuf.o)
                              c:/st/stm32cubeide_1.8.0/stm32cubeide/plugins/com.st.stm32cube.ide.mcu.externaltools.gnu-tools-for-stm32.10.3-2021.10.win32_1.0.0.202111181127/tools/bin/../lib/gcc/arm-none-eabi/10.3.1/../../../../arm-none-eabi/lib/thumb/v7e-m+fp/hard\libc_nano.a(lib_a-puts.o) (__swbuf_r)
c:/st/stm32cubeide_1.8.0/stm32cubeide/plugins/com.st.stm32cube.ide.mcu.externaltools.gnu-tools-for-stm32.10.3-2021.10.win32_1.0.0.202111181127/tools/bin/../lib/gcc/arm-none-eabi/10.3.1/../../../../arm-none-eabi/lib/thumb/v7e-m+fp/hard\libc_nano.a(lib_a-wsetup.o)
[...]
Memory Configuration

Name             Origin             Length             Attributes
RAM              0x0000000020000000 0x0000000000020000 xrw
FLASH            0x0000000008000000 0x0000000000080000 xr
*default*        0x0000000000000000 0xffffffffffffffff

Linker script and memory map

LOAD c:/st/stm32cubeide_1.8.0/stm32cubeide/plugins/com.st.stm32cube.ide.mcu.externaltools.gnu-tools-for-stm32.10.3-2021.10.win32_1.0.0.202111181127/tools/bin/../lib/gcc/arm-none-eabi/10.3.1/thumb/v7e-m+fp/hard/crti.o
LOAD c:/st/stm32cubeide_1.8.0/stm32cubeide/plugins/com.st.stm32cube.ide.mcu.externaltools.gnu-tools-for-stm32.10.3-2021.10.win32_1.0.0.202111181127/tools/bin/../lib/gcc/arm-none-eabi/10.3.1/thumb/v7e-m+fp/hard/crtbegin.o
LOAD c:/st/stm32cubeide_1.8.0/stm32cubeide/plugins/com.st.stm32cube.ide.mcu.externaltools.gnu-tools-for-stm32.10.3-2021.10.win32_1.0.0.202111181127/tools/bin/../lib/gcc/arm-none-eabi/10.3.1/../../../../arm-none-eabi/lib/thumb/v7e-m+fp/hard/crt0.o
LOAD ./Core/Src/main.o
LOAD ./Core/Src/stm32g4xx_hal_msp.o
LOAD ./Core/Src/stm32g4xx_it.o
LOAD ./Core/Src/syscalls.o
LOAD ./Core/Src/sysmem.o
LOAD ./Core/Src/system_stm32g4xx.o
LOAD ./Core/Startup/startup_stm32g474qetx.o
LOAD ./Drivers/STM32G4xx_HAL_Driver/Src/stm32g4xx_hal.o
LOAD ./Drivers/STM32G4xx_HAL_Driver/Src/stm32g4xx_hal_adc.o
LOAD ./Drivers/STM32G4xx_HAL_Driver/Src/stm32g4xx_hal_adc_ex.o
LOAD ./Drivers/STM32G4xx_HAL_Driver/Src/stm32g4xx_hal_cortex.o
LOAD ./Drivers/STM32G4xx_HAL_Driver/Src/stm32g4xx_hal_dma.o
LOAD ./Drivers/STM32G4xx_HAL_Driver/Src/stm32g4xx_hal_dma_ex.o
LOAD ./Drivers/STM32G4xx_HAL_Driver/Src/stm32g4xx_hal_exti.o
LOAD ./Drivers/STM32G4xx_HAL_Driver/Src/stm32g4xx_hal_flash.o
LOAD ./Drivers/STM32G4xx_HAL_Driver/Src/stm32g4xx_hal_flash_ex.o
LOAD ./Drivers/STM32G4xx_HAL_Driver/Src/stm32g4xx_hal_flash_ramfunc.o
LOAD ./Drivers/STM32G4xx_HAL_Driver/Src/stm32g4xx_hal_gpio.o
LOAD ./Drivers/STM32G4xx_HAL_Driver/Src/stm32g4xx_hal_pwr.o
LOAD ./Drivers/STM32G4xx_HAL_Driver/Src/stm32g4xx_hal_pwr_ex.o
LOAD ./Drivers/STM32G4xx_HAL_Driver/Src/stm32g4xx_hal_rcc.o
LOAD ./Drivers/STM32G4xx_HAL_Driver/Src/stm32g4xx_hal_rcc_ex.o
LOAD ./Drivers/STM32G4xx_HAL_Driver/Src/stm32g4xx_hal_spi.o
LOAD ./Drivers/STM32G4xx_HAL_Driver/Src/stm32g4xx_hal_spi_ex.o
LOAD ./Drivers/STM32G4xx_HAL_Driver/Src/stm32g4xx_hal_sram.o
LOAD ./Drivers/STM32G4xx_HAL_Driver/Src/stm32g4xx_hal_tim.o
LOAD ./Drivers/STM32G4xx_HAL_Driver/Src/stm32g4xx_hal_tim_ex.o
LOAD ./Drivers/STM32G4xx_HAL_Driver/Src/stm32g4xx_ll_adc.o
LOAD ./Drivers/STM32G4xx_HAL_Driver/Src/stm32g4xx_ll_dma.o
LOAD ./Drivers/STM32G4xx_HAL_Driver/Src/stm32g4xx_ll_exti.o
LOAD ./Drivers/STM32G4xx_HAL_Driver/Src/stm32g4xx_ll_fmc.o
LOAD ./Drivers/STM32G4xx_HAL_Driver/Src/stm32g4xx_ll_gpio.o
LOAD ./Drivers/STM32G4xx_HAL_Driver/Src/stm32g4xx_ll_rcc.o
LOAD ./Drivers/STM32G4xx_HAL_Driver/Src/stm32g4xx_ll_tim.o
LOAD ./Drivers/STM32G4xx_HAL_Driver/Src/stm32g4xx_ll_usart.o
LOAD ./Drivers/STM32G4xx_HAL_Driver/Src/stm32g4xx_ll_utils.o
LOAD ./System/LED.o
LOAD ./System/SCI.o
LOAD ./System/XPT2046_touch.o
LOAD ./System/buf.o
LOAD ./System/joystick.o
LOAD ./System/kbd.o
LOAD ./System/lcd.o
LOAD ./System/lcd_backlight.o
LOAD ./System/lcd_ili9341.o
LOAD ./System/periodic_services.o
LOAD ./System/timing_utils.o
LOAD ./System/ugui.o
START GROUP
LOAD c:/st/stm32cubeide_1.8.0/stm32cubeide/plugins/com.st.stm32cube.ide.mcu.externaltools.gnu-tools-for-stm32.10.3-2021.10.win32_1.0.0.202111181127/tools/bin/../lib/gcc/arm-none-eabi/10.3.1/../../../../arm-none-eabi/lib/thumb/v7e-m+fp/hard\libstdc++_nano.a
LOAD c:/st/stm32cubeide_1.8.0/stm32cubeide/plugins/com.st.stm32cube.ide.mcu.externaltools.gnu-tools-for-stm32.10.3-2021.10.win32_1.0.0.202111181127/tools/bin/../lib/gcc/arm-none-eabi/10.3.1/../../../../arm-none-eabi/lib/thumb/v7e-m+fp/hard\libsupc++_nano.a
END GROUP
LOAD c:/st/stm32cubeide_1.8.0/stm32cubeide/plugins/com.st.stm32cube.ide.mcu.externaltools.gnu-tools-for-stm32.10.3-2021.10.win32_1.0.0.202111181127/tools/bin/../lib/gcc/arm-none-eabi/10.3.1/../../../../arm-none-eabi/lib/thumb/v7e-m+fp/hard\libstdc++_nano.a
LOAD c:/st/stm32cubeide_1.8.0/stm32cubeide/plugins/com.st.stm32cube.ide.mcu.externaltools.gnu-tools-for-stm32.10.3-2021.10.win32_1.0.0.202111181127/tools/bin/../lib/gcc/arm-none-eabi/10.3.1/../../../../arm-none-eabi/lib/thumb/v7e-m+fp/hard\libm.a
LOAD c:/st/stm32cubeide_1.8.0/stm32cubeide/plugins/com.st.stm32cube.ide.mcu.externaltools.gnu-tools-for-stm32.10.3-2021.10.win32_1.0.0.202111181127/tools/bin/../lib/gcc/arm-none-eabi/10.3.1/../../../../arm-none-eabi/lib/thumb/v7e-m+fp/hard\libc_nano.a
START GROUP
LOAD c:/st/stm32cubeide_1.8.0/stm32cubeide/plugins/com.st.stm32cube.ide.mcu.externaltools.gnu-tools-for-stm32.10.3-2021.10.win32_1.0.0.202111181127/tools/bin/../lib/gcc/arm-none-eabi/10.3.1/thumb/v7e-m+fp/hard\libgcc.a
LOAD c:/st/stm32cubeide_1.8.0/stm32cubeide/plugins/com.st.stm32cube.ide.mcu.externaltools.gnu-tools-for-stm32.10.3-2021.10.win32_1.0.0.202111181127/tools/bin/../lib/gcc/arm-none-eabi/10.3.1/../../../../arm-none-eabi/lib/thumb/v7e-m+fp/hard\libc_nano.a
END GROUP
START GROUP
LOAD c:/st/stm32cubeide_1.8.0/stm32cubeide/plugins/com.st.stm32cube.ide.mcu.externaltools.gnu-tools-for-stm32.10.3-2021.10.win32_1.0.0.202111181127/tools/bin/../lib/gcc/arm-none-eabi/10.3.1/thumb/v7e-m+fp/hard\libgcc.a
LOAD c:/st/stm32cubeide_1.8.0/stm32cubeide/plugins/com.st.stm32cube.ide.mcu.externaltools.gnu-tools-for-stm32.10.3-2021.10.win32_1.0.0.202111181127/tools/bin/../lib/gcc/arm-none-eabi/10.3.1/../../../../arm-none-eabi/lib/thumb/v7e-m+fp/hard\libc_nano.a
LOAD c:/st/stm32cubeide_1.8.0/stm32cubeide/plugins/com.st.stm32cube.ide.mcu.externaltools.gnu-tools-for-stm32.10.3-2021.10.win32_1.0.0.202111181127/tools/bin/../lib/gcc/arm-none-eabi/10.3.1/../../../../arm-none-eabi/lib/thumb/v7e-m+fp/hard\libnosys.a
END GROUP
START GROUP
LOAD c:/st/stm32cubeide_1.8.0/stm32cubeide/plugins/com.st.stm32cube.ide.mcu.externaltools.gnu-tools-for-stm32.10.3-2021.10.win32_1.0.0.202111181127/tools/bin/../lib/gcc/arm-none-eabi/10.3.1/thumb/v7e-m+fp/hard\libgcc.a
LOAD c:/st/stm32cubeide_1.8.0/stm32cubeide/plugins/com.st.stm32cube.ide.mcu.externaltools.gnu-tools-for-stm32.10.3-2021.10.win32_1.0.0.202111181127/tools/bin/../lib/gcc/arm-none-eabi/10.3.1/../../../../arm-none-eabi/lib/thumb/v7e-m+fp/hard\libc_nano.a
LOAD c:/st/stm32cubeide_1.8.0/stm32cubeide/plugins/com.st.stm32cube.ide.mcu.externaltools.gnu-tools-for-stm32.10.3-2021.10.win32_1.0.0.202111181127/tools/bin/../lib/gcc/arm-none-eabi/10.3.1/../../../../arm-none-eabi/lib/thumb/v7e-m+fp/hard\libnosys.a
END GROUP
LOAD c:/st/stm32cubeide_1.8.0/stm32cubeide/plugins/com.st.stm32cube.ide.mcu.externaltools.gnu-tools-for-stm32.10.3-2021.10.win32_1.0.0.202111181127/tools/bin/../lib/gcc/arm-none-eabi/10.3.1/thumb/v7e-m+fp/hard/crtend.o
LOAD c:/st/stm32cubeide_1.8.0/stm32cubeide/plugins/com.st.stm32cube.ide.mcu.externaltools.gnu-tools-for-stm32.10.3-2021.10.win32_1.0.0.202111181127/tools/bin/../lib/gcc/arm-none-eabi/10.3.1/thumb/v7e-m+fp/hard/crtn.o
                0x0000000020020000                _estack = (ORIGIN (RAM) + LENGTH (RAM))
                0x0000000000000200                _Min_Heap_Size = 0x200
                0x0000000000000400                _Min_Stack_Size = 0x400

.isr_vector     0x0000000008000000      0x1d8
                0x0000000008000000                . = ALIGN (0x4)
 *(.isr_vector)
 .isr_vector    0x0000000008000000      0x1d8 ./Core/Startup/startup_stm32g474qetx.o
                0x0000000008000000                g_pfnVectors
                0x00000000080001d8                . = ALIGN (0x4)

.text           0x00000000080001e0     0xa6c8
                0x00000000080001e0                . = ALIGN (0x4)
 *(.text)
 .text          0x00000000080001e0       0x40 c:/st/stm32cubeide_1.8.0/stm32cubeide/plugins/com.st.stm32cube.ide.mcu.externaltools.gnu-tools-for-stm32.10.3-2021.10.win32_1.0.0.202111181127/tools/bin/../lib/gcc/arm-none-eabi/10.3.1/thumb/v7e-m+fp/hard/crtbegin.o
 .text          0x0000000008000220       0xa0 c:/st/stm32cubeide_1.8.0/stm32cubeide/plugins/com.st.stm32cube.ide.mcu.externaltools.gnu-tools-for-stm32.10.3-2021.10.win32_1.0.0.202111181127/tools/bin/../lib/gcc/arm-none-eabi/10.3.1/../../../../arm-none-eabi/lib/thumb/v7e-m+fp/hard\libc_nano.a(lib_a-memchr.o)
                0x0000000008000220                memchr
 *(.text*)
 .text.__NVIC_GetPriorityGrouping
                0x00000000080002c0       0x1c ./Core/Src/main.o
 .text.__NVIC_EnableIRQ
                0x00000000080002dc       0x3c ./Core/Src/main.o
 .text.__NVIC_SetPriority
                0x0000000008000318       0x54 ./Core/Src/main.o
 .text.NVIC_EncodePriority
                0x000000000800036c       0x66 ./Core/Src/main.o
 .text.LL_TIM_DisableARRPreload
                0x00000000080003d2       0x20 ./Core/Src/main.o
 *fill*         0x00000000080003f2        0x2 
 .text.LL_TIM_OC_DisableFast
                0x00000000080003f4       0xb0 ./Core/Src/main.o
 .text.LL_TIM_OC_EnablePreload
                0x00000000080004a4       0xac ./Core/Src/main.o
 .text.LL_TIM_SetClockSource
                0x0000000008000550       0x2a ./Core/Src/main.o
 .text.LL_TIM_SetTriggerOutput
                0x000000000800057a       0x2a ./Core/Src/main.o
 .text.LL_TIM_DisableMasterSlaveMode
                0x00000000080005a4       0x20 ./Core/Src/main.o
 .text.LL_USART_Enable
                0x00000000080005c4       0x20 ./Core/Src/main.o
 .text.LL_USART_DisableFIFO
                0x00000000080005e4       0x20 ./Core/Src/main.o
 .text.LL_USART_SetTXFIFOThreshold
                0x0000000008000604       0x4e ./Core/Src/main.o
 .text.LL_USART_SetRXFIFOThreshold
                0x0000000008000652       0x4e ./Core/Src/main.o
 .text.LL_USART_DisableOverrunDetect
                0x00000000080006a0       0x20 ./Core/Src/main.o
 .text.LL_USART_ConfigAsyncMode
                0x00000000080006c0       0x2c ./Core/Src/main.o
 .text.LL_USART_IsActiveFlag_TEACK
                0x00000000080006ec       0x28 ./Core/Src/main.o
 .text.LL_USART_IsActiveFlag_REACK
                0x0000000008000714       0x28 ./Core/Src/main.o
 .text.LL_GPIO_ResetOutputPin
                0x000000000800073c       0x1c ./Core/Src/main.o
 .text.LL_AHB2_GRP1_EnableClock
                0x0000000008000758       0x30 ./Core/Src/main.o
 .text.LL_APB1_GRP1_EnableClock
                0x0000000008000788       0x30 ./Core/Src/main.o
 .text.main     0x00000000080007b8       0xb8 ./Core/Src/main.o
                0x00000000080007b8                main
 .text.SystemClock_Config
                0x0000000008000870       0x98 ./Core/Src/main.o
                0x0000000008000870                SystemClock_Config
 .text.MX_ADC4_Init
                0x0000000008000908       0xf0 ./Core/Src/main.o
 .text.MX_SPI1_Init
                0x00000000080009f8       0x7c ./Core/Src/main.o
 .text.MX_TIM1_Init
                0x0000000008000a74       0xa8 ./Core/Src/main.o
 .text.MX_TIM4_Init
                0x0000000008000b1c       0xe0 ./Core/Src/main.o
 .text.MX_TIM6_Init
                0x0000000008000bfc       0x74 ./Core/Src/main.o
 .text.MX_USART3_UART_Init
                0x0000000008000c70      0x150 ./Core/Src/main.o
 .text.MX_DMA_Init
                0x0000000008000dc0       0x54 ./Core/Src/main.o
 .text.MX_FMC_Init
                0x0000000008000e14       0xd0 ./Core/Src/main.o
 .text.MX_GPIO_Init
                0x0000000008000ee4      0x29c ./Core/Src/main.o
 .text.Error_Handler
                0x0000000008001180        0xa ./Core/Src/main.o
                0x0000000008001180                Error_Handler
 *fill*         0x000000000800118a        0x2 
 .text.HAL_MspInit
                0x000000000800118c       0x48 ./Core/Src/stm32g4xx_hal_msp.o
                0x000000000800118c                HAL_MspInit
 .text.HAL_ADC_MspInit
                0x00000000080011d4      0x10c ./Core/Src/stm32g4xx_hal_msp.o
                0x00000000080011d4                HAL_ADC_MspInit
 .text.HAL_SPI_MspInit
                0x00000000080012e0       0x88 ./Core/Src/stm32g4xx_hal_msp.o
                0x00000000080012e0                HAL_SPI_MspInit
 .text.HAL_TIM_Base_MspInit
                0x0000000008001368       0x40 ./Core/Src/stm32g4xx_hal_msp.o
                0x0000000008001368                HAL_TIM_Base_MspInit
 .text.HAL_FMC_MspInit
                0x00000000080013a8       0xb8 ./Core/Src/stm32g4xx_hal_msp.o
 .text.HAL_SRAM_MspInit
                0x0000000008001460       0x14 ./Core/Src/stm32g4xx_hal_msp.o
                0x0000000008001460                HAL_SRAM_MspInit
 .text.LL_TIM_ClearFlag_UPDATE
                0x0000000008001474       0x1c ./Core/Src/stm32g4xx_it.o
 .text.LL_TIM_IsActiveFlag_UPDATE
                0x0000000008001490       0x26 ./Core/Src/stm32g4xx_it.o
 .text.LL_TIM_IsEnabledIT_UPDATE
                0x00000000080014b6       0x26 ./Core/Src/stm32g4xx_it.o
 .text.LL_USART_IsActiveFlag_RXNE_RXFNE
                0x00000000080014dc       0x26 ./Core/Src/stm32g4xx_it.o
 .text.LL_USART_IsActiveFlag_TXE_TXFNF
                0x0000000008001502       0x26 ./Core/Src/stm32g4xx_it.o
 .text.LL_USART_IsEnabledIT_RXNE_RXFNE
                0x0000000008001528       0x26 ./Core/Src/stm32g4xx_it.o
 .text.LL_USART_IsEnabledIT_TXE_TXFNF
                0x000000000800154e       0x26 ./Core/Src/stm32g4xx_it.o
 .text.NMI_Handler
                0x0000000008001574        0x6 ./Core/Src/stm32g4xx_it.o
                0x0000000008001574                NMI_Handler
 .text.HardFault_Handler
                0x000000000800157a        0x6 ./Core/Src/stm32g4xx_it.o
                0x000000000800157a                HardFault_Handler
 .text.MemManage_Handler
                0x0000000008001580        0x6 ./Core/Src/stm32g4xx_it.o
                0x0000000008001580                MemManage_Handler
 .text.BusFault_Handler
                0x0000000008001586        0x6 ./Core/Src/stm32g4xx_it.o
                0x0000000008001586                BusFault_Handler
 .text.UsageFault_Handler
                0x000000000800158c        0x6 ./Core/Src/stm32g4xx_it.o
                0x000000000800158c                UsageFault_Handler
 .text.SVC_Handler
                0x0000000008001592        0xe ./Core/Src/stm32g4xx_it.o
                0x0000000008001592                SVC_Handler
 .text.DebugMon_Handler
                0x00000000080015a0        0xe ./Core/Src/stm32g4xx_it.o
                0x00000000080015a0                DebugMon_Handler
 .text.PendSV_Handler
                0x00000000080015ae        0xe ./Core/Src/stm32g4xx_it.o
                0x00000000080015ae                PendSV_Handler
 .text.SysTick_Handler
                0x00000000080015bc        0xc ./Core/Src/stm32g4xx_it.o
                0x00000000080015bc                SysTick_Handler
 .text.DMA1_Channel1_IRQHandler
                0x00000000080015c8       0x14 ./Core/Src/stm32g4xx_it.o
                0x00000000080015c8                DMA1_Channel1_IRQHandler
 .text.USART3_IRQHandler
                0x00000000080015dc       0x44 ./Core/Src/stm32g4xx_it.o
                0x00000000080015dc                USART3_IRQHandler
 .text.TIM6_DAC_IRQHandler
                0x0000000008001620       0x30 ./Core/Src/stm32g4xx_it.o
                0x0000000008001620                TIM6_DAC_IRQHandler
 .text._read    0x0000000008001650       0x3a ./Core/Src/syscalls.o
                0x0000000008001650                _read
 .text._close   0x000000000800168a       0x18 ./Core/Src/syscalls.o
                0x000000000800168a                _close
 .text._fstat   0x00000000080016a2       0x20 ./Core/Src/syscalls.o
                0x00000000080016a2                _fstat
 .text._isatty  0x00000000080016c2       0x16 ./Core/Src/syscalls.o
                0x00000000080016c2                _isatty
 .text._lseek   0x00000000080016d8       0x1a ./Core/Src/syscalls.o
                0x00000000080016d8                _lseek
 *fill*         0x00000000080016f2        0x2 
 .text._sbrk    0x00000000080016f4       0x6c ./Core/Src/sysmem.o
                0x00000000080016f4                _sbrk
 .text.SystemInit
                0x0000000008001760       0x24 ./Core/Src/system_stm32g4xx.o
                0x0000000008001760                SystemInit
 .text.Reset_Handler
                0x0000000008001784       0x50 ./Core/Startup/startup_stm32g474qetx.o
                0x0000000008001784                Reset_Handler
 .text.Default_Handler
                0x00000000080017d4        0x2 ./Core/Startup/startup_stm32g474qetx.o
                0x00000000080017d4                RTC_Alarm_IRQHandler
                0x00000000080017d4                EXTI2_IRQHandler
                0x00000000080017d4                TIM8_TRG_COM_IRQHandler
                0x00000000080017d4                TIM8_CC_IRQHandler
                0x00000000080017d4                HRTIM1_Master_IRQHandler
                0x00000000080017d4                SPI4_IRQHandler
                0x00000000080017d4                FDCAN3_IT0_IRQHandler
                0x00000000080017d4                TIM1_CC_IRQHandler
                0x00000000080017d4                HRTIM1_FLT_IRQHandler
                0x00000000080017d4                HRTIM1_TIMF_IRQHandler
                0x00000000080017d4                USB_HP_IRQHandler
                0x00000000080017d4                CORDIC_IRQHandler
                0x00000000080017d4                HRTIM1_TIMD_IRQHandler
                0x00000000080017d4                DMA2_Channel8_IRQHandler
                0x00000000080017d4                EXTI3_IRQHandler
                0x00000000080017d4                I2C3_ER_IRQHandler
                0x00000000080017d4                EXTI0_IRQHandler
                0x00000000080017d4                I2C2_EV_IRQHandler
                0x00000000080017d4                FPU_IRQHandler
                0x00000000080017d4                FDCAN1_IT1_IRQHandler
                0x00000000080017d4                TIM1_UP_TIM16_IRQHandler
                0x00000000080017d4                ADC1_2_IRQHandler
                0x00000000080017d4                HRTIM1_TIME_IRQHandler
                0x00000000080017d4                SPI1_IRQHandler
                0x00000000080017d4                HRTIM1_TIMC_IRQHandler
                0x00000000080017d4                TIM8_UP_IRQHandler
                0x00000000080017d4                DMA2_Channel2_IRQHandler
                0x00000000080017d4                DMA1_Channel4_IRQHandler
                0x00000000080017d4                TIM20_TRG_COM_IRQHandler
                0x00000000080017d4                DMA1_Channel7_IRQHandler
                0x00000000080017d4                UART5_IRQHandler
                0x00000000080017d4                ADC3_IRQHandler
                0x00000000080017d4                TIM4_IRQHandler
                0x00000000080017d4                DMA2_Channel1_IRQHandler
                0x00000000080017d4                QUADSPI_IRQHandler
                0x00000000080017d4                I2C1_EV_IRQHandler
                0x00000000080017d4                DMA1_Channel6_IRQHandler
                0x00000000080017d4                UART4_IRQHandler
                0x00000000080017d4                DMA2_Channel4_IRQHandler
                0x00000000080017d4                TIM3_IRQHandler
                0x00000000080017d4                RCC_IRQHandler
                0x00000000080017d4                TIM20_UP_IRQHandler
                0x00000000080017d4                Default_Handler
                0x00000000080017d4                DMA2_Channel7_IRQHandler
                0x00000000080017d4                RTC_TAMP_LSECSS_IRQHandler
                0x00000000080017d4                FMAC_IRQHandler
                0x00000000080017d4                EXTI15_10_IRQHandler
                0x00000000080017d4                DMA1_Channel8_IRQHandler
                0x00000000080017d4                HRTIM1_TIMA_IRQHandler
                0x00000000080017d4                TIM7_DAC_IRQHandler
                0x00000000080017d4                FDCAN3_IT1_IRQHandler
                0x00000000080017d4                TIM5_IRQHandler
                0x00000000080017d4                UCPD1_IRQHandler
                0x00000000080017d4                I2C3_EV_IRQHandler
                0x00000000080017d4                EXTI9_5_IRQHandler
                0x00000000080017d4                RTC_WKUP_IRQHandler
                0x00000000080017d4                PVD_PVM_IRQHandler
                0x00000000080017d4                SPI2_IRQHandler
                0x00000000080017d4                ADC5_IRQHandler
                0x00000000080017d4                DMA2_Channel5_IRQHandler
                0x00000000080017d4                CRS_IRQHandler
                0x00000000080017d4                DMA1_Channel5_IRQHandler
                0x00000000080017d4                USB_LP_IRQHandler
                0x00000000080017d4                EXTI4_IRQHandler
                0x00000000080017d4                RNG_IRQHandler
                0x00000000080017d4                HRTIM1_TIMB_IRQHandler
                0x00000000080017d4                TIM1_TRG_COM_TIM17_IRQHandler
                0x00000000080017d4                FDCAN2_IT1_IRQHandler
                0x00000000080017d4                DMA1_Channel3_IRQHandler
                0x00000000080017d4                ADC4_IRQHandler
                0x00000000080017d4                WWDG_IRQHandler
                0x00000000080017d4                I2C4_EV_IRQHandler
                0x00000000080017d4                FDCAN2_IT0_IRQHandler
                0x00000000080017d4                LPUART1_IRQHandler
                0x00000000080017d4                DMA2_Channel6_IRQHandler
                0x00000000080017d4                FDCAN1_IT0_IRQHandler
                0x00000000080017d4                TIM2_IRQHandler
                0x00000000080017d4                COMP7_IRQHandler
                0x00000000080017d4                COMP1_2_3_IRQHandler
                0x00000000080017d4                EXTI1_IRQHandler
                0x00000000080017d4                USART2_IRQHandler
                0x00000000080017d4                COMP4_5_6_IRQHandler
                0x00000000080017d4                TIM20_BRK_IRQHandler
                0x00000000080017d4                I2C2_ER_IRQHandler
                0x00000000080017d4                DMA1_Channel2_IRQHandler
                0x00000000080017d4                TIM8_BRK_IRQHandler
                0x00000000080017d4                FLASH_IRQHandler
                0x00000000080017d4                TIM20_CC_IRQHandler
                0x00000000080017d4                USART1_IRQHandler
                0x00000000080017d4                SPI3_IRQHandler
                0x00000000080017d4                I2C1_ER_IRQHandler
                0x00000000080017d4                FMC_IRQHandler
                0x00000000080017d4                LPTIM1_IRQHandler
                0x00000000080017d4                DMAMUX_OVR_IRQHandler
                0x00000000080017d4                I2C4_ER_IRQHandler
                0x00000000080017d4                USBWakeUp_IRQHandler
                0x00000000080017d4                SAI1_IRQHandler
                0x00000000080017d4                DMA2_Channel3_IRQHandler
                0x00000000080017d4                TIM1_BRK_TIM15_IRQHandler
 .text.HAL_Init
                0x00000000080017d6       0x30 ./Drivers/STM32G4xx_HAL_Driver/Src/stm32g4xx_hal.o
                0x00000000080017d6                HAL_Init
 *fill*         0x0000000008001806        0x2 
 .text.HAL_InitTick
                0x0000000008001808       0x74 ./Drivers/STM32G4xx_HAL_Driver/Src/stm32g4xx_hal.o
                0x0000000008001808                HAL_InitTick
 .text.HAL_IncTick
                0x000000000800187c       0x24 ./Drivers/STM32G4xx_HAL_Driver/Src/stm32g4xx_hal.o
                0x000000000800187c                HAL_IncTick
 .text.HAL_GetTick
                0x00000000080018a0       0x18 ./Drivers/STM32G4xx_HAL_Driver/Src/stm32g4xx_hal.o
                0x00000000080018a0                HAL_GetTick
 .text.HAL_Delay
                0x00000000080018b8       0x44 ./Drivers/STM32G4xx_HAL_Driver/Src/stm32g4xx_hal.o
                0x00000000080018b8                HAL_Delay
 .text.LL_ADC_SetCommonClock
                0x00000000080018fc       0x26 ./Drivers/STM32G4xx_HAL_Driver/Src/stm32g4xx_hal_adc.o
 .text.LL_ADC_SetCommonPathInternalCh
                0x0000000008001922       0x26 ./Drivers/STM32G4xx_HAL_Driver/Src/stm32g4xx_hal_adc.o
 .text.LL_ADC_GetCommonPathInternalCh
                0x0000000008001948       0x1c ./Drivers/STM32G4xx_HAL_Driver/Src/stm32g4xx_hal_adc.o
 .text.LL_ADC_SetOffset
                0x0000000008001964       0x48 ./Drivers/STM32G4xx_HAL_Driver/Src/stm32g4xx_hal_adc.o
 .text.LL_ADC_GetOffsetChannel
                0x00000000080019ac       0x2c ./Drivers/STM32G4xx_HAL_Driver/Src/stm32g4xx_hal_adc.o
 .text.LL_ADC_SetOffsetState
                0x00000000080019d8       0x36 ./Drivers/STM32G4xx_HAL_Driver/Src/stm32g4xx_hal_adc.o
 .text.LL_ADC_SetOffsetSign
                0x0000000008001a0e       0x36 ./Drivers/STM32G4xx_HAL_Driver/Src/stm32g4xx_hal_adc.o
 .text.LL_ADC_SetOffsetSaturation
                0x0000000008001a44       0x36 ./Drivers/STM32G4xx_HAL_Driver/Src/stm32g4xx_hal_adc.o
 .text.LL_ADC_SetSamplingTimeCommonConfig
                0x0000000008001a7a       0x26 ./Drivers/STM32G4xx_HAL_Driver/Src/stm32g4xx_hal_adc.o
 .text.LL_ADC_REG_IsTriggerSourceSWStart
                0x0000000008001aa0       0x26 ./Drivers/STM32G4xx_HAL_Driver/Src/stm32g4xx_hal_adc.o
 .text.LL_ADC_REG_SetSequencerRanks
                0x0000000008001ac6       0x58 ./Drivers/STM32G4xx_HAL_Driver/Src/stm32g4xx_hal_adc.o
 .text.LL_ADC_SetChannelSamplingTime
                0x0000000008001b1e       0x56 ./Drivers/STM32G4xx_HAL_Driver/Src/stm32g4xx_hal_adc.o
 .text.LL_ADC_SetChannelSingleDiff
                0x0000000008001b74       0x50 ./Drivers/STM32G4xx_HAL_Driver/Src/stm32g4xx_hal_adc.o
 .text.LL_ADC_GetMultimode
                0x0000000008001bc4       0x1c ./Drivers/STM32G4xx_HAL_Driver/Src/stm32g4xx_hal_adc.o
 .text.LL_ADC_DisableDeepPowerDown
                0x0000000008001be0       0x24 ./Drivers/STM32G4xx_HAL_Driver/Src/stm32g4xx_hal_adc.o
 .text.LL_ADC_IsDeepPowerDownEnabled
                0x0000000008001c04       0x28 ./Drivers/STM32G4xx_HAL_Driver/Src/stm32g4xx_hal_adc.o
 .text.LL_ADC_EnableInternalRegulator
                0x0000000008001c2c       0x28 ./Drivers/STM32G4xx_HAL_Driver/Src/stm32g4xx_hal_adc.o
 .text.LL_ADC_IsInternalRegulatorEnabled
                0x0000000008001c54       0x28 ./Drivers/STM32G4xx_HAL_Driver/Src/stm32g4xx_hal_adc.o
 .text.LL_ADC_Enable
                0x0000000008001c7c       0x28 ./Drivers/STM32G4xx_HAL_Driver/Src/stm32g4xx_hal_adc.o
 .text.LL_ADC_Disable
                0x0000000008001ca4       0x28 ./Drivers/STM32G4xx_HAL_Driver/Src/stm32g4xx_hal_adc.o
 .text.LL_ADC_IsEnabled
                0x0000000008001ccc       0x26 ./Drivers/STM32G4xx_HAL_Driver/Src/stm32g4xx_hal_adc.o
 .text.LL_ADC_IsDisableOngoing
                0x0000000008001cf2       0x26 ./Drivers/STM32G4xx_HAL_Driver/Src/stm32g4xx_hal_adc.o
 .text.LL_ADC_REG_StartConversion
                0x0000000008001d18       0x28 ./Drivers/STM32G4xx_HAL_Driver/Src/stm32g4xx_hal_adc.o
 .text.LL_ADC_REG_IsConversionOngoing
                0x0000000008001d40       0x26 ./Drivers/STM32G4xx_HAL_Driver/Src/stm32g4xx_hal_adc.o
 .text.LL_ADC_INJ_IsConversionOngoing
                0x0000000008001d66       0x26 ./Drivers/STM32G4xx_HAL_Driver/Src/stm32g4xx_hal_adc.o
 .text.HAL_ADC_Init
                0x0000000008001d8c      0x384 ./Drivers/STM32G4xx_HAL_Driver/Src/stm32g4xx_hal_adc.o
                0x0000000008001d8c                HAL_ADC_Init
 .text.HAL_ADC_Start_DMA
                0x0000000008002110      0x1a8 ./Drivers/STM32G4xx_HAL_Driver/Src/stm32g4xx_hal_adc.o
                0x0000000008002110                HAL_ADC_Start_DMA
 .text.HAL_ADC_ConvCpltCallback
                0x00000000080022b8       0x14 ./Drivers/STM32G4xx_HAL_Driver/Src/stm32g4xx_hal_adc.o
                0x00000000080022b8                HAL_ADC_ConvCpltCallback
 .text.HAL_ADC_ConvHalfCpltCallback
                0x00000000080022cc       0x14 ./Drivers/STM32G4xx_HAL_Driver/Src/stm32g4xx_hal_adc.o
                0x00000000080022cc                HAL_ADC_ConvHalfCpltCallback
 .text.HAL_ADC_ErrorCallback
                0x00000000080022e0       0x14 ./Drivers/STM32G4xx_HAL_Driver/Src/stm32g4xx_hal_adc.o
                0x00000000080022e0                HAL_ADC_ErrorCallback
 .text.HAL_ADC_ConfigChannel
                0x00000000080022f4      0x880 ./Drivers/STM32G4xx_HAL_Driver/Src/stm32g4xx_hal_adc.o
                0x00000000080022f4                HAL_ADC_ConfigChannel
 .text.ADC_Enable
                0x0000000008002b74       0xc4 ./Drivers/STM32G4xx_HAL_Driver/Src/stm32g4xx_hal_adc.o
                0x0000000008002b74                ADC_Enable
 .text.ADC_Disable
                0x0000000008002c38       0xbe ./Drivers/STM32G4xx_HAL_Driver/Src/stm32g4xx_hal_adc.o
                0x0000000008002c38                ADC_Disable
 .text.ADC_DMAConvCplt
                0x0000000008002cf6       0xd8 ./Drivers/STM32G4xx_HAL_Driver/Src/stm32g4xx_hal_adc.o
                0x0000000008002cf6                ADC_DMAConvCplt
 .text.ADC_DMAHalfConvCplt
                0x0000000008002dce       0x1c ./Drivers/STM32G4xx_HAL_Driver/Src/stm32g4xx_hal_adc.o
                0x0000000008002dce                ADC_DMAHalfConvCplt
 .text.ADC_DMAError
                0x0000000008002dea       0x34 ./Drivers/STM32G4xx_HAL_Driver/Src/stm32g4xx_hal_adc.o
                0x0000000008002dea                ADC_DMAError
 .text.LL_ADC_StartCalibration
                0x0000000008002e1e       0x32 ./Drivers/STM32G4xx_HAL_Driver/Src/stm32g4xx_hal_adc_ex.o
 .text.LL_ADC_IsCalibrationOnGoing
                0x0000000008002e50       0x28 ./Drivers/STM32G4xx_HAL_Driver/Src/stm32g4xx_hal_adc_ex.o
 .text.HAL_ADCEx_Calibration_Start
                0x0000000008002e78       0xc4 ./Drivers/STM32G4xx_HAL_Driver/Src/stm32g4xx_hal_adc_ex.o
                0x0000000008002e78                HAL_ADCEx_Calibration_Start
 .text.__NVIC_SetPriorityGrouping
                0x0000000008002f3c       0x48 ./Drivers/STM32G4xx_HAL_Driver/Src/stm32g4xx_hal_cortex.o
 .text.__NVIC_GetPriorityGrouping
                0x0000000008002f84       0x1c ./Drivers/STM32G4xx_HAL_Driver/Src/stm32g4xx_hal_cortex.o
 .text.__NVIC_EnableIRQ
                0x0000000008002fa0       0x3c ./Drivers/STM32G4xx_HAL_Driver/Src/stm32g4xx_hal_cortex.o
 .text.__NVIC_SetPriority
                0x0000000008002fdc       0x54 ./Drivers/STM32G4xx_HAL_Driver/Src/stm32g4xx_hal_cortex.o
 .text.NVIC_EncodePriority
                0x0000000008003030       0x66 ./Drivers/STM32G4xx_HAL_Driver/Src/stm32g4xx_hal_cortex.o
 *fill*         0x0000000008003096        0x2 
 .text.SysTick_Config
                0x0000000008003098       0x44 ./Drivers/STM32G4xx_HAL_Driver/Src/stm32g4xx_hal_cortex.o
 .text.HAL_NVIC_SetPriorityGrouping
                0x00000000080030dc       0x16 ./Drivers/STM32G4xx_HAL_Driver/Src/stm32g4xx_hal_cortex.o
                0x00000000080030dc                HAL_NVIC_SetPriorityGrouping
 .text.HAL_NVIC_SetPriority
                0x00000000080030f2       0x34 ./Drivers/STM32G4xx_HAL_Driver/Src/stm32g4xx_hal_cortex.o
                0x00000000080030f2                HAL_NVIC_SetPriority
 .text.HAL_NVIC_EnableIRQ
                0x0000000008003126       0x1c ./Drivers/STM32G4xx_HAL_Driver/Src/stm32g4xx_hal_cortex.o
                0x0000000008003126                HAL_NVIC_EnableIRQ
 .text.HAL_SYSTICK_Config
                0x0000000008003142       0x18 ./Drivers/STM32G4xx_HAL_Driver/Src/stm32g4xx_hal_cortex.o
                0x0000000008003142                HAL_SYSTICK_Config
 *fill*         0x000000000800315a        0x2 
 .text.HAL_DMA_Init
                0x000000000800315c      0x150 ./Drivers/STM32G4xx_HAL_Driver/Src/stm32g4xx_hal_dma.o
                0x000000000800315c                HAL_DMA_Init
 .text.HAL_DMA_Start_IT
                0x00000000080032ac       0xf6 ./Drivers/STM32G4xx_HAL_Driver/Src/stm32g4xx_hal_dma.o
                0x00000000080032ac                HAL_DMA_Start_IT
 .text.HAL_DMA_IRQHandler
                0x00000000080033a2      0x15e ./Drivers/STM32G4xx_HAL_Driver/Src/stm32g4xx_hal_dma.o
                0x00000000080033a2                HAL_DMA_IRQHandler
 .text.DMA_SetConfig
                0x0000000008003500       0x7c ./Drivers/STM32G4xx_HAL_Driver/Src/stm32g4xx_hal_dma.o
 .text.DMA_CalcDMAMUXChannelBaseAndMask
                0x000000000800357c       0x7c ./Drivers/STM32G4xx_HAL_Driver/Src/stm32g4xx_hal_dma.o
 .text.DMA_CalcDMAMUXRequestGenBaseAndMask
                0x00000000080035f8       0x48 ./Drivers/STM32G4xx_HAL_Driver/Src/stm32g4xx_hal_dma.o
 .text.HAL_GPIO_Init
                0x0000000008003640      0x304 ./Drivers/STM32G4xx_HAL_Driver/Src/stm32g4xx_hal_gpio.o
                0x0000000008003640                HAL_GPIO_Init
 .text.HAL_PWR_EnterSLEEPMode
                0x0000000008003944       0x64 ./Drivers/STM32G4xx_HAL_Driver/Src/stm32g4xx_hal_pwr.o
                0x0000000008003944                HAL_PWR_EnterSLEEPMode
 .text.HAL_PWREx_ControlVoltageScaling
                0x00000000080039a8      0x148 ./Drivers/STM32G4xx_HAL_Driver/Src/stm32g4xx_hal_pwr_ex.o
                0x00000000080039a8                HAL_PWREx_ControlVoltageScaling
 .text.HAL_PWREx_EnableLowPowerRunMode
                0x0000000008003af0       0x20 ./Drivers/STM32G4xx_HAL_Driver/Src/stm32g4xx_hal_pwr_ex.o
                0x0000000008003af0                HAL_PWREx_EnableLowPowerRunMode
 .text.HAL_PWREx_DisableLowPowerRunMode
                0x0000000008003b10       0x70 ./Drivers/STM32G4xx_HAL_Driver/Src/stm32g4xx_hal_pwr_ex.o
                0x0000000008003b10                HAL_PWREx_DisableLowPowerRunMode
 .text.HAL_PWREx_DisableUCPDDeadBattery
                0x0000000008003b80       0x20 ./Drivers/STM32G4xx_HAL_Driver/Src/stm32g4xx_hal_pwr_ex.o
                0x0000000008003b80                HAL_PWREx_DisableUCPDDeadBattery
 .text.HAL_RCC_OscConfig
                0x0000000008003ba0      0x630 ./Drivers/STM32G4xx_HAL_Driver/Src/stm32g4xx_hal_rcc.o
                0x0000000008003ba0                HAL_RCC_OscConfig
 .text.HAL_RCC_ClockConfig
                0x00000000080041d0      0x278 ./Drivers/STM32G4xx_HAL_Driver/Src/stm32g4xx_hal_rcc.o
                0x00000000080041d0                HAL_RCC_ClockConfig
 .text.HAL_RCC_GetSysClockFreq
                0x0000000008004448       0xc4 ./Drivers/STM32G4xx_HAL_Driver/Src/stm32g4xx_hal_rcc.o
                0x0000000008004448                HAL_RCC_GetSysClockFreq
 .text.RCC_GetSysClockFreqFromPLLSource
                0x000000000800450c       0x8c ./Drivers/STM32G4xx_HAL_Driver/Src/stm32g4xx_hal_rcc.o
 .text.HAL_RCCEx_PeriphCLKConfig
                0x0000000008004598      0x49c ./Drivers/STM32G4xx_HAL_Driver/Src/stm32g4xx_hal_rcc_ex.o
                0x0000000008004598                HAL_RCCEx_PeriphCLKConfig
 .text.HAL_SPI_Init
                0x0000000008004a34      0x156 ./Drivers/STM32G4xx_HAL_Driver/Src/stm32g4xx_hal_spi.o
                0x0000000008004a34                HAL_SPI_Init
 .text.HAL_SPI_Transmit
                0x0000000008004b8a      0x2dc ./Drivers/STM32G4xx_HAL_Driver/Src/stm32g4xx_hal_spi.o
                0x0000000008004b8a                HAL_SPI_Transmit
 .text.HAL_SPI_TransmitReceive
                0x0000000008004e66      0x426 ./Drivers/STM32G4xx_HAL_Driver/Src/stm32g4xx_hal_spi.o
                0x0000000008004e66                HAL_SPI_TransmitReceive
 .text.SPI_WaitFlagStateUntilTimeout
                0x000000000800528c      0x110 ./Drivers/STM32G4xx_HAL_Driver/Src/stm32g4xx_hal_spi.o
 .text.SPI_WaitFifoStateUntilTimeout
                0x000000000800539c      0x12c ./Drivers/STM32G4xx_HAL_Driver/Src/stm32g4xx_hal_spi.o
 .text.SPI_EndRxTxTransaction
                0x00000000080054c8       0x8c ./Drivers/STM32G4xx_HAL_Driver/Src/stm32g4xx_hal_spi.o
 .text.HAL_SRAM_Init
                0x0000000008005554       0x90 ./Drivers/STM32G4xx_HAL_Driver/Src/stm32g4xx_hal_sram.o
                0x0000000008005554                HAL_SRAM_Init
 .text.HAL_TIM_Base_Init
                0x00000000080055e4       0xae ./Drivers/STM32G4xx_HAL_Driver/Src/stm32g4xx_hal_tim.o
                0x00000000080055e4                HAL_TIM_Base_Init
 *fill*         0x0000000008005692        0x2 
 .text.HAL_TIM_Base_Start
                0x0000000008005694       0xe0 ./Drivers/STM32G4xx_HAL_Driver/Src/stm32g4xx_hal_tim.o
                0x0000000008005694                HAL_TIM_Base_Start
 .text.HAL_TIM_ConfigClockSource
                0x0000000008005774      0x22c ./Drivers/STM32G4xx_HAL_Driver/Src/stm32g4xx_hal_tim.o
                0x0000000008005774                HAL_TIM_ConfigClockSource
 .text.TIM_Base_SetConfig
                0x00000000080059a0      0x150 ./Drivers/STM32G4xx_HAL_Driver/Src/stm32g4xx_hal_tim.o
                0x00000000080059a0                TIM_Base_SetConfig
 .text.TIM_TI1_ConfigInputStage
                0x0000000008005af0       0x5e ./Drivers/STM32G4xx_HAL_Driver/Src/stm32g4xx_hal_tim.o
 .text.TIM_TI2_ConfigInputStage
                0x0000000008005b4e       0x60 ./Drivers/STM32G4xx_HAL_Driver/Src/stm32g4xx_hal_tim.o
 .text.TIM_ITRx_SetConfig
                0x0000000008005bae       0x3a ./Drivers/STM32G4xx_HAL_Driver/Src/stm32g4xx_hal_tim.o
 .text.TIM_ETR_SetConfig
                0x0000000008005be8       0x40 ./Drivers/STM32G4xx_HAL_Driver/Src/stm32g4xx_hal_tim.o
                0x0000000008005be8                TIM_ETR_SetConfig
 .text.HAL_TIMEx_MasterConfigSynchronization
                0x0000000008005c28      0x12c ./Drivers/STM32G4xx_HAL_Driver/Src/stm32g4xx_hal_tim_ex.o
                0x0000000008005c28                HAL_TIMEx_MasterConfigSynchronization
 .text.FMC_NORSRAM_Init
                0x0000000008005d54      0x1a0 ./Drivers/STM32G4xx_HAL_Driver/Src/stm32g4xx_ll_fmc.o
                0x0000000008005d54                FMC_NORSRAM_Init
 .text.FMC_NORSRAM_Timing_Init
                0x0000000008005ef4       0xa4 ./Drivers/STM32G4xx_HAL_Driver/Src/stm32g4xx_ll_fmc.o
                0x0000000008005ef4                FMC_NORSRAM_Timing_Init
 .text.FMC_NORSRAM_Extended_Timing_Init
                0x0000000008005f98       0x74 ./Drivers/STM32G4xx_HAL_Driver/Src/stm32g4xx_ll_fmc.o
                0x0000000008005f98                FMC_NORSRAM_Extended_Timing_Init
 .text.LL_GPIO_SetPinMode
                0x000000000800600c       0x7a ./Drivers/STM32G4xx_HAL_Driver/Src/stm32g4xx_ll_gpio.o
 .text.LL_GPIO_SetPinOutputType
                0x0000000008006086       0x30 ./Drivers/STM32G4xx_HAL_Driver/Src/stm32g4xx_ll_gpio.o
 .text.LL_GPIO_SetPinSpeed
                0x00000000080060b6       0x7a ./Drivers/STM32G4xx_HAL_Driver/Src/stm32g4xx_ll_gpio.o
 .text.LL_GPIO_SetPinPull
                0x0000000008006130       0x7a ./Drivers/STM32G4xx_HAL_Driver/Src/stm32g4xx_ll_gpio.o
 .text.LL_GPIO_SetAFPin_0_7
                0x00000000080061aa       0x7a ./Drivers/STM32G4xx_HAL_Driver/Src/stm32g4xx_ll_gpio.o
 .text.LL_GPIO_SetAFPin_8_15
                0x0000000008006224       0x7e ./Drivers/STM32G4xx_HAL_Driver/Src/stm32g4xx_ll_gpio.o
 .text.LL_GPIO_Init
                0x00000000080062a2       0xdc ./Drivers/STM32G4xx_HAL_Driver/Src/stm32g4xx_ll_gpio.o
                0x00000000080062a2                LL_GPIO_Init
 *fill*         0x000000000800637e        0x2 
 .text.LL_RCC_HSI_IsReady
                0x0000000008006380       0x28 ./Drivers/STM32G4xx_HAL_Driver/Src/stm32g4xx_ll_rcc.o
 .text.LL_RCC_LSE_IsReady
                0x00000000080063a8       0x28 ./Drivers/STM32G4xx_HAL_Driver/Src/stm32g4xx_ll_rcc.o
 .text.LL_RCC_GetSysClkSource
                0x00000000080063d0       0x1c ./Drivers/STM32G4xx_HAL_Driver/Src/stm32g4xx_ll_rcc.o
 .text.LL_RCC_GetAHBPrescaler
                0x00000000080063ec       0x1c ./Drivers/STM32G4xx_HAL_Driver/Src/stm32g4xx_ll_rcc.o
 .text.LL_RCC_GetAPB1Prescaler
                0x0000000008006408       0x1c ./Drivers/STM32G4xx_HAL_Driver/Src/stm32g4xx_ll_rcc.o
 .text.LL_RCC_GetAPB2Prescaler
                0x0000000008006424       0x1c ./Drivers/STM32G4xx_HAL_Driver/Src/stm32g4xx_ll_rcc.o
 .text.LL_RCC_GetUSARTClockSource
                0x0000000008006440       0x28 ./Drivers/STM32G4xx_HAL_Driver/Src/stm32g4xx_ll_rcc.o
 .text.LL_RCC_GetUARTClockSource
                0x0000000008006468       0x28 ./Drivers/STM32G4xx_HAL_Driver/Src/stm32g4xx_ll_rcc.o
 .text.LL_RCC_PLL_GetMainSource
                0x0000000008006490       0x1c ./Drivers/STM32G4xx_HAL_Driver/Src/stm32g4xx_ll_rcc.o
 .text.LL_RCC_PLL_GetN
                0x00000000080064ac       0x1c ./Drivers/STM32G4xx_HAL_Driver/Src/stm32g4xx_ll_rcc.o
 .text.LL_RCC_PLL_GetR
                0x00000000080064c8       0x1c ./Drivers/STM32G4xx_HAL_Driver/Src/stm32g4xx_ll_rcc.o
 .text.LL_RCC_PLL_GetDivider
                0x00000000080064e4       0x1c ./Drivers/STM32G4xx_HAL_Driver/Src/stm32g4xx_ll_rcc.o
 .text.LL_RCC_GetUSARTClockFreq
                0x0000000008006500      0x18c ./Drivers/STM32G4xx_HAL_Driver/Src/stm32g4xx_ll_rcc.o
                0x0000000008006500                LL_RCC_GetUSARTClockFreq
 .text.LL_RCC_GetUARTClockFreq
                0x000000000800668c      0x114 ./Drivers/STM32G4xx_HAL_Driver/Src/stm32g4xx_ll_rcc.o
                0x000000000800668c                LL_RCC_GetUARTClockFreq
 .text.RCC_GetSystemClockFreq
                0x00000000080067a0       0x4c ./Drivers/STM32G4xx_HAL_Driver/Src/stm32g4xx_ll_rcc.o
 .text.RCC_GetHCLKClockFreq
                0x00000000080067ec       0x30 ./Drivers/STM32G4xx_HAL_Driver/Src/stm32g4xx_ll_rcc.o
 .text.RCC_GetPCLK1ClockFreq
                0x000000000800681c       0x2c ./Drivers/STM32G4xx_HAL_Driver/Src/stm32g4xx_ll_rcc.o
 .text.RCC_GetPCLK2ClockFreq
                0x0000000008006848       0x2c ./Drivers/STM32G4xx_HAL_Driver/Src/stm32g4xx_ll_rcc.o
 .text.RCC_PLL_GetFreqDomain_SYS
                0x0000000008006874       0x68 ./Drivers/STM32G4xx_HAL_Driver/Src/stm32g4xx_ll_rcc.o
 .text.LL_TIM_SetPrescaler
                0x00000000080068dc       0x1c ./Drivers/STM32G4xx_HAL_Driver/Src/stm32g4xx_ll_tim.o
 .text.LL_TIM_SetAutoReload
                0x00000000080068f8       0x1c ./Drivers/STM32G4xx_HAL_Driver/Src/stm32g4xx_ll_tim.o
 .text.LL_TIM_SetRepetitionCounter
                0x0000000008006914       0x1c ./Drivers/STM32G4xx_HAL_Driver/Src/stm32g4xx_ll_tim.o
 .text.LL_TIM_OC_SetCompareCH1
                0x0000000008006930       0x1c ./Drivers/STM32G4xx_HAL_Driver/Src/stm32g4xx_ll_tim.o
 .text.LL_TIM_OC_SetCompareCH2
                0x000000000800694c       0x1c ./Drivers/STM32G4xx_HAL_Driver/Src/stm32g4xx_ll_tim.o
 .text.LL_TIM_OC_SetCompareCH3
                0x0000000008006968       0x1c ./Drivers/STM32G4xx_HAL_Driver/Src/stm32g4xx_ll_tim.o
 .text.LL_TIM_OC_SetCompareCH4
                0x0000000008006984       0x1c ./Drivers/STM32G4xx_HAL_Driver/Src/stm32g4xx_ll_tim.o
 .text.LL_TIM_OC_SetCompareCH5
                0x00000000080069a0       0x20 ./Drivers/STM32G4xx_HAL_Driver/Src/stm32g4xx_ll_tim.o
 .text.LL_TIM_OC_SetCompareCH6
                0x00000000080069c0       0x1c ./Drivers/STM32G4xx_HAL_Driver/Src/stm32g4xx_ll_tim.o
 .text.LL_TIM_GenerateEvent_UPDATE
                0x00000000080069dc       0x20 ./Drivers/STM32G4xx_HAL_Driver/Src/stm32g4xx_ll_tim.o
 .text.LL_TIM_Init
                0x00000000080069fc      0x144 ./Drivers/STM32G4xx_HAL_Driver/Src/stm32g4xx_ll_tim.o
                0x00000000080069fc                LL_TIM_Init
 .text.LL_TIM_OC_Init
                0x0000000008006b40       0xbe ./Drivers/STM32G4xx_HAL_Driver/Src/stm32g4xx_ll_tim.o
                0x0000000008006b40                LL_TIM_OC_Init
 *fill*         0x0000000008006bfe        0x2 
 .text.OC1Config
                0x0000000008006c00      0x10c ./Drivers/STM32G4xx_HAL_Driver/Src/stm32g4xx_ll_tim.o
 .text.OC2Config
                0x0000000008006d0c      0x114 ./Drivers/STM32G4xx_HAL_Driver/Src/stm32g4xx_ll_tim.o
 .text.OC3Config
                0x0000000008006e20      0x114 ./Drivers/STM32G4xx_HAL_Driver/Src/stm32g4xx_ll_tim.o
 .text.OC4Config
                0x0000000008006f34      0x114 ./Drivers/STM32G4xx_HAL_Driver/Src/stm32g4xx_ll_tim.o
 .text.OC5Config
                0x0000000008007048       0xd4 ./Drivers/STM32G4xx_HAL_Driver/Src/stm32g4xx_ll_tim.o
 .text.OC6Config
                0x000000000800711c       0xd4 ./Drivers/STM32G4xx_HAL_Driver/Src/stm32g4xx_ll_tim.o
 .text.LL_USART_IsEnabled
                0x00000000080071f0       0x26 ./Drivers/STM32G4xx_HAL_Driver/Src/stm32g4xx_ll_usart.o
 .text.LL_USART_SetPrescaler
                0x0000000008007216       0x28 ./Drivers/STM32G4xx_HAL_Driver/Src/stm32g4xx_ll_usart.o
 .text.LL_USART_SetStopBitsLength
                0x000000000800723e       0x26 ./Drivers/STM32G4xx_HAL_Driver/Src/stm32g4xx_ll_usart.o
 .text.LL_USART_SetHWFlowCtrl
                0x0000000008007264       0x26 ./Drivers/STM32G4xx_HAL_Driver/Src/stm32g4xx_ll_usart.o
 *fill*         0x000000000800728a        0x2 
 .text.LL_USART_SetBaudRate
                0x000000000800728c       0xa0 ./Drivers/STM32G4xx_HAL_Driver/Src/stm32g4xx_ll_usart.o
 .text.LL_USART_Init
                0x000000000800732c      0x10c ./Drivers/STM32G4xx_HAL_Driver/Src/stm32g4xx_ll_usart.o
                0x000000000800732c                LL_USART_Init
 .text.LL_GPIO_IsOutputPinSet
                0x0000000008007438       0x2a ./System/LED.o
 .text.LL_GPIO_SetOutputPin
                0x0000000008007462       0x1c ./System/LED.o
 .text.LL_GPIO_ResetOutputPin
                0x000000000800747e       0x1c ./System/LED.o
 .text.LL_GPIO_TogglePin
                0x000000000800749a       0x32 ./System/LED.o
 .text.LED_init
                0x00000000080074cc       0x7c ./System/LED.o
                0x00000000080074cc                LED_init
 .text.LED_on   0x0000000008007548       0x30 ./System/LED.o
                0x0000000008007548                LED_on
 .text.LED_off  0x0000000008007578       0x30 ./System/LED.o
                0x0000000008007578                LED_off
 .text.LED_toggle
                0x00000000080075a8       0x30 ./System/LED.o
                0x00000000080075a8                LED_toggle
 .text.LEDs_on  0x00000000080075d8       0x5c ./System/LED.o
                0x00000000080075d8                LEDs_on
 .text.LEDs_off
                0x0000000008007634       0x5c ./System/LED.o
                0x0000000008007634                LEDs_off
 .text.LEDs_write
                0x0000000008007690       0x4e ./System/LED.o
                0x0000000008007690                LEDs_write
 *fill*         0x00000000080076de        0x2 
 .text.LEDs_read
                0x00000000080076e0       0x5c ./System/LED.o
                0x00000000080076e0                LEDs_read
 .text.LL_USART_IsActiveFlag_TXE_TXFNF
                0x000000000800773c       0x26 ./System/SCI.o
 .text.LL_USART_EnableIT_RXNE_RXFNE
                0x0000000008007762       0x42 ./System/SCI.o
 .text.LL_USART_DisableIT_TXE_TXFNF
                0x00000000080077a4       0x42 ./System/SCI.o
 .text.LL_USART_ReceiveData8
                0x00000000080077e6       0x1a ./System/SCI.o
 .text.LL_USART_TransmitData8
                0x0000000008007800       0x1e ./System/SCI.o
 *fill*         0x000000000800781e        0x2 
 .text.SCI_init
                0x0000000008007820       0x5c ./System/SCI.o
                0x0000000008007820                SCI_init
 .text.SCI_send_byte
                0x000000000800787c       0x38 ./System/SCI.o
                0x000000000800787c                SCI_send_byte
 .text.SCI_send_bytes
                0x00000000080078b4       0x36 ./System/SCI.o
                0x00000000080078b4                SCI_send_bytes
 .text._write   0x00000000080078ea       0x20 ./System/SCI.o
                0x00000000080078ea                _write
 *fill*         0x000000000800790a        0x2 
 .text.SCI_receive_char_Callback
                0x000000000800790c       0x24 ./System/SCI.o
                0x000000000800790c                SCI_receive_char_Callback
 .text.SCI_transmit_char_Callback
                0x0000000008007930       0x50 ./System/SCI.o
                0x0000000008007930                SCI_transmit_char_Callback
 .text.XPT2046_TouchSelect
                0x0000000008007980       0x18 ./System/XPT2046_touch.o
 .text.XPT2046_TouchUnselect
                0x0000000008007998       0x18 ./System/XPT2046_touch.o
 .text.XPT2046_touch_pressed
                0x00000000080079b0       0x24 ./System/XPT2046_touch.o
                0x00000000080079b0                XPT2046_touch_pressed
 .text.XPT2046_touch_get_coordinates
                0x00000000080079d4      0x15c ./System/XPT2046_touch.o
                0x00000000080079d4                XPT2046_touch_get_coordinates
 .text.XPT2046_touch_get_coordinates_if_pressed
                0x0000000008007b30       0x2a ./System/XPT2046_touch.o
                0x0000000008007b30                XPT2046_touch_get_coordinates_if_pressed
 .text.BUF_init
                0x0000000008007b5a       0x26 ./System/buf.o
                0x0000000008007b5a                BUF_init
 .text.BUF_flush
                0x0000000008007b80       0x30 ./System/buf.o
                0x0000000008007b80                BUF_flush
 .text.BUF_store_byte
                0x0000000008007bb0       0x7e ./System/buf.o
                0x0000000008007bb0                BUF_store_byte
 .text.BUF_get_byte
                0x0000000008007c2e       0x64 ./System/buf.o
                0x0000000008007c2e                BUF_get_byte
 .text.BUF_get_data_size
                0x0000000008007c92       0x18 ./System/buf.o
                0x0000000008007c92                BUF_get_data_size
 .text.LL_GPIO_IsInputPinSet
                0x0000000008007caa       0x2a ./System/joystick.o
 .text.JOY_init
                0x0000000008007cd4       0xa0 ./System/joystick.o
                0x0000000008007cd4                JOY_init
 .text.JOY_scan_button
                0x0000000008007d74       0x48 ./System/joystick.o
                0x0000000008007d74                JOY_scan_button
 .text.JOY_get_pressed_key
                0x0000000008007dbc       0x2c ./System/joystick.o
                0x0000000008007dbc                JOY_get_pressed_key
 .text.JOY_calibrate
                0x0000000008007de8       0xe8 ./System/joystick.o
                0x0000000008007de8                JOY_calibrate
 .text.JOY_get_axis_position
                0x0000000008007ed0       0x68 ./System/joystick.o
                0x0000000008007ed0                JOY_get_axis_position
 .text.JOY_LED_demo
                0x0000000008007f38       0x82 ./System/joystick.o
                0x0000000008007f38                JOY_LED_demo
 .text.LL_GPIO_IsInputPinSet
                0x0000000008007fba       0x2a ./System/kbd.o
 .text.KBD_init
                0x0000000008007fe4       0xb4 ./System/kbd.o
                0x0000000008007fe4                KBD_init
 .text.KBD_scan
                0x0000000008008098       0xc8 ./System/kbd.o
                0x0000000008008098                KBD_scan
 .text.KBD_get_pressed_key
                0x0000000008008160       0x28 ./System/kbd.o
                0x0000000008008160                KBD_get_pressed_key
 .text.KBD_demo_toggle_LEDs_if_buttons_pressed
                0x0000000008008188       0x80 ./System/kbd.o
                0x0000000008008188                KBD_demo_toggle_LEDs_if_buttons_pressed
 .text.LCD_IO_Init
                0x0000000008008208       0x24 ./System/lcd.o
 .text.LCD_FillRect
                0x000000000800822c       0x56 ./System/lcd.o
                0x000000000800822c                LCD_FillRect
 .text.LCD_Init
                0x0000000008008282       0x24 ./System/lcd.o
                0x0000000008008282                LCD_Init
 .text.LCD_ClearScreen
                0x00000000080082a6       0x2c ./System/lcd.o
                0x00000000080082a6                LCD_ClearScreen
 .text.UserPixelSetFunction
                0x00000000080082d2       0x2a ./System/lcd.o
                0x00000000080082d2                UserPixelSetFunction
 .text._HW_FillFrame_
                0x00000000080082fc       0x2c ./System/lcd.o
                0x00000000080082fc                _HW_FillFrame_
 .text.LCD_uGUI_init
                0x0000000008008328       0x58 ./System/lcd.o
                0x0000000008008328                LCD_uGUI_init
 .text.LCD_uGUI_demo_Misko3
                0x0000000008008380       0xe4 ./System/lcd.o
                0x0000000008008380                LCD_uGUI_demo_Misko3
 .text.LCD_TCH_demo
                0x0000000008008464       0x5c ./System/lcd.o
                0x0000000008008464                LCD_TCH_demo
 .text.LL_TIM_EnableCounter
                0x00000000080084c0       0x20 ./System/lcd_backlight.o
 .text.LL_TIM_CC_EnableChannel
                0x00000000080084e0       0x22 ./System/lcd_backlight.o
 .text.LL_TIM_OC_SetCompareCH1
                0x0000000008008502       0x1c ./System/lcd_backlight.o
 .text.LL_TIM_OC_GetCompareCH1
                0x000000000800851e       0x18 ./System/lcd_backlight.o
 *fill*         0x0000000008008536        0x2 
 .text.LCD_BKLT_init
                0x0000000008008538       0x54 ./System/lcd_backlight.o
                0x0000000008008538                LCD_BKLT_init
 .text.LCD_BKLT_on
                0x000000000800858c       0x1c ./System/lcd_backlight.o
                0x000000000800858c                LCD_BKLT_on
 .text.FMC_BANK1_SetAddress
                0x00000000080085a8       0x24 ./System/lcd_ili9341.o
 .text.FMC_BANK1_WriteData
                0x00000000080085cc       0x28 ./System/lcd_ili9341.o
 .text.ILI9341_SetAddress
                0x00000000080085f4       0x1a ./System/lcd_ili9341.o
                0x00000000080085f4                ILI9341_SetAddress
 .text.ILI9341_SendData
                0x000000000800860e       0x44 ./System/lcd_ili9341.o
                0x000000000800860e                ILI9341_SendData
 .text.ILI9341_SendRepeatedData
                0x0000000008008652       0x3e ./System/lcd_ili9341.o
                0x0000000008008652                ILI9341_SendRepeatedData
 .text.ILI9341_SetOrientation
                0x0000000008008690       0x70 ./System/lcd_ili9341.o
                0x0000000008008690                ILI9341_SetOrientation
 .text.ILI9341_SetDisplayWindow
                0x0000000008008700       0xc4 ./System/lcd_ili9341.o
                0x0000000008008700                ILI9341_SetDisplayWindow
 .text.ILI9341_Init
                0x00000000080087c4       0xec ./System/lcd_ili9341.o
                0x00000000080087c4                ILI9341_Init
 .text.ILI9341_WaitTransfer
                0x00000000080088b0        0xe ./System/lcd_ili9341.o
                0x00000000080088b0                ILI9341_WaitTransfer
 .text.ILI9341_DisplayOn
                0x00000000080088be       0x1a ./System/lcd_ili9341.o
                0x00000000080088be                ILI9341_DisplayOn
 .text.ILI9341_GetParam
                0x00000000080088d8       0x60 ./System/lcd_ili9341.o
                0x00000000080088d8                ILI9341_GetParam
 .text.LL_TIM_EnableCounter
                0x0000000008008938       0x20 ./System/periodic_services.o
 .text.LL_TIM_EnableIT_UPDATE
                0x0000000008008958       0x20 ./System/periodic_services.o
 .text.PSERV_init
                0x0000000008008978       0x20 ./System/periodic_services.o
                0x0000000008008978                PSERV_init
 .text.PSERV_enable
                0x0000000008008998       0x18 ./System/periodic_services.o
                0x0000000008008998                PSERV_enable
 .text.PSERV_run_services_Callback
                0x00000000080089b0       0x14 ./System/periodic_services.o
                0x00000000080089b0                PSERV_run_services_Callback
 .text.TIMUT_stopwatch_set_time_mark
                0x00000000080089c4       0x1a ./System/timing_utils.o
                0x00000000080089c4                TIMUT_stopwatch_set_time_mark
 .text.TIMUT_stopwatch_update
                0x00000000080089de       0x20 ./System/timing_utils.o
                0x00000000080089de                TIMUT_stopwatch_update
 .text.TIMUT_stopwatch_has_X_ms_passed
                0x00000000080089fe       0x28 ./System/timing_utils.o
                0x00000000080089fe                TIMUT_stopwatch_has_X_ms_passed
 .text.TIMUT_stopwatch_has_another_X_ms_passed
                0x0000000008008a26       0x48 ./System/timing_utils.o
                0x0000000008008a26                TIMUT_stopwatch_has_another_X_ms_passed
 *fill*         0x0000000008008a6e        0x2 
 .text.UG_Init  0x0000000008008a70      0x100 ./System/ugui.o
                0x0000000008008a70                UG_Init
 .text.UG_FontSelect
                0x0000000008008b70       0x30 ./System/ugui.o
                0x0000000008008b70                UG_FontSelect
 .text.UG_FillScreen
                0x0000000008008ba0       0x34 ./System/ugui.o
                0x0000000008008ba0                UG_FillScreen
 .text.UG_FillFrame
                0x0000000008008bd4       0xa8 ./System/ugui.o
                0x0000000008008bd4                UG_FillFrame
 .text.UG_DrawCircle
                0x0000000008008c7c      0x144 ./System/ugui.o
                0x0000000008008c7c                UG_DrawCircle
 .text.UG_FillCircle
                0x0000000008008dc0      0x128 ./System/ugui.o
                0x0000000008008dc0                UG_FillCircle
 .text.UG_DrawLine
                0x0000000008008ee8      0x150 ./System/ugui.o
                0x0000000008008ee8                UG_DrawLine
 .text.UG_PutString
                0x0000000008009038       0xe0 ./System/ugui.o
                0x0000000008009038                UG_PutString
 .text.UG_PutChar
                0x0000000008009118       0x34 ./System/ugui.o
                0x0000000008009118                UG_PutChar
 .text.UG_SetForecolor
                0x000000000800914c       0x20 ./System/ugui.o
                0x000000000800914c                UG_SetForecolor
 .text.UG_SetBackcolor
                0x000000000800916c       0x20 ./System/ugui.o
                0x000000000800916c                UG_SetBackcolor
 .text._UG_PutChar
                0x000000000800918c      0x548 ./System/ugui.o
                0x000000000800918c                _UG_PutChar
 .text.UG_DriverRegister
                0x00000000080096d4       0x44 ./System/ugui.o
                0x00000000080096d4                UG_DriverRegister
 .text.UG_DriverEnable
                0x0000000008009718       0x5c ./System/ugui.o
                0x0000000008009718                UG_DriverEnable
 .text.__errno  0x0000000008009774        0xc c:/st/stm32cubeide_1.8.0/stm32cubeide/plugins/com.st.stm32cube.ide.mcu.externaltools.gnu-tools-for-stm32.10.3-2021.10.win32_1.0.0.202111181127/tools/bin/../lib/gcc/arm-none-eabi/10.3.1/../../../../arm-none-eabi/lib/thumb/v7e-m+fp/hard\libc_nano.a(lib_a-errno.o)
                0x0000000008009774                __errno
 .text.__libc_init_array
                0x0000000008009780       0x48 c:/st/stm32cubeide_1.8.0/stm32cubeide/plugins/com.st.stm32cube.ide.mcu.externaltools.gnu-tools-for-stm32.10.3-2021.10.win32_1.0.0.202111181127/tools/bin/../lib/gcc/arm-none-eabi/10.3.1/../../../../arm-none-eabi/lib/thumb/v7e-m+fp/hard\libc_nano.a(lib_a-init.o)
                0x0000000008009780                __libc_init_array
 .text.memset   0x00000000080097c8       0x10 c:/st/stm32cubeide_1.8.0/stm32cubeide/plugins/com.st.stm32cube.ide.mcu.externaltools.gnu-tools-for-stm32.10.3-2021.10.win32_1.0.0.202111181127/tools/bin/../lib/gcc/arm-none-eabi/10.3.1/../../../../arm-none-eabi/lib/thumb/v7e-m+fp/hard\libc_nano.a(lib_a-memset.o)
                0x00000000080097c8                memset
 .text.printf   0x00000000080097d8       0x30 c:/st/stm32cubeide_1.8.0/stm32cubeide/plugins/com.st.stm32cube.ide.mcu.externaltools.gnu-tools-for-stm32.10.3-2021.10.win32_1.0.0.202111181127/tools/bin/../lib/gcc/arm-none-eabi/10.3.1/../../../../arm-none-eabi/lib/thumb/v7e-m+fp/hard\libc_nano.a(lib_a-printf.o)
                0x00000000080097d8                iprintf
                0x00000000080097d8                printf
 .text.setvbuf  0x0000000008009808      0x18c c:/st/stm32cubeide_1.8.0/stm32cubeide/plugins/com.st.stm32cube.ide.mcu.externaltools.gnu-tools-for-stm32.10.3-2021.10.win32_1.0.0.202111181127/tools/bin/../lib/gcc/arm-none-eabi/10.3.1/../../../../arm-none-eabi/lib/thumb/v7e-m+fp/hard\libc_nano.a(lib_a-setvbuf.o)
                0x0000000008009808                setvbuf
 .text.__swbuf_r
                0x0000000008009994       0xa4 c:/st/stm32cubeide_1.8.0/stm32cubeide/plugins/com.st.stm32cube.ide.mcu.externaltools.gnu-tools-for-stm32.10.3-2021.10.win32_1.0.0.202111181127/tools/bin/../lib/gcc/arm-none-eabi/10.3.1/../../../../arm-none-eabi/lib/thumb/v7e-m+fp/hard\libc_nano.a(lib_a-wbuf.o)
                0x0000000008009994                __swbuf_r
 .text.__swsetup_r
                0x0000000008009a38       0xdc c:/st/stm32cubeide_1.8.0/stm32cubeide/plugins/com.st.stm32cube.ide.mcu.externaltools.gnu-tools-for-stm32.10.3-2021.10.win32_1.0.0.202111181127/tools/bin/../lib/gcc/arm-none-eabi/10.3.1/../../../../arm-none-eabi/lib/thumb/v7e-m+fp/hard\libc_nano.a(lib_a-wsetup.o)
                0x0000000008009a38                __swsetup_r
 .text.__sflush_r
                0x0000000008009b14      0x10c c:/st/stm32cubeide_1.8.0/stm32cubeide/plugins/com.st.stm32cube.ide.mcu.externaltools.gnu-tools-for-stm32.10.3-2021.10.win32_1.0.0.202111181127/tools/bin/../lib/gcc/arm-none-eabi/10.3.1/../../../../arm-none-eabi/lib/thumb/v7e-m+fp/hard\libc_nano.a(lib_a-fflush.o)
                0x0000000008009b14                __sflush_r
 .text._fflush_r
                0x0000000008009c20       0x78 c:/st/stm32cubeide_1.8.0/stm32cubeide/plugins/com.st.stm32cube.ide.mcu.externaltools.gnu-tools-for-stm32.10.3-2021.10.win32_1.0.0.202111181127/tools/bin/../lib/gcc/arm-none-eabi/10.3.1/../../../../arm-none-eabi/lib/thumb/v7e-m+fp/hard\libc_nano.a(lib_a-fflush.o)
                0x0000000008009c20                _fflush_r
 .text.std      0x0000000008009c98       0x48 c:/st/stm32cubeide_1.8.0/stm32cubeide/plugins/com.st.stm32cube.ide.mcu.externaltools.gnu-tools-for-stm32.10.3-2021.10.win32_1.0.0.202111181127/tools/bin/../lib/gcc/arm-none-eabi/10.3.1/../../../../arm-none-eabi/lib/thumb/v7e-m+fp/hard\libc_nano.a(lib_a-findfp.o)
 .text._cleanup_r
                0x0000000008009ce0        0xc c:/st/stm32cubeide_1.8.0/stm32cubeide/plugins/com.st.stm32cube.ide.mcu.externaltools.gnu-tools-for-stm32.10.3-2021.10.win32_1.0.0.202111181127/tools/bin/../lib/gcc/arm-none-eabi/10.3.1/../../../../arm-none-eabi/lib/thumb/v7e-m+fp/hard\libc_nano.a(lib_a-findfp.o)
                0x0000000008009ce0                _cleanup_r
 .text.__sfmoreglue
                0x0000000008009cec       0x2c c:/st/stm32cubeide_1.8.0/stm32cubeide/plugins/com.st.stm32cube.ide.mcu.externaltools.gnu-tools-for-stm32.10.3-2021.10.win32_1.0.0.202111181127/tools/bin/../lib/gcc/arm-none-eabi/10.3.1/../../../../arm-none-eabi/lib/thumb/v7e-m+fp/hard\libc_nano.a(lib_a-findfp.o)
                0x0000000008009cec                __sfmoreglue
 .text.__sfp_lock_acquire
                0x0000000008009d18        0xc c:/st/stm32cubeide_1.8.0/stm32cubeide/plugins/com.st.stm32cube.ide.mcu.externaltools.gnu-tools-for-stm32.10.3-2021.10.win32_1.0.0.202111181127/tools/bin/../lib/gcc/arm-none-eabi/10.3.1/../../../../arm-none-eabi/lib/thumb/v7e-m+fp/hard\libc_nano.a(lib_a-findfp.o)
                0x0000000008009d18                __sfp_lock_acquire
 .text.__sfp_lock_release
                0x0000000008009d24        0xc c:/st/stm32cubeide_1.8.0/stm32cubeide/plugins/com.st.stm32cube.ide.mcu.externaltools.gnu-tools-for-stm32.10.3-2021.10.win32_1.0.0.202111181127/tools/bin/../lib/gcc/arm-none-eabi/10.3.1/../../../../arm-none-eabi/lib/thumb/v7e-m+fp/hard\libc_nano.a(lib_a-findfp.o)
                0x0000000008009d24                __sfp_lock_release
 .text.__sinit_lock_acquire
                0x0000000008009d30        0xc c:/st/stm32cubeide_1.8.0/stm32cubeide/plugins/com.st.stm32cube.ide.mcu.externaltools.gnu-tools-for-stm32.10.3-2021.10.win32_1.0.0.202111181127/tools/bin/../lib/gcc/arm-none-eabi/10.3.1/../../../../arm-none-eabi/lib/thumb/v7e-m+fp/hard\libc_nano.a(lib_a-findfp.o)
                0x0000000008009d30                __sinit_lock_acquire
 .text.__sinit_lock_release
                0x0000000008009d3c        0xc c:/st/stm32cubeide_1.8.0/stm32cubeide/plugins/com.st.stm32cube.ide.mcu.externaltools.gnu-tools-for-stm32.10.3-2021.10.win32_1.0.0.202111181127/tools/bin/../lib/gcc/arm-none-eabi/10.3.1/../../../../arm-none-eabi/lib/thumb/v7e-m+fp/hard\libc_nano.a(lib_a-findfp.o)
                0x0000000008009d3c                __sinit_lock_release
 .text.__sinit  0x0000000008009d48       0x70 c:/st/stm32cubeide_1.8.0/stm32cubeide/plugins/com.st.stm32cube.ide.mcu.externaltools.gnu-tools-for-stm32.10.3-2021.10.win32_1.0.0.202111181127/tools/bin/../lib/gcc/arm-none-eabi/10.3.1/../../../../arm-none-eabi/lib/thumb/v7e-m+fp/hard\libc_nano.a(lib_a-findfp.o)
                0x0000000008009d48                __sinit
 .text.__sfp    0x0000000008009db8       0x8c c:/st/stm32cubeide_1.8.0/stm32cubeide/plugins/com.st.stm32cube.ide.mcu.externaltools.gnu-tools-for-stm32.10.3-2021.10.win32_1.0.0.202111181127/tools/bin/../lib/gcc/arm-none-eabi/10.3.1/../../../../arm-none-eabi/lib/thumb/v7e-m+fp/hard\libc_nano.a(lib_a-findfp.o)
                0x0000000008009db8                __sfp
 .text._fwalk_reent
                0x0000000008009e44       0x3e c:/st/stm32cubeide_1.8.0/stm32cubeide/plugins/com.st.stm32cube.ide.mcu.externaltools.gnu-tools-for-stm32.10.3-2021.10.win32_1.0.0.202111181127/tools/bin/../lib/gcc/arm-none-eabi/10.3.1/../../../../arm-none-eabi/lib/thumb/v7e-m+fp/hard\libc_nano.a(lib_a-fwalk.o)
                0x0000000008009e44                _fwalk_reent
 .text.__retarget_lock_init_recursive
                0x0000000008009e82        0x2 c:/st/stm32cubeide_1.8.0/stm32cubeide/plugins/com.st.stm32cube.ide.mcu.externaltools.gnu-tools-for-stm32.10.3-2021.10.win32_1.0.0.202111181127/tools/bin/../lib/gcc/arm-none-eabi/10.3.1/../../../../arm-none-eabi/lib/thumb/v7e-m+fp/hard\libc_nano.a(lib_a-lock.o)
                0x0000000008009e82                __retarget_lock_init_recursive
 .text.__retarget_lock_acquire_recursive
                0x0000000008009e84        0x2 c:/st/stm32cubeide_1.8.0/stm32cubeide/plugins/com.st.stm32cube.ide.mcu.externaltools.gnu-tools-for-stm32.10.3-2021.10.win32_1.0.0.202111181127/tools/bin/../lib/gcc/arm-none-eabi/10.3.1/../../../../arm-none-eabi/lib/thumb/v7e-m+fp/hard\libc_nano.a(lib_a-lock.o)
                0x0000000008009e84                __retarget_lock_acquire_recursive
 .text.__retarget_lock_release_recursive
                0x0000000008009e86        0x2 c:/st/stm32cubeide_1.8.0/stm32cubeide/plugins/com.st.stm32cube.ide.mcu.externaltools.gnu-tools-for-stm32.10.3-2021.10.win32_1.0.0.202111181127/tools/bin/../lib/gcc/arm-none-eabi/10.3.1/../../../../arm-none-eabi/lib/thumb/v7e-m+fp/hard\libc_nano.a(lib_a-lock.o)
                0x0000000008009e86                __retarget_lock_release_recursive
 .text.__swhatbuf_r
                0x0000000008009e88       0x4a c:/st/stm32cubeide_1.8.0/stm32cubeide/plugins/com.st.stm32cube.ide.mcu.externaltools.gnu-tools-for-stm32.10.3-2021.10.win32_1.0.0.202111181127/tools/bin/../lib/gcc/arm-none-eabi/10.3.1/../../../../arm-none-eabi/lib/thumb/v7e-m+fp/hard\libc_nano.a(lib_a-makebuf.o)
                0x0000000008009e88                __swhatbuf_r
 *fill*         0x0000000008009ed2        0x2 
 .text.__smakebuf_r
                0x0000000008009ed4       0x80 c:/st/stm32cubeide_1.8.0/stm32cubeide/plugins/com.st.stm32cube.ide.mcu.externaltools.gnu-tools-for-stm32.10.3-2021.10.win32_1.0.0.202111181127/tools/bin/../lib/gcc/arm-none-eabi/10.3.1/../../../../arm-none-eabi/lib/thumb/v7e-m+fp/hard\libc_nano.a(lib_a-makebuf.o)
                0x0000000008009ed4                __smakebuf_r
 .text.malloc   0x0000000008009f54       0x10 c:/st/stm32cubeide_1.8.0/stm32cubeide/plugins/com.st.stm32cube.ide.mcu.externaltools.gnu-tools-for-stm32.10.3-2021.10.win32_1.0.0.202111181127/tools/bin/../lib/gcc/arm-none-eabi/10.3.1/../../../../arm-none-eabi/lib/thumb/v7e-m+fp/hard\libc_nano.a(lib_a-malloc.o)
                0x0000000008009f54                malloc
 .text._free_r  0x0000000008009f64       0x98 c:/st/stm32cubeide_1.8.0/stm32cubeide/plugins/com.st.stm32cube.ide.mcu.externaltools.gnu-tools-for-stm32.10.3-2021.10.win32_1.0.0.202111181127/tools/bin/../lib/gcc/arm-none-eabi/10.3.1/../../../../arm-none-eabi/lib/thumb/v7e-m+fp/hard\libc_nano.a(lib_a-nano-freer.o)
                0x0000000008009f64                _free_r
 .text.sbrk_aligned
                0x0000000008009ffc       0x40 c:/st/stm32cubeide_1.8.0/stm32cubeide/plugins/com.st.stm32cube.ide.mcu.externaltools.gnu-tools-for-stm32.10.3-2021.10.win32_1.0.0.202111181127/tools/bin/../lib/gcc/arm-none-eabi/10.3.1/../../../../arm-none-eabi/lib/thumb/v7e-m+fp/hard\libc_nano.a(lib_a-nano-mallocr.o)
 .text._malloc_r
                0x000000000800a03c       0xe8 c:/st/stm32cubeide_1.8.0/stm32cubeide/plugins/com.st.stm32cube.ide.mcu.externaltools.gnu-tools-for-stm32.10.3-2021.10.win32_1.0.0.202111181127/tools/bin/../lib/gcc/arm-none-eabi/10.3.1/../../../../arm-none-eabi/lib/thumb/v7e-m+fp/hard\libc_nano.a(lib_a-nano-mallocr.o)
                0x000000000800a03c                _malloc_r
 .text.__sfputc_r
                0x000000000800a124       0x2e c:/st/stm32cubeide_1.8.0/stm32cubeide/plugins/com.st.stm32cube.ide.mcu.externaltools.gnu-tools-for-stm32.10.3-2021.10.win32_1.0.0.202111181127/tools/bin/../lib/gcc/arm-none-eabi/10.3.1/../../../../arm-none-eabi/lib/thumb/v7e-m+fp/hard\libc_nano.a(lib_a-nano-vfprintf.o)
 .text.__sfputs_r
                0x000000000800a152       0x24 c:/st/stm32cubeide_1.8.0/stm32cubeide/plugins/com.st.stm32cube.ide.mcu.externaltools.gnu-tools-for-stm32.10.3-2021.10.win32_1.0.0.202111181127/tools/bin/../lib/gcc/arm-none-eabi/10.3.1/../../../../arm-none-eabi/lib/thumb/v7e-m+fp/hard\libc_nano.a(lib_a-nano-vfprintf.o)
                0x000000000800a152                __sfputs_r
 *fill*         0x000000000800a176        0x2 
 .text._vfprintf_r
                0x000000000800a178      0x260 c:/st/stm32cubeide_1.8.0/stm32cubeide/plugins/com.st.stm32cube.ide.mcu.externaltools.gnu-tools-for-stm32.10.3-2021.10.win32_1.0.0.202111181127/tools/bin/../lib/gcc/arm-none-eabi/10.3.1/../../../../arm-none-eabi/lib/thumb/v7e-m+fp/hard\libc_nano.a(lib_a-nano-vfprintf.o)
                0x000000000800a178                _vfprintf_r
                0x000000000800a178                _vfiprintf_r
 .text._printf_common
                0x000000000800a3d8       0xda c:/st/stm32cubeide_1.8.0/stm32cubeide/plugins/com.st.stm32cube.ide.mcu.externaltools.gnu-tools-for-stm32.10.3-2021.10.win32_1.0.0.202111181127/tools/bin/../lib/gcc/arm-none-eabi/10.3.1/../../../../arm-none-eabi/lib/thumb/v7e-m+fp/hard\libc_nano.a(lib_a-nano-vfprintf_i.o)
                0x000000000800a3d8                _printf_common
 *fill*         0x000000000800a4b2        0x2 
 .text._printf_i
                0x000000000800a4b4      0x24c c:/st/stm32cubeide_1.8.0/stm32cubeide/plugins/com.st.stm32cube.ide.mcu.externaltools.gnu-tools-for-stm32.10.3-2021.10.win32_1.0.0.202111181127/tools/bin/../lib/gcc/arm-none-eabi/10.3.1/../../../../arm-none-eabi/lib/thumb/v7e-m+fp/hard\libc_nano.a(lib_a-nano-vfprintf_i.o)
                0x000000000800a4b4                _printf_i
 .text._sbrk_r  0x000000000800a700       0x20 c:/st/stm32cubeide_1.8.0/stm32cubeide/plugins/com.st.stm32cube.ide.mcu.externaltools.gnu-tools-for-stm32.10.3-2021.10.win32_1.0.0.202111181127/tools/bin/../lib/gcc/arm-none-eabi/10.3.1/../../../../arm-none-eabi/lib/thumb/v7e-m+fp/hard\libc_nano.a(lib_a-sbrkr.o)
                0x000000000800a700                _sbrk_r
 .text.__sread  0x000000000800a720       0x22 c:/st/stm32cubeide_1.8.0/stm32cubeide/plugins/com.st.stm32cube.ide.mcu.externaltools.gnu-tools-for-stm32.10.3-2021.10.win32_1.0.0.202111181127/tools/bin/../lib/gcc/arm-none-eabi/10.3.1/../../../../arm-none-eabi/lib/thumb/v7e-m+fp/hard\libc_nano.a(lib_a-stdio.o)
                0x000000000800a720                __sread
 .text.__swrite
                0x000000000800a742       0x38 c:/st/stm32cubeide_1.8.0/stm32cubeide/plugins/com.st.stm32cube.ide.mcu.externaltools.gnu-tools-for-stm32.10.3-2021.10.win32_1.0.0.202111181127/tools/bin/../lib/gcc/arm-none-eabi/10.3.1/../../../../arm-none-eabi/lib/thumb/v7e-m+fp/hard\libc_nano.a(lib_a-stdio.o)
                0x000000000800a742                __swrite
 .text.__sseek  0x000000000800a77a       0x24 c:/st/stm32cubeide_1.8.0/stm32cubeide/plugins/com.st.stm32cube.ide.mcu.externaltools.gnu-tools-for-stm32.10.3-2021.10.win32_1.0.0.202111181127/tools/bin/../lib/gcc/arm-none-eabi/10.3.1/../../../../arm-none-eabi/lib/thumb/v7e-m+fp/hard\libc_nano.a(lib_a-stdio.o)
                0x000000000800a77a                __sseek
 .text.__sclose
                0x000000000800a79e        0x8 c:/st/stm32cubeide_1.8.0/stm32cubeide/plugins/com.st.stm32cube.ide.mcu.externaltools.gnu-tools-for-stm32.10.3-2021.10.win32_1.0.0.202111181127/tools/bin/../lib/gcc/arm-none-eabi/10.3.1/../../../../arm-none-eabi/lib/thumb/v7e-m+fp/hard\libc_nano.a(lib_a-stdio.o)
                0x000000000800a79e                __sclose
 *fill*         0x000000000800a7a6        0x2 
 .text._write_r
                0x000000000800a7a8       0x24 c:/st/stm32cubeide_1.8.0/stm32cubeide/plugins/com.st.stm32cube.ide.mcu.externaltools.gnu-tools-for-stm32.10.3-2021.10.win32_1.0.0.202111181127/tools/bin/../lib/gcc/arm-none-eabi/10.3.1/../../../../arm-none-eabi/lib/thumb/v7e-m+fp/hard\libc_nano.a(lib_a-writer.o)
                0x000000000800a7a8                _write_r
 .text._close_r
                0x000000000800a7cc       0x20 c:/st/stm32cubeide_1.8.0/stm32cubeide/plugins/com.st.stm32cube.ide.mcu.externaltools.gnu-tools-for-stm32.10.3-2021.10.win32_1.0.0.202111181127/tools/bin/../lib/gcc/arm-none-eabi/10.3.1/../../../../arm-none-eabi/lib/thumb/v7e-m+fp/hard\libc_nano.a(lib_a-closer.o)
                0x000000000800a7cc                _close_r
 .text._fstat_r
                0x000000000800a7ec       0x24 c:/st/stm32cubeide_1.8.0/stm32cubeide/plugins/com.st.stm32cube.ide.mcu.externaltools.gnu-tools-for-stm32.10.3-2021.10.win32_1.0.0.202111181127/tools/bin/../lib/gcc/arm-none-eabi/10.3.1/../../../../arm-none-eabi/lib/thumb/v7e-m+fp/hard\libc_nano.a(lib_a-fstatr.o)
                0x000000000800a7ec                _fstat_r
 .text._isatty_r
                0x000000000800a810       0x20 c:/st/stm32cubeide_1.8.0/stm32cubeide/plugins/com.st.stm32cube.ide.mcu.externaltools.gnu-tools-for-stm32.10.3-2021.10.win32_1.0.0.202111181127/tools/bin/../lib/gcc/arm-none-eabi/10.3.1/../../../../arm-none-eabi/lib/thumb/v7e-m+fp/hard\libc_nano.a(lib_a-isattyr.o)
                0x000000000800a810                _isatty_r
 .text._lseek_r
                0x000000000800a830       0x24 c:/st/stm32cubeide_1.8.0/stm32cubeide/plugins/com.st.stm32cube.ide.mcu.externaltools.gnu-tools-for-stm32.10.3-2021.10.win32_1.0.0.202111181127/tools/bin/../lib/gcc/arm-none-eabi/10.3.1/../../../../arm-none-eabi/lib/thumb/v7e-m+fp/hard\libc_nano.a(lib_a-lseekr.o)
                0x000000000800a830                _lseek_r
 .text.__malloc_lock
                0x000000000800a854        0xc c:/st/stm32cubeide_1.8.0/stm32cubeide/plugins/com.st.stm32cube.ide.mcu.externaltools.gnu-tools-for-stm32.10.3-2021.10.win32_1.0.0.202111181127/tools/bin/../lib/gcc/arm-none-eabi/10.3.1/../../../../arm-none-eabi/lib/thumb/v7e-m+fp/hard\libc_nano.a(lib_a-mlock.o)
                0x000000000800a854                __malloc_lock
 .text.__malloc_unlock
                0x000000000800a860        0xc c:/st/stm32cubeide_1.8.0/stm32cubeide/plugins/com.st.stm32cube.ide.mcu.externaltools.gnu-tools-for-stm32.10.3-2021.10.win32_1.0.0.202111181127/tools/bin/../lib/gcc/arm-none-eabi/10.3.1/../../../../arm-none-eabi/lib/thumb/v7e-m+fp/hard\libc_nano.a(lib_a-mlock.o)
                0x000000000800a860                __malloc_unlock
 .text._read_r  0x000000000800a86c       0x24 c:/st/stm32cubeide_1.8.0/stm32cubeide/plugins/com.st.stm32cube.ide.mcu.externaltools.gnu-tools-for-stm32.10.3-2021.10.win32_1.0.0.202111181127/tools/bin/../lib/gcc/arm-none-eabi/10.3.1/../../../../arm-none-eabi/lib/thumb/v7e-m+fp/hard\libc_nano.a(lib_a-readr.o)
                0x000000000800a86c                _read_r
 *(.glue_7)
 .glue_7        0x000000000800a890        0x0 linker stubs
 *(.glue_7t)
 .glue_7t       0x000000000800a890        0x0 linker stubs
 *(.eh_frame)
 .eh_frame      0x000000000800a890        0x0 c:/st/stm32cubeide_1.8.0/stm32cubeide/plugins/com.st.stm32cube.ide.mcu.externaltools.gnu-tools-for-stm32.10.3-2021.10.win32_1.0.0.202111181127/tools/bin/../lib/gcc/arm-none-eabi/10.3.1/thumb/v7e-m+fp/hard/crtbegin.o
 *(.init)
 .init          0x000000000800a890        0x4 c:/st/stm32cubeide_1.8.0/stm32cubeide/plugins/com.st.stm32cube.ide.mcu.externaltools.gnu-tools-for-stm32.10.3-2021.10.win32_1.0.0.202111181127/tools/bin/../lib/gcc/arm-none-eabi/10.3.1/thumb/v7e-m+fp/hard/crti.o
                0x000000000800a890                _init
 .init          0x000000000800a894        0x8 c:/st/stm32cubeide_1.8.0/stm32cubeide/plugins/com.st.stm32cube.ide.mcu.externaltools.gnu-tools-for-stm32.10.3-2021.10.win32_1.0.0.202111181127/tools/bin/../lib/gcc/arm-none-eabi/10.3.1/thumb/v7e-m+fp/hard/crtn.o
 *(.fini)
 .fini          0x000000000800a89c        0x4 c:/st/stm32cubeide_1.8.0/stm32cubeide/plugins/com.st.stm32cube.ide.mcu.externaltools.gnu-tools-for-stm32.10.3-2021.10.win32_1.0.0.202111181127/tools/bin/../lib/gcc/arm-none-eabi/10.3.1/thumb/v7e-m+fp/hard/crti.o
                0x000000000800a89c                _fini
 .fini          0x000000000800a8a0        0x8 c:/st/stm32cubeide_1.8.0/stm32cubeide/plugins/com.st.stm32cube.ide.mcu.externaltools.gnu-tools-for-stm32.10.3-2021.10.win32_1.0.0.202111181127/tools/bin/../lib/gcc/arm-none-eabi/10.3.1/thumb/v7e-m+fp/hard/crtn.o
                0x000000000800a8a8                . = ALIGN (0x4)
                0x000000000800a8a8                _etext = .

.vfp11_veneer   0x000000000800a8a8        0x0
 .vfp11_veneer  0x000000000800a8a8        0x0 linker stubs

.v4_bx          0x000000000800a8a8        0x0
 .v4_bx         0x000000000800a8a8        0x0 linker stubs

.iplt           0x000000000800a8a8        0x0
 .iplt          0x000000000800a8a8        0x0 c:/st/stm32cubeide_1.8.0/stm32cubeide/plugins/com.st.stm32cube.ide.mcu.externaltools.gnu-tools-for-stm32.10.3-2021.10.win32_1.0.0.202111181127/tools/bin/../lib/gcc/arm-none-eabi/10.3.1/thumb/v7e-m+fp/hard/crtbegin.o

.rodata         0x000000000800a8a8    0x11594
                0x000000000800a8a8                . = ALIGN (0x4)
 *(.rodata)
 .rodata        0x000000000800a8a8       0x3c ./System/lcd.o
 *(.rodata*)
 .rodata.OFFSET_TAB_CCMRx
                0x000000000800a8e4        0xa ./Core/Src/main.o
 *fill*         0x000000000800a8ee        0x2 
 .rodata.SHIFT_TAB_OCxx
                0x000000000800a8f0        0xa ./Core/Src/main.o
 *fill*         0x000000000800a8fa        0x2 
 .rodata.AHBPrescTable
                0x000000000800a8fc       0x10 ./Core/Src/system_stm32g4xx.o
                0x000000000800a8fc                AHBPrescTable
 .rodata.APBPrescTable
                0x000000000800a90c        0x8 ./Core/Src/system_stm32g4xx.o
                0x000000000800a90c                APBPrescTable
 .rodata.USART_PRESCALER_TAB
                0x000000000800a914       0x30 ./Drivers/STM32G4xx_HAL_Driver/Src/stm32g4xx_ll_usart.o
 .rodata.cmd_read_y.2
                0x000000000800a944        0x1 ./System/XPT2046_touch.o
 *fill*         0x000000000800a945        0x3 
 .rodata.zeroes_tx.1
                0x000000000800a948        0x2 ./System/XPT2046_touch.o
 *fill*         0x000000000800a94a        0x2 
 .rodata.cmd_read_x.0
                0x000000000800a94c        0x1 ./System/XPT2046_touch.o
 *fill*         0x000000000800a94d        0x3 
 .rodata.font_8x12
                0x000000000800a950      0xc00 ./System/ugui.o
                0x000000000800a950                font_8x12
 .rodata.font_16x26
                0x000000000800b550     0x3400 ./System/ugui.o
                0x000000000800b550                font_16x26
 .rodata.font_32x53
                0x000000000800e950     0xd400 ./System/ugui.o
                0x000000000800e950                font_32x53
 .rodata.FONT_8X12
                0x000000000801bd50       0x1c ./System/ugui.o
                0x000000000801bd50                FONT_8X12
 .rodata.FONT_16X26
                0x000000000801bd6c       0x1c ./System/ugui.o
                0x000000000801bd6c                FONT_16X26
 .rodata.FONT_32X53
                0x000000000801bd88       0x1c ./System/ugui.o
                0x000000000801bd88                FONT_32X53
 .rodata._global_impure_ptr
                0x000000000801bda4        0x4 c:/st/stm32cubeide_1.8.0/stm32cubeide/plugins/com.st.stm32cube.ide.mcu.externaltools.gnu-tools-for-stm32.10.3-2021.10.win32_1.0.0.202111181127/tools/bin/../lib/gcc/arm-none-eabi/10.3.1/../../../../arm-none-eabi/lib/thumb/v7e-m+fp/hard\libc_nano.a(lib_a-impure.o)
                0x000000000801bda4                _global_impure_ptr
 .rodata.__sf_fake_stderr
                0x000000000801bda8       0x20 c:/st/stm32cubeide_1.8.0/stm32cubeide/plugins/com.st.stm32cube.ide.mcu.externaltools.gnu-tools-for-stm32.10.3-2021.10.win32_1.0.0.202111181127/tools/bin/../lib/gcc/arm-none-eabi/10.3.1/../../../../arm-none-eabi/lib/thumb/v7e-m+fp/hard\libc_nano.a(lib_a-findfp.o)
                0x000000000801bda8                __sf_fake_stderr
 .rodata.__sf_fake_stdin
                0x000000000801bdc8       0x20 c:/st/stm32cubeide_1.8.0/stm32cubeide/plugins/com.st.stm32cube.ide.mcu.externaltools.gnu-tools-for-stm32.10.3-2021.10.win32_1.0.0.202111181127/tools/bin/../lib/gcc/arm-none-eabi/10.3.1/../../../../arm-none-eabi/lib/thumb/v7e-m+fp/hard\libc_nano.a(lib_a-findfp.o)
                0x000000000801bdc8                __sf_fake_stdin
 .rodata.__sf_fake_stdout
                0x000000000801bde8       0x20 c:/st/stm32cubeide_1.8.0/stm32cubeide/plugins/com.st.stm32cube.ide.mcu.externaltools.gnu-tools-for-stm32.10.3-2021.10.win32_1.0.0.202111181127/tools/bin/../lib/gcc/arm-none-eabi/10.3.1/../../../../arm-none-eabi/lib/thumb/v7e-m+fp/hard\libc_nano.a(lib_a-findfp.o)
                0x000000000801bde8                __sf_fake_stdout
 .rodata._vfprintf_r.str1.1
                0x000000000801be08       0x11 c:/st/stm32cubeide_1.8.0/stm32cubeide/plugins/com.st.stm32cube.ide.mcu.externaltools.gnu-tools-for-stm32.10.3-2021.10.win32_1.0.0.202111181127/tools/bin/../lib/gcc/arm-none-eabi/10.3.1/../../../../arm-none-eabi/lib/thumb/v7e-m+fp/hard\libc_nano.a(lib_a-nano-vfprintf.o)
 .rodata._printf_i.str1.1
                0x000000000801be19       0x22 c:/st/stm32cubeide_1.8.0/stm32cubeide/plugins/com.st.stm32cube.ide.mcu.externaltools.gnu-tools-for-stm32.10.3-2021.10.win32_1.0.0.202111181127/tools/bin/../lib/gcc/arm-none-eabi/10.3.1/../../../../arm-none-eabi/lib/thumb/v7e-m+fp/hard\libc_nano.a(lib_a-nano-vfprintf_i.o)
                0x000000000801be3c                . = ALIGN (0x4)
 *fill*         0x000000000801be3b        0x1 

.rel.dyn        0x000000000801be3c        0x0
 .rel.iplt      0x000000000801be3c        0x0 c:/st/stm32cubeide_1.8.0/stm32cubeide/plugins/com.st.stm32cube.ide.mcu.externaltools.gnu-tools-for-stm32.10.3-2021.10.win32_1.0.0.202111181127/tools/bin/../lib/gcc/arm-none-eabi/10.3.1/thumb/v7e-m+fp/hard/crtbegin.o

.ARM.extab      0x000000000801be3c        0x0
                0x000000000801be3c                . = ALIGN (0x4)
 *(.ARM.extab* .gnu.linkonce.armextab.*)
                0x000000000801be3c                . = ALIGN (0x4)

.ARM            0x000000000801be3c        0x0
                0x000000000801be3c                . = ALIGN (0x4)
                0x000000000801be3c                __exidx_start = .
 *(.ARM.exidx*)
                0x000000000801be3c                __exidx_end = .
                0x000000000801be3c                . = ALIGN (0x4)

.preinit_array  0x000000000801be3c        0x0
                0x000000000801be3c                . = ALIGN (0x4)
                0x000000000801be3c                PROVIDE (__preinit_array_start = .)
 *(.preinit_array*)
                0x000000000801be3c                PROVIDE (__preinit_array_end = .)
                0x000000000801be3c                . = ALIGN (0x4)

.init_array     0x000000000801be3c        0x4
                0x000000000801be3c                . = ALIGN (0x4)
                0x000000000801be3c                PROVIDE (__init_array_start = .)
 *(SORT_BY_NAME(.init_array.*))
 *(.init_array*)
 .init_array    0x000000000801be3c        0x4 c:/st/stm32cubeide_1.8.0/stm32cubeide/plugins/com.st.stm32cube.ide.mcu.externaltools.gnu-tools-for-stm32.10.3-2021.10.win32_1.0.0.202111181127/tools/bin/../lib/gcc/arm-none-eabi/10.3.1/thumb/v7e-m+fp/hard/crtbegin.o
                0x000000000801be40                PROVIDE (__init_array_end = .)
                0x000000000801be40                . = ALIGN (0x4)

.fini_array     0x000000000801be40        0x4
                0x000000000801be40                . = ALIGN (0x4)
                [!provide]                        PROVIDE (__fini_array_start = .)
 *(SORT_BY_NAME(.fini_array.*))
 *(.fini_array*)
 .fini_array    0x000000000801be40        0x4 c:/st/stm32cubeide_1.8.0/stm32cubeide/plugins/com.st.stm32cube.ide.mcu.externaltools.gnu-tools-for-stm32.10.3-2021.10.win32_1.0.0.202111181127/tools/bin/../lib/gcc/arm-none-eabi/10.3.1/thumb/v7e-m+fp/hard/crtbegin.o
                [!provide]                        PROVIDE (__fini_array_end = .)
                0x000000000801be44                . = ALIGN (0x4)
                0x000000000801be44                _sidata = LOADADDR (.data)

.data           0x0000000020000000       0x80 load address 0x000000000801be44
                0x0000000020000000                . = ALIGN (0x4)
                0x0000000020000000                _sdata = .
 *(.data)
 *(.data*)
 .data.SystemCoreClock
                0x0000000020000000        0x4 ./Core/Src/system_stm32g4xx.o
                0x0000000020000000                SystemCoreClock
 .data.uwTickPrio
                0x0000000020000004        0x4 ./Drivers/STM32G4xx_HAL_Driver/Src/stm32g4xx_hal.o
                0x0000000020000004                uwTickPrio
 .data.uwTickFreq
                0x0000000020000008        0x4 ./Drivers/STM32G4xx_HAL_Driver/Src/stm32g4xx_hal.o
                0x0000000020000008                uwTickFreq
 .data.orientations
                0x000000002000000c       0x10 ./System/lcd_ili9341.o
 .data._impure_ptr
                0x000000002000001c        0x4 c:/st/stm32cubeide_1.8.0/stm32cubeide/plugins/com.st.stm32cube.ide.mcu.externaltools.gnu-tools-for-stm32.10.3-2021.10.win32_1.0.0.202111181127/tools/bin/../lib/gcc/arm-none-eabi/10.3.1/../../../../arm-none-eabi/lib/thumb/v7e-m+fp/hard\libc_nano.a(lib_a-impure.o)
                0x000000002000001c                _impure_ptr
 .data.impure_data
                0x0000000020000020       0x60 c:/st/stm32cubeide_1.8.0/stm32cubeide/plugins/com.st.stm32cube.ide.mcu.externaltools.gnu-tools-for-stm32.10.3-2021.10.win32_1.0.0.202111181127/tools/bin/../lib/gcc/arm-none-eabi/10.3.1/../../../../arm-none-eabi/lib/thumb/v7e-m+fp/hard\libc_nano.a(lib_a-impure.o)
 *(.RamFunc)
 *(.RamFunc*)
                0x0000000020000080                . = ALIGN (0x4)
                0x0000000020000080                _edata = .

.igot.plt       0x0000000020000080        0x0 load address 0x000000000801bec4
 .igot.plt      0x0000000020000080        0x0 c:/st/stm32cubeide_1.8.0/stm32cubeide/plugins/com.st.stm32cube.ide.mcu.externaltools.gnu-tools-for-stm32.10.3-2021.10.win32_1.0.0.202111181127/tools/bin/../lib/gcc/arm-none-eabi/10.3.1/thumb/v7e-m+fp/hard/crtbegin.o
                0x0000000020000080                . = ALIGN (0x4)

.bss            0x0000000020000080      0x800 load address 0x000000000801bec4
                0x0000000020000080                _sbss = .
                0x0000000020000080                __bss_start__ = _sbss
 *(.bss)
 .bss           0x0000000020000080       0x1c c:/st/stm32cubeide_1.8.0/stm32cubeide/plugins/com.st.stm32cube.ide.mcu.externaltools.gnu-tools-for-stm32.10.3-2021.10.win32_1.0.0.202111181127/tools/bin/../lib/gcc/arm-none-eabi/10.3.1/thumb/v7e-m+fp/hard/crtbegin.o
 *(.bss*)
 .bss.hadc4     0x000000002000009c       0x6c ./Core/Src/main.o
                0x000000002000009c                hadc4
 .bss.hdma_adc4
                0x0000000020000108       0x60 ./Core/Src/main.o
                0x0000000020000108                hdma_adc4
 .bss.hspi1     0x0000000020000168       0x64 ./Core/Src/main.o
                0x0000000020000168                hspi1
 .bss.htim1     0x00000000200001cc       0x4c ./Core/Src/main.o
                0x00000000200001cc                htim1
 .bss.hsram1    0x0000000020000218       0x58 ./Core/Src/main.o
                0x0000000020000218                hsram1
 .bss.FMC_Initialized
                0x0000000020000270        0x4 ./Core/Src/stm32g4xx_hal_msp.o
 .bss.__sbrk_heap_end
                0x0000000020000274        0x4 ./Core/Src/sysmem.o
 .bss.uwTick    0x0000000020000278        0x4 ./Drivers/STM32G4xx_HAL_Driver/Src/stm32g4xx_hal.o
                0x0000000020000278                uwTick
 .bss.LED_group
                0x000000002000027c       0x40 ./System/LED.o
                0x000000002000027c                LED_group
 .bss.SCI_RX_buffer
                0x00000000200002bc      0x200 ./System/SCI.o
                0x00000000200002bc                SCI_RX_buffer
 .bss.SCI_RX_buf_handle
                0x00000000200004bc       0x18 ./System/SCI.o
                0x00000000200004bc                SCI_RX_buf_handle
 .bss.SCI_TX_buffer
                0x00000000200004d4      0x200 ./System/SCI.o
                0x00000000200004d4                SCI_TX_buffer
 .bss.SCI_TX_buf_handle
                0x00000000200006d4       0x18 ./System/SCI.o
                0x00000000200006d4                SCI_TX_buf_handle
 .bss.SCI       0x00000000200006ec        0x4 ./System/SCI.o
                0x00000000200006ec                SCI
 .bss.joystick  0x00000000200006f0       0x24 ./System/joystick.o
                0x00000000200006f0                joystick
 .bss.joy_btn_buffer
                0x0000000020000714       0x10 ./System/joystick.o
                0x0000000020000714                joy_btn_buffer
 .bss.joy_btn_buf_handle
                0x0000000020000724       0x18 ./System/joystick.o
                0x0000000020000724                joy_btn_buf_handle
 .bss.keyboard  0x000000002000073c       0x48 ./System/kbd.o
                0x000000002000073c                keyboard
 .bss.kbd_buffer
                0x0000000020000784       0x20 ./System/kbd.o
                0x0000000020000784                kbd_buffer
 .bss.kbd_buf_handle
                0x00000000200007a4       0x18 ./System/kbd.o
                0x00000000200007a4                kbd_buf_handle
 .bss.gui       0x00000000200007bc       0x8c ./System/lcd.o
                0x00000000200007bc                gui
 .bss.LCD_backlight
                0x0000000020000848       0x14 ./System/lcd_backlight.o
                0x0000000020000848                LCD_backlight
 .bss.LCD       0x000000002000085c        0xc ./System/lcd_ili9341.o
 .bss.PService  0x0000000020000868        0x4 ./System/periodic_services.o
                0x0000000020000868                PService
 .bss.gui       0x000000002000086c        0x4 ./System/ugui.o
 .bss.__lock___malloc_recursive_mutex
                0x0000000020000870        0x1 c:/st/stm32cubeide_1.8.0/stm32cubeide/plugins/com.st.stm32cube.ide.mcu.externaltools.gnu-tools-for-stm32.10.3-2021.10.win32_1.0.0.202111181127/tools/bin/../lib/gcc/arm-none-eabi/10.3.1/../../../../arm-none-eabi/lib/thumb/v7e-m+fp/hard\libc_nano.a(lib_a-lock.o)
                0x0000000020000870                __lock___malloc_recursive_mutex
 .bss.__lock___sfp_recursive_mutex
                0x0000000020000871        0x1 c:/st/stm32cubeide_1.8.0/stm32cubeide/plugins/com.st.stm32cube.ide.mcu.externaltools.gnu-tools-for-stm32.10.3-2021.10.win32_1.0.0.202111181127/tools/bin/../lib/gcc/arm-none-eabi/10.3.1/../../../../arm-none-eabi/lib/thumb/v7e-m+fp/hard\libc_nano.a(lib_a-lock.o)
                0x0000000020000871                __lock___sfp_recursive_mutex
 .bss.__lock___sinit_recursive_mutex
                0x0000000020000872        0x1 c:/st/stm32cubeide_1.8.0/stm32cubeide/plugins/com.st.stm32cube.ide.mcu.externaltools.gnu-tools-for-stm32.10.3-2021.10.win32_1.0.0.202111181127/tools/bin/../lib/gcc/arm-none-eabi/10.3.1/../../../../arm-none-eabi/lib/thumb/v7e-m+fp/hard\libc_nano.a(lib_a-lock.o)
                0x0000000020000872                __lock___sinit_recursive_mutex
 *fill*         0x0000000020000873        0x1 
 .bss.__malloc_free_list
                0x0000000020000874        0x4 c:/st/stm32cubeide_1.8.0/stm32cubeide/plugins/com.st.stm32cube.ide.mcu.externaltools.gnu-tools-for-stm32.10.3-2021.10.win32_1.0.0.202111181127/tools/bin/../lib/gcc/arm-none-eabi/10.3.1/../../../../arm-none-eabi/lib/thumb/v7e-m+fp/hard\libc_nano.a(lib_a-nano-mallocr.o)
                0x0000000020000874                __malloc_free_list
 .bss.__malloc_sbrk_start
                0x0000000020000878        0x4 c:/st/stm32cubeide_1.8.0/stm32cubeide/plugins/com.st.stm32cube.ide.mcu.externaltools.gnu-tools-for-stm32.10.3-2021.10.win32_1.0.0.202111181127/tools/bin/../lib/gcc/arm-none-eabi/10.3.1/../../../../arm-none-eabi/lib/thumb/v7e-m+fp/hard\libc_nano.a(lib_a-nano-mallocr.o)
                0x0000000020000878                __malloc_sbrk_start
 .bss.errno     0x000000002000087c        0x4 c:/st/stm32cubeide_1.8.0/stm32cubeide/plugins/com.st.stm32cube.ide.mcu.externaltools.gnu-tools-for-stm32.10.3-2021.10.win32_1.0.0.202111181127/tools/bin/../lib/gcc/arm-none-eabi/10.3.1/../../../../arm-none-eabi/lib/thumb/v7e-m+fp/hard\libc_nano.a(lib_a-reent.o)
                0x000000002000087c                errno
 *(COMMON)
                0x0000000020000880                . = ALIGN (0x4)
                0x0000000020000880                _ebss = .
                0x0000000020000880                __bss_end__ = _ebss

._user_heap_stack