../System/lcd_ili9341.c:28:20:FMC_BANK1_SetAddress	16	static,ignoring_inline_asm
../System/lcd_ili9341.c:40:20:FMC_BANK1_WriteData	16	static,ignoring_inline_asm
../System/lcd_ili9341.c:53:24:FMC_BANK1_ReadData	4	static
../System/lcd_ili9341.c:61:6:ILI9341_SetAddress	16	static
../System/lcd_ili9341.c:71:6:ILI9341_SendData	24	static
../System/lcd_ili9341.c:83:6:ILI9341_SendRepeatedData	24	static
../System/lcd_ili9341.c:96:9:ILI9341_SendDataDMA	24	static
../System/lcd_ili9341.c:126:6:ILI9341_RecvData	32	static
../System/lcd_ili9341.c:137:6:ILI9341_SetOrientation	24	static
../System/lcd_ili9341.c:167:6:ILI9341_SetDisplayWindow	40	static
../System/lcd_ili9341.c:201:6:ILI9341_Init	32	static
../System/lcd_ili9341.c:250:6:ILI9341_WaitTransfer	8	static
../System/lcd_ili9341.c:257:6:ILI9341_DisplayOn	16	static
../System/lcd_ili9341.c:263:6:ILI9341_DisplayOff	16	static
../System/lcd_ili9341.c:269:6:ILI9341_InvertDisplay	24	static
../System/lcd_ili9341.c:277:6:ILI9341_SetSleep	24	static
../System/lcd_ili9341.c:289:6:ILI9341_SetScrollArea	32	static
../System/lcd_ili9341.c:311:6:ILI9341_ScrollScreen	24	static
../System/lcd_ili9341.c:336:10:ILI9341_GetParam	24	static
