Archive member included to satisfy reference by file (symbol)

c:/st/stm32cubeide_1.8.0/stm32cubeide/plugins/com.st.stm32cube.ide.mcu.externaltools.gnu-tools-for-stm32.10.3-2021.10.win32_1.0.0.202111181127/tools/bin/../lib/gcc/arm-none-eabi/10.3.1/../../../../arm-none-eabi/lib/thumb/v7e-m+fp/hard\libc_nano.a(lib_a-errno.o)
                              ./Core/Src/syscalls.o (__errno)
c:/st/stm32cubeide_1.8.0/stm32cubeide/plugins/com.st.stm32cube.ide.mcu.externaltools.gnu-tools-for-stm32.10.3-2021.10.win32_1.0.0.202111181127/tools/bin/../lib/gcc/arm-none-eabi/10.3.1/../../../../arm-none-eabi/lib/thumb/v7e-m+fp/hard\libc_nano.a(lib_a-exit.o)
                              c:/st/stm32cubeide_1.8.0/stm32cubeide/plugins/com.st.stm32cube.ide.mcu.externaltools.gnu-tools-for-stm32.10.3-2021.10.win32_1.0.0.202111181127/tools/bin/../lib/gcc/arm-none-eabi/10.3.1/../../../../arm-none-eabi/lib/thumb/v7e-m+fp/hard/crt0.o (exit)
c:/st/stm32cubeide_1.8.0/stm32cubeide/plugins/com.st.stm32cube.ide.mcu.externaltools.gnu-tools-for-stm32.10.3-2021.10.win32_1.0.0.202111181127/tools/bin/../lib/gcc/arm-none-eabi/10.3.1/../../../../arm-none-eabi/lib/thumb/v7e-m+fp/hard\libc_nano.a(lib_a-impure.o)
                              c:/st/stm32cubeide_1.8.0/stm32cubeide/plugins/com.st.stm32cube.ide.mcu.externaltools.gnu-tools-for-stm32.10.3-2021.10.win32_1.0.0.202111181127/tools/bin/../lib/gcc/arm-none-eabi/10.3.1/../../../../arm-none-eabi/lib/thumb/v7e-m+fp/hard\libc_nano.a(lib_a-exit.o) (_global_impure_ptr)
c:/st/stm32cubeide_1.8.0/stm32cubeide/plugins/com.st.stm32cube.ide.mcu.externaltools.gnu-tools-for-stm32.10.3-2021.10.win32_1.0.0.202111181127/tools/bin/../lib/gcc/arm-none-eabi/10.3.1/../../../../arm-none-eabi/lib/thumb/v7e-m+fp/hard\libc_nano.a(lib_a-init.o)
                              c:/st/stm32cubeide_1.8.0/stm32cubeide/plugins/com.st.stm32cube.ide.mcu.externaltools.gnu-tools-for-stm32.10.3-2021.10.win32_1.0.0.202111181127/tools/bin/../lib/gcc/arm-none-eabi/10.3.1/../../../../arm-none-eabi/lib/thumb/v7e-m+fp/hard/crt0.o (__libc_init_array)
c:/st/stm32cubeide_1.8.0/stm32cubeide/plugins/com.st.stm32cube.ide.mcu.externaltools.gnu-tools-for-stm32.10.3-2021.10.win32_1.0.0.202111181127/tools/bin/../lib/gcc/arm-none-eabi/10.3.1/../../../../arm-none-eabi/lib/thumb/v7e-m+fp/hard\libc_nano.a(lib_a-malloc.o)
                              ./Application/graphics.o (malloc)
c:/st/stm32cubeide_1.8.0/stm32cubeide/plugins/com.st.stm32cube.ide.mcu.externaltools.gnu-tools-for-stm32.10.3-2021.10.win32_1.0.0.202111181127/tools/bin/../lib/gcc/arm-none-eabi/10.3.1/../../../../arm-none-eabi/lib/thumb/v7e-m+fp/hard\libc_nano.a(lib_a-memset.o)
                              c:/st/stm32cubeide_1.8.0/stm32cubeide/plugins/com.st.stm32cube.ide.mcu.externaltools.gnu-tools-for-stm32.10.3-2021.10.win32_1.0.0.202111181127/tools/bin/../lib/gcc/arm-none-eabi/10.3.1/../../../../arm-none-eabi/lib/thumb/v7e-m+fp/hard/crt0.o (memset)
c:/st/stm32cubeide_1.8.0/stm32cubeide/plugins/com.st.stm32cube.ide.mcu.externaltools.gnu-tools-for-stm32.10.3-2021.10.win32_1.0.0.202111181127/tools/bin/../lib/gcc/arm-none-eabi/10.3.1/../../../../arm-none-eabi/lib/thumb/v7e-m+fp/hard\libc_nano.a(lib_a-nano-freer.o)
                              c:/st/stm32cubeide_1.8.0/stm32cubeide/plugins/com.st.stm32cube.ide.mcu.externaltools.gnu-tools-for-stm32.10.3-2021.10.win32_1.0.0.202111181127/tools/bin/../lib/gcc/arm-none-eabi/10.3.1/../../../../arm-none-eabi/lib/thumb/v7e-m+fp/hard\libc_nano.a(lib_a-malloc.o) (_free_r)
c:/st/stm32cubeide_1.8.0/stm32cubeide/plugins/com.st.stm32cube.ide.mcu.externaltools.gnu-tools-for-stm32.10.3-2021.10.win32_1.0.0.202111181127/tools/bin/../lib/gcc/arm-none-eabi/10.3.1/../../../../arm-none-eabi/lib/thumb/v7e-m+fp/hard\libc_nano.a(lib_a-nano-mallocr.o)
                              c:/st/stm32cubeide_1.8.0/stm32cubeide/plugins/com.st.stm32cube.ide.mcu.externaltools.gnu-tools-for-stm32.10.3-2021.10.win32_1.0.0.202111181127/tools/bin/../lib/gcc/arm-none-eabi/10.3.1/../../../../arm-none-eabi/lib/thumb/v7e-m+fp/hard\libc_nano.a(lib_a-malloc.o) (_malloc_r)
c:/st/stm32cubeide_1.8.0/stm32cubeide/plugins/com.st.stm32cube.ide.mcu.externaltools.gnu-tools-for-stm32.10.3-2021.10.win32_1.0.0.202111181127/tools/bin/../lib/gcc/arm-none-eabi/10.3.1/../../../../arm-none-eabi/lib/thumb/v7e-m+fp/hard\libc_nano.a(lib_a-printf.o)
                              ./Application/game.o (printf)
c:/st/stm32cubeide_1.8.0/stm32cubeide/plugins/com.st.stm32cube.ide.mcu.externaltools.gnu-tools-for-stm32.10.3-2021.10.win32_1.0.0.202111181127/tools/bin/../lib/gcc/arm-none-eabi/10.3.1/../../../../arm-none-eabi/lib/thumb/v7e-m+fp/hard\libc_nano.a(lib_a-putchar.o)
                              ./System/joystick.o (putchar)
c:/st/stm32cubeide_1.8.0/stm32cubeide/plugins/com.st.stm32cube.ide.mcu.externaltools.gnu-tools-for-stm32.10.3-2021.10.win32_1.0.0.202111181127/tools/bin/../lib/gcc/arm-none-eabi/10.3.1/../../../../arm-none-eabi/lib/thumb/v7e-m+fp/hard\libc_nano.a(lib_a-puts.o)
[...]
Memory Configuration

Name             Origin             Length             Attributes
RAM              0x0000000020000000 0x0000000000020000 xrw
FLASH            0x0000000008000000 0x0000000000080000 xr
*default*        0x0000000000000000 0xffffffffffffffff

Linker script and memory map

LOAD c:/st/stm32cubeide_1.8.0/stm32cubeide/plugins/com.st.stm32cube.ide.mcu.externaltools.gnu-tools-for-stm32.10.3-2021.10.win32_1.0.0.202111181127/tools/bin/../lib/gcc/arm-none-eabi/10.3.1/thumb/v7e-m+fp/hard/crti.o
LOAD c:/st/stm32cubeide_1.8.0/stm32cubeide/plugins/com.st.stm32cube.ide.mcu.externaltools.gnu-tools-for-stm32.10.3-2021.10.win32_1.0.0.202111181127/tools/bin/../lib/gcc/arm-none-eabi/10.3.1/thumb/v7e-m+fp/hard/crtbegin.o
LOAD c:/st/stm32cubeide_1.8.0/stm32cubeide/plugins/com.st.stm32cube.ide.mcu.externaltools.gnu-tools-for-stm32.10.3-2021.10.win32_1.0.0.202111181127/tools/bin/../lib/gcc/arm-none-eabi/10.3.1/../../../../arm-none-eabi/lib/thumb/v7e-m+fp/hard/crt0.o
LOAD ./Application/game.o
LOAD ./Application/graphics.o
LOAD ./Application/objects.o
LOAD ./Core/Src/main.o
LOAD ./Core/Src/stm32g4xx_hal_msp.o
LOAD ./Core/Src/stm32g4xx_it.o
LOAD ./Core/Src/syscalls.o
LOAD ./Core/Src/sysmem.o
LOAD ./Core/Src/system_stm32g4xx.o
LOAD ./Core/Startup/startup_stm32g474qetx.o
LOAD ./Drivers/STM32G4xx_HAL_Driver/Src/stm32g4xx_hal.o
LOAD ./Drivers/STM32G4xx_HAL_Driver/Src/stm32g4xx_hal_adc.o
LOAD ./Drivers/STM32G4xx_HAL_Driver/Src/stm32g4xx_hal_adc_ex.o
LOAD ./Drivers/STM32G4xx_HAL_Driver/Src/stm32g4xx_hal_cortex.o
LOAD ./Drivers/STM32G4xx_HAL_Driver/Src/stm32g4xx_hal_dma.o
LOAD ./Drivers/STM32G4xx_HAL_Driver/Src/stm32g4xx_hal_dma_ex.o
LOAD ./Drivers/STM32G4xx_HAL_Driver/Src/stm32g4xx_hal_exti.o
LOAD ./Drivers/STM32G4xx_HAL_Driver/Src/stm32g4xx_hal_flash.o
LOAD ./Drivers/STM32G4xx_HAL_Driver/Src/stm32g4xx_hal_flash_ex.o
LOAD ./Drivers/STM32G4xx_HAL_Driver/Src/stm32g4xx_hal_flash_ramfunc.o
LOAD ./Drivers/STM32G4xx_HAL_Driver/Src/stm32g4xx_hal_gpio.o
LOAD ./Drivers/STM32G4xx_HAL_Driver/Src/stm32g4xx_hal_pwr.o
LOAD ./Drivers/STM32G4xx_HAL_Driver/Src/stm32g4xx_hal_pwr_ex.o
LOAD ./Drivers/STM32G4xx_HAL_Driver/Src/stm32g4xx_hal_rcc.o
LOAD ./Drivers/STM32G4xx_HAL_Driver/Src/stm32g4xx_hal_rcc_ex.o
LOAD ./Drivers/STM32G4xx_HAL_Driver/Src/stm32g4xx_hal_spi.o
LOAD ./Drivers/STM32G4xx_HAL_Driver/Src/stm32g4xx_hal_spi_ex.o
LOAD ./Drivers/STM32G4xx_HAL_Driver/Src/stm32g4xx_hal_sram.o
LOAD ./Drivers/STM32G4xx_HAL_Driver/Src/stm32g4xx_hal_tim.o
LOAD ./Drivers/STM32G4xx_HAL_Driver/Src/stm32g4xx_hal_tim_ex.o
LOAD ./Drivers/STM32G4xx_HAL_Driver/Src/stm32g4xx_ll_adc.o
LOAD ./Drivers/STM32G4xx_HAL_Driver/Src/stm32g4xx_ll_dma.o
LOAD ./Drivers/STM32G4xx_HAL_Driver/Src/stm32g4xx_ll_exti.o
LOAD ./Drivers/STM32G4xx_HAL_Driver/Src/stm32g4xx_ll_fmc.o
LOAD ./Drivers/STM32G4xx_HAL_Driver/Src/stm32g4xx_ll_gpio.o
LOAD ./Drivers/STM32G4xx_HAL_Driver/Src/stm32g4xx_ll_rcc.o
LOAD ./Drivers/STM32G4xx_HAL_Driver/Src/stm32g4xx_ll_tim.o
LOAD ./Drivers/STM32G4xx_HAL_Driver/Src/stm32g4xx_ll_usart.o
LOAD ./Drivers/STM32G4xx_HAL_Driver/Src/stm32g4xx_ll_utils.o
LOAD ./System/LED.o
LOAD ./System/SCI.o
LOAD ./System/XPT2046_touch.o
LOAD ./System/buf.o
LOAD ./System/joystick.o
LOAD ./System/kbd.o
LOAD ./System/lcd.o
LOAD ./System/lcd_backlight.o
LOAD ./System/lcd_ili9341.o
LOAD ./System/periodic_services.o
LOAD ./System/timing_utils.o
LOAD ./System/ugui.o
START GROUP
LOAD c:/st/stm32cubeide_1.8.0/stm32cubeide/plugins/com.st.stm32cube.ide.mcu.externaltools.gnu-tools-for-stm32.10.3-2021.10.win32_1.0.0.202111181127/tools/bin/../lib/gcc/arm-none-eabi/10.3.1/../../../../arm-none-eabi/lib/thumb/v7e-m+fp/hard\libstdc++_nano.a
LOAD c:/st/stm32cubeide_1.8.0/stm32cubeide/plugins/com.st.stm32cube.ide.mcu.externaltools.gnu-tools-for-stm32.10.3-2021.10.win32_1.0.0.202111181127/tools/bin/../lib/gcc/arm-none-eabi/10.3.1/../../../../arm-none-eabi/lib/thumb/v7e-m+fp/hard\libsupc++_nano.a
END GROUP
LOAD c:/st/stm32cubeide_1.8.0/stm32cubeide/plugins/com.st.stm32cube.ide.mcu.externaltools.gnu-tools-for-stm32.10.3-2021.10.win32_1.0.0.202111181127/tools/bin/../lib/gcc/arm-none-eabi/10.3.1/../../../../arm-none-eabi/lib/thumb/v7e-m+fp/hard\libstdc++_nano.a
LOAD c:/st/stm32cubeide_1.8.0/stm32cubeide/plugins/com.st.stm32cube.ide.mcu.externaltools.gnu-tools-for-stm32.10.3-2021.10.win32_1.0.0.202111181127/tools/bin/../lib/gcc/arm-none-eabi/10.3.1/../../../../arm-none-eabi/lib/thumb/v7e-m+fp/hard\libm.a
LOAD c:/st/stm32cubeide_1.8.0/stm32cubeide/plugins/com.st.stm32cube.ide.mcu.externaltools.gnu-tools-for-stm32.10.3-2021.10.win32_1.0.0.202111181127/tools/bin/../lib/gcc/arm-none-eabi/10.3.1/../../../../arm-none-eabi/lib/thumb/v7e-m+fp/hard\libc_nano.a
START GROUP
LOAD c:/st/stm32cubeide_1.8.0/stm32cubeide/plugins/com.st.stm32cube.ide.mcu.externaltools.gnu-tools-for-stm32.10.3-2021.10.win32_1.0.0.202111181127/tools/bin/../lib/gcc/arm-none-eabi/10.3.1/thumb/v7e-m+fp/hard\libgcc.a
LOAD c:/st/stm32cubeide_1.8.0/stm32cubeide/plugins/com.st.stm32cube.ide.mcu.externaltools.gnu-tools-for-stm32.10.3-2021.10.win32_1.0.0.202111181127/tools/bin/../lib/gcc/arm-none-eabi/10.3.1/../../../../arm-none-eabi/lib/thumb/v7e-m+fp/hard\libc_nano.a
END GROUP
START GROUP
LOAD c:/st/stm32cubeide_1.8.0/stm32cubeide/plugins/com.st.stm32cube.ide.mcu.externaltools.gnu-tools-for-stm32.10.3-2021.10.win32_1.0.0.202111181127/tools/bin/../lib/gcc/arm-none-eabi/10.3.1/thumb/v7e-m+fp/hard\libgcc.a
LOAD c:/st/stm32cubeide_1.8.0/stm32cubeide/plugins/com.st.stm32cube.ide.mcu.externaltools.gnu-tools-for-stm32.10.3-2021.10.win32_1.0.0.202111181127/tools/bin/../lib/gcc/arm-none-eabi/10.3.1/../../../../arm-none-eabi/lib/thumb/v7e-m+fp/hard\libc_nano.a
LOAD c:/st/stm32cubeide_1.8.0/stm32cubeide/plugins/com.st.stm32cube.ide.mcu.externaltools.gnu-tools-for-stm32.10.3-2021.10.win32_1.0.0.202111181127/tools/bin/../lib/gcc/arm-none-eabi/10.3.1/../../../../arm-none-eabi/lib/thumb/v7e-m+fp/hard\libnosys.a
END GROUP
START GROUP
LOAD c:/st/stm32cubeide_1.8.0/stm32cubeide/plugins/com.st.stm32cube.ide.mcu.externaltools.gnu-tools-for-stm32.10.3-2021.10.win32_1.0.0.202111181127/tools/bin/../lib/gcc/arm-none-eabi/10.3.1/thumb/v7e-m+fp/hard\libgcc.a
LOAD c:/st/stm32cubeide_1.8.0/stm32cubeide/plugins/com.st.stm32cube.ide.mcu.externaltools.gnu-tools-for-stm32.10.3-2021.10.win32_1.0.0.202111181127/tools/bin/../lib/gcc/arm-none-eabi/10.3.1/../../../../arm-none-eabi/lib/thumb/v7e-m+fp/hard\libc_nano.a
LOAD c:/st/stm32cubeide_1.8.0/stm32cubeide/plugins/com.st.stm32cube.ide.mcu.externaltools.gnu-tools-for-stm32.10.3-2021.10.win32_1.0.0.202111181127/tools/bin/../lib/gcc/arm-none-eabi/10.3.1/../../../../arm-none-eabi/lib/thumb/v7e-m+fp/hard\libnosys.a
END GROUP
LOAD c:/st/stm32cubeide_1.8.0/stm32cubeide/plugins/com.st.stm32cube.ide.mcu.externaltools.gnu-tools-for-stm32.10.3-2021.10.win32_1.0.0.202111181127/tools/bin/../lib/gcc/arm-none-eabi/10.3.1/thumb/v7e-m+fp/hard/crtend.o
LOAD c:/st/stm32cubeide_1.8.0/stm32cubeide/plugins/com.st.stm32cube.ide.mcu.externaltools.gnu-tools-for-stm32.10.3-2021.10.win32_1.0.0.202111181127/tools/bin/../lib/gcc/arm-none-eabi/10.3.1/thumb/v7e-m+fp/hard/crtn.o
                0x0000000020020000                _estack = (ORIGIN (RAM) + LENGTH (RAM))
                0x0000000000000200                _Min_Heap_Size = 0x200
                0x0000000000000400                _Min_Stack_Size = 0x400

.isr_vector     0x0000000008000000      0x1d8
                0x0000000008000000                . = ALIGN (0x4)
 *(.isr_vector)
 .isr_vector    0x0000000008000000      0x1d8 ./Core/Startup/startup_stm32g474qetx.o
                0x0000000008000000                g_pfnVectors
                0x00000000080001d8                . = ALIGN (0x4)

.text           0x00000000080001e0     0xaa74
                0x00000000080001e0                . = ALIGN (0x4)
 *(.text)
 .text          0x00000000080001e0       0x40 c:/st/stm32cubeide_1.8.0/stm32cubeide/plugins/com.st.stm32cube.ide.mcu.externaltools.gnu-tools-for-stm32.10.3-2021.10.win32_1.0.0.202111181127/tools/bin/../lib/gcc/arm-none-eabi/10.3.1/thumb/v7e-m+fp/hard/crtbegin.o
 .text          0x0000000008000220       0xa0 c:/st/stm32cubeide_1.8.0/stm32cubeide/plugins/com.st.stm32cube.ide.mcu.externaltools.gnu-tools-for-stm32.10.3-2021.10.win32_1.0.0.202111181127/tools/bin/../lib/gcc/arm-none-eabi/10.3.1/../../../../arm-none-eabi/lib/thumb/v7e-m+fp/hard\libc_nano.a(lib_a-memchr.o)
                0x0000000008000220                memchr
 .text          0x00000000080002c0      0x378 c:/st/stm32cubeide_1.8.0/stm32cubeide/plugins/com.st.stm32cube.ide.mcu.externaltools.gnu-tools-for-stm32.10.3-2021.10.win32_1.0.0.202111181127/tools/bin/../lib/gcc/arm-none-eabi/10.3.1/thumb/v7e-m+fp/hard\libgcc.a(_arm_addsubdf3.o)
                0x00000000080002c0                __aeabi_drsub
                0x00000000080002c8                __aeabi_dsub
                0x00000000080002c8                __subdf3
                0x00000000080002cc                __aeabi_dadd
                0x00000000080002cc                __adddf3
                0x0000000008000544                __floatunsidf
                0x0000000008000544                __aeabi_ui2d
                0x0000000008000564                __floatsidf
                0x0000000008000564                __aeabi_i2d
                0x0000000008000588                __aeabi_f2d
                0x0000000008000588                __extendsfdf2
                0x00000000080005cc                __floatundidf
                0x00000000080005cc                __aeabi_ul2d
                0x00000000080005dc                __floatdidf
                0x00000000080005dc                __aeabi_l2d
 .text          0x0000000008000638       0x40 c:/st/stm32cubeide_1.8.0/stm32cubeide/plugins/com.st.stm32cube.ide.mcu.externaltools.gnu-tools-for-stm32.10.3-2021.10.win32_1.0.0.202111181127/tools/bin/../lib/gcc/arm-none-eabi/10.3.1/thumb/v7e-m+fp/hard\libgcc.a(_arm_fixunsdfsi.o)
                0x0000000008000638                __aeabi_d2uiz
                0x0000000008000638                __fixunsdfsi
 *(.text*)
 .text.Game     0x0000000008000678       0x9c ./Application/game.o
                0x0000000008000678                Game
 .text.Intro    0x0000000008000714       0xf8 ./Application/game.o
                0x0000000008000714                Intro
 .text.GamePlay
                0x000000000800080c       0x34 ./Application/game.o
                0x000000000800080c                GamePlay
 .text.GameOver
                0x0000000008000840      0x100 ./Application/game.o
                0x0000000008000840                GameOver
 .text.GFX_get_image_pixel
                0x0000000008000940       0x6a ./Application/graphics.o
                0x0000000008000940                GFX_get_image_pixel
 .text.GFX_get_image_part
                0x00000000080009aa       0xa2 ./Application/graphics.o
                0x00000000080009aa                GFX_get_image_part
 .text.GFX_allocate_image_buffer
                0x0000000008000a4c       0x1c ./Application/graphics.o
                0x0000000008000a4c                GFX_allocate_image_buffer
 .text.GFX_deallocate_image_buffer
                0x0000000008000a68       0x16 ./Application/graphics.o
                0x0000000008000a68                GFX_deallocate_image_buffer
 .text.GFX_draw_gfx_object
                0x0000000008000a7e       0x3e ./Application/graphics.o
                0x0000000008000a7e                GFX_draw_gfx_object
 .text.GFX_save_gfx_object_location
                0x0000000008000abc       0x50 ./Application/graphics.o
                0x0000000008000abc                GFX_save_gfx_object_location
 .text.GFX_init_location_restrictions
                0x0000000008000b0c      0x14a ./Application/graphics.o
                0x0000000008000b0c                GFX_init_location_restrictions
 .text.GFX_set_gfx_object_location
                0x0000000008000c56       0xbe ./Application/graphics.o
                0x0000000008000c56                GFX_set_gfx_object_location
 .text.GFX_init_gfx_object_location
                0x0000000008000d14       0x3a ./Application/graphics.o
                0x0000000008000d14                GFX_init_gfx_object_location
 .text.GFX_set_gfx_object_center_location
                0x0000000008000d4e       0xbe ./Application/graphics.o
                0x0000000008000d4e                GFX_set_gfx_object_center_location
 .text.GFX_init_gfx_object_center_location
                0x0000000008000e0c       0x3a ./Application/graphics.o
                0x0000000008000e0c                GFX_init_gfx_object_center_location
 .text.GFX_set_gfx_object_velocity
                0x0000000008000e46       0x2c ./Application/graphics.o
                0x0000000008000e46                GFX_set_gfx_object_velocity
 .text.GFX_get_object_movement_area
                0x0000000008000e72       0xae ./Application/graphics.o
                0x0000000008000e72                GFX_get_object_movement_area
 .text.GFX_absolute_coordinates_to_object_coordinates
                0x0000000008000f20       0x46 ./Application/graphics.o
                0x0000000008000f20                GFX_absolute_coordinates_to_object_coordinates
 *fill*         0x0000000008000f66        0x2 
 .text.GFX_draw_one_gfx_object_on_background
                0x0000000008000f68      0x134 ./Application/graphics.o
                0x0000000008000f68                GFX_draw_one_gfx_object_on_background
 .text.OBJ_init
                0x000000000800109c       0x38 ./Application/objects.o
                0x000000000800109c                OBJ_init
 .text.OBJ_init_canvas
                0x00000000080010d4       0xb4 ./Application/objects.o
                0x00000000080010d4                OBJ_init_canvas
 .text.OBJ_init_splash_screen
                0x0000000008001188       0x58 ./Application/objects.o
                0x0000000008001188                OBJ_init_splash_screen
 .text.OBJ_init_background
                0x00000000080011e0       0x58 ./Application/objects.o
                0x00000000080011e0                OBJ_init_background
 .text.OBJ_init_game_over_sprite
                0x0000000008001238       0x58 ./Application/objects.o
                0x0000000008001238                OBJ_init_game_over_sprite
 .text.OBJ_init_press_any_key_sprite
                0x0000000008001290       0x58 ./Application/objects.o
                0x0000000008001290                OBJ_init_press_any_key_sprite
 .text.OBJ_init_digit_sprites
                0x00000000080012e8      0x108 ./Application/objects.o
                0x00000000080012e8                OBJ_init_digit_sprites
 .text.OBJ_init_arduinos
                0x00000000080013f0      0x16c ./Application/objects.o
                0x00000000080013f0                OBJ_init_arduinos
 .text.OBJ_init_crosshair
                0x000000000800155c       0x6c ./Application/objects.o
                0x000000000800155c                OBJ_init_crosshair
 .text.OBJ_init_score_box_title
                0x00000000080015c8       0x40 ./Application/objects.o
                0x00000000080015c8                OBJ_init_score_box_title
 .text.OBJ_set_score_text_value
                0x0000000008001608       0x30 ./Application/objects.o
                0x0000000008001608                OBJ_set_score_text_value
 .text.OBJ_init_score_text
                0x0000000008001638       0x38 ./Application/objects.o
                0x0000000008001638                OBJ_init_score_text
 .text.OBJ_init_time_box_title
                0x0000000008001670       0x48 ./Application/objects.o
                0x0000000008001670                OBJ_init_time_box_title
 .text.OBJ_init_timeout_bar
                0x00000000080016b8       0x78 ./Application/objects.o
                0x00000000080016b8                OBJ_init_timeout_bar
 .text.__NVIC_GetPriorityGrouping
                0x0000000008001730       0x1c ./Core/Src/main.o
 .text.__NVIC_EnableIRQ
                0x000000000800174c       0x3c ./Core/Src/main.o
 .text.__NVIC_SetPriority
                0x0000000008001788       0x54 ./Core/Src/main.o
 .text.NVIC_EncodePriority
                0x00000000080017dc       0x66 ./Core/Src/main.o
 .text.LL_TIM_DisableARRPreload
                0x0000000008001842       0x20 ./Core/Src/main.o
 *fill*         0x0000000008001862        0x2 
 .text.LL_TIM_OC_DisableFast
                0x0000000008001864       0xb0 ./Core/Src/main.o
 .text.LL_TIM_OC_EnablePreload
                0x0000000008001914       0xac ./Core/Src/main.o
 .text.LL_TIM_SetClockSource
                0x00000000080019c0       0x2a ./Core/Src/main.o
 .text.LL_TIM_SetTriggerOutput
                0x00000000080019ea       0x2a ./Core/Src/main.o
 .text.LL_TIM_DisableMasterSlaveMode
                0x0000000008001a14       0x20 ./Core/Src/main.o
 .text.LL_USART_Enable
                0x0000000008001a34       0x20 ./Core/Src/main.o
 .text.LL_USART_DisableFIFO
                0x0000000008001a54       0x20 ./Core/Src/main.o
 .text.LL_USART_SetTXFIFOThreshold
                0x0000000008001a74       0x4e ./Core/Src/main.o
 .text.LL_USART_SetRXFIFOThreshold
                0x0000000008001ac2       0x4e ./Core/Src/main.o
 .text.LL_USART_DisableOverrunDetect
                0x0000000008001b10       0x20 ./Core/Src/main.o
 .text.LL_USART_ConfigAsyncMode
                0x0000000008001b30       0x2c ./Core/Src/main.o
 .text.LL_USART_IsActiveFlag_TEACK
                0x0000000008001b5c       0x28 ./Core/Src/main.o
 .text.LL_USART_IsActiveFlag_REACK
                0x0000000008001b84       0x28 ./Core/Src/main.o
 .text.LL_GPIO_ResetOutputPin
                0x0000000008001bac       0x1c ./Core/Src/main.o
 .text.LL_AHB2_GRP1_EnableClock
                0x0000000008001bc8       0x30 ./Core/Src/main.o
 .text.LL_APB1_GRP1_EnableClock
                0x0000000008001bf8       0x30 ./Core/Src/main.o
 .text.main     0x0000000008001c28       0xb0 ./Core/Src/main.o
                0x0000000008001c28                main
 .text.SystemClock_Config
                0x0000000008001cd8       0x98 ./Core/Src/main.o
                0x0000000008001cd8                SystemClock_Config
 .text.MX_ADC4_Init
                0x0000000008001d70       0xf0 ./Core/Src/main.o
 .text.MX_SPI1_Init
                0x0000000008001e60       0x7c ./Core/Src/main.o
 .text.MX_TIM1_Init
                0x0000000008001edc       0xa8 ./Core/Src/main.o
 .text.MX_TIM4_Init
                0x0000000008001f84       0xe0 ./Core/Src/main.o
 .text.MX_TIM6_Init
                0x0000000008002064       0x74 ./Core/Src/main.o
 .text.MX_USART3_UART_Init
                0x00000000080020d8      0x150 ./Core/Src/main.o
 .text.MX_DMA_Init
                0x0000000008002228       0x54 ./Core/Src/main.o
 .text.MX_FMC_Init
                0x000000000800227c       0xd0 ./Core/Src/main.o
 .text.MX_GPIO_Init
                0x000000000800234c      0x29c ./Core/Src/main.o
 .text.Error_Handler
                0x00000000080025e8        0xa ./Core/Src/main.o
                0x00000000080025e8                Error_Handler
 *fill*         0x00000000080025f2        0x2 
 .text.HAL_MspInit
                0x00000000080025f4       0x48 ./Core/Src/stm32g4xx_hal_msp.o
                0x00000000080025f4                HAL_MspInit
 .text.HAL_ADC_MspInit
                0x000000000800263c      0x10c ./Core/Src/stm32g4xx_hal_msp.o
                0x000000000800263c                HAL_ADC_MspInit
 .text.HAL_SPI_MspInit
                0x0000000008002748       0x88 ./Core/Src/stm32g4xx_hal_msp.o
                0x0000000008002748                HAL_SPI_MspInit
 .text.HAL_TIM_Base_MspInit
                0x00000000080027d0       0x40 ./Core/Src/stm32g4xx_hal_msp.o
                0x00000000080027d0                HAL_TIM_Base_MspInit
 .text.HAL_FMC_MspInit
                0x0000000008002810       0xb8 ./Core/Src/stm32g4xx_hal_msp.o
 .text.HAL_SRAM_MspInit
                0x00000000080028c8       0x14 ./Core/Src/stm32g4xx_hal_msp.o
                0x00000000080028c8                HAL_SRAM_MspInit
 .text.LL_TIM_ClearFlag_UPDATE
                0x00000000080028dc       0x1c ./Core/Src/stm32g4xx_it.o
 .text.LL_TIM_IsActiveFlag_UPDATE
                0x00000000080028f8       0x26 ./Core/Src/stm32g4xx_it.o
 .text.LL_TIM_IsEnabledIT_UPDATE
                0x000000000800291e       0x26 ./Core/Src/stm32g4xx_it.o
 .text.LL_USART_IsActiveFlag_RXNE_RXFNE
                0x0000000008002944       0x26 ./Core/Src/stm32g4xx_it.o
 .text.LL_USART_IsActiveFlag_TXE_TXFNF
                0x000000000800296a       0x26 ./Core/Src/stm32g4xx_it.o
 .text.LL_USART_IsEnabledIT_RXNE_RXFNE
                0x0000000008002990       0x26 ./Core/Src/stm32g4xx_it.o
 .text.LL_USART_IsEnabledIT_TXE_TXFNF
                0x00000000080029b6       0x26 ./Core/Src/stm32g4xx_it.o
 .text.NMI_Handler
                0x00000000080029dc        0x6 ./Core/Src/stm32g4xx_it.o
                0x00000000080029dc                NMI_Handler
 .text.HardFault_Handler
                0x00000000080029e2        0x6 ./Core/Src/stm32g4xx_it.o
                0x00000000080029e2                HardFault_Handler
 .text.MemManage_Handler
                0x00000000080029e8        0x6 ./Core/Src/stm32g4xx_it.o
                0x00000000080029e8                MemManage_Handler
 .text.BusFault_Handler
                0x00000000080029ee        0x6 ./Core/Src/stm32g4xx_it.o
                0x00000000080029ee                BusFault_Handler
 .text.UsageFault_Handler
                0x00000000080029f4        0x6 ./Core/Src/stm32g4xx_it.o
                0x00000000080029f4                UsageFault_Handler
 .text.SVC_Handler
                0x00000000080029fa        0xe ./Core/Src/stm32g4xx_it.o
                0x00000000080029fa                SVC_Handler
 .text.DebugMon_Handler
                0x0000000008002a08        0xe ./Core/Src/stm32g4xx_it.o
                0x0000000008002a08                DebugMon_Handler
 .text.PendSV_Handler
                0x0000000008002a16        0xe ./Core/Src/stm32g4xx_it.o
                0x0000000008002a16                PendSV_Handler
 .text.SysTick_Handler
                0x0000000008002a24        0xc ./Core/Src/stm32g4xx_it.o
                0x0000000008002a24                SysTick_Handler
 .text.DMA1_Channel1_IRQHandler
                0x0000000008002a30       0x14 ./Core/Src/stm32g4xx_it.o
                0x0000000008002a30                DMA1_Channel1_IRQHandler
 .text.USART3_IRQHandler
                0x0000000008002a44       0x44 ./Core/Src/stm32g4xx_it.o
                0x0000000008002a44                USART3_IRQHandler
 .text.TIM6_DAC_IRQHandler
                0x0000000008002a88       0x30 ./Core/Src/stm32g4xx_it.o
                0x0000000008002a88                TIM6_DAC_IRQHandler
 .text._read    0x0000000008002ab8       0x3a ./Core/Src/syscalls.o
                0x0000000008002ab8                _read
 .text._close   0x0000000008002af2       0x18 ./Core/Src/syscalls.o
                0x0000000008002af2                _close
 .text._fstat   0x0000000008002b0a       0x20 ./Core/Src/syscalls.o
                0x0000000008002b0a                _fstat
 .text._isatty  0x0000000008002b2a       0x16 ./Core/Src/syscalls.o
                0x0000000008002b2a                _isatty
 .text._lseek   0x0000000008002b40       0x1a ./Core/Src/syscalls.o
                0x0000000008002b40                _lseek
 *fill*         0x0000000008002b5a        0x2 
 .text._sbrk    0x0000000008002b5c       0x6c ./Core/Src/sysmem.o
                0x0000000008002b5c                _sbrk
 .text.SystemInit
                0x0000000008002bc8       0x24 ./Core/Src/system_stm32g4xx.o
                0x0000000008002bc8                SystemInit
 .text.Reset_Handler
                0x0000000008002bec       0x50 ./Core/Startup/startup_stm32g474qetx.o
                0x0000000008002bec                Reset_Handler
 .text.Default_Handler
                0x0000000008002c3c        0x2 ./Core/Startup/startup_stm32g474qetx.o
                0x0000000008002c3c                RTC_Alarm_IRQHandler
                0x0000000008002c3c                EXTI2_IRQHandler
                0x0000000008002c3c                TIM8_TRG_COM_IRQHandler
                0x0000000008002c3c                TIM8_CC_IRQHandler
                0x0000000008002c3c                HRTIM1_Master_IRQHandler
                0x0000000008002c3c                SPI4_IRQHandler
                0x0000000008002c3c                FDCAN3_IT0_IRQHandler
                0x0000000008002c3c                TIM1_CC_IRQHandler
                0x0000000008002c3c                HRTIM1_FLT_IRQHandler
                0x0000000008002c3c                HRTIM1_TIMF_IRQHandler
                0x0000000008002c3c                USB_HP_IRQHandler
                0x0000000008002c3c                CORDIC_IRQHandler
                0x0000000008002c3c                HRTIM1_TIMD_IRQHandler
                0x0000000008002c3c                DMA2_Channel8_IRQHandler
                0x0000000008002c3c                EXTI3_IRQHandler
                0x0000000008002c3c                I2C3_ER_IRQHandler
                0x0000000008002c3c                EXTI0_IRQHandler
                0x0000000008002c3c                I2C2_EV_IRQHandler
                0x0000000008002c3c                FPU_IRQHandler
                0x0000000008002c3c                FDCAN1_IT1_IRQHandler
                0x0000000008002c3c                TIM1_UP_TIM16_IRQHandler
                0x0000000008002c3c                ADC1_2_IRQHandler
                0x0000000008002c3c                HRTIM1_TIME_IRQHandler
                0x0000000008002c3c                SPI1_IRQHandler
                0x0000000008002c3c                HRTIM1_TIMC_IRQHandler
                0x0000000008002c3c                TIM8_UP_IRQHandler
                0x0000000008002c3c                DMA2_Channel2_IRQHandler
                0x0000000008002c3c                DMA1_Channel4_IRQHandler
                0x0000000008002c3c                TIM20_TRG_COM_IRQHandler
                0x0000000008002c3c                DMA1_Channel7_IRQHandler
                0x0000000008002c3c                UART5_IRQHandler
                0x0000000008002c3c                ADC3_IRQHandler
                0x0000000008002c3c                TIM4_IRQHandler
                0x0000000008002c3c                DMA2_Channel1_IRQHandler
                0x0000000008002c3c                QUADSPI_IRQHandler
                0x0000000008002c3c                I2C1_EV_IRQHandler
                0x0000000008002c3c                DMA1_Channel6_IRQHandler
                0x0000000008002c3c                UART4_IRQHandler
                0x0000000008002c3c                DMA2_Channel4_IRQHandler
                0x0000000008002c3c                TIM3_IRQHandler
                0x0000000008002c3c                RCC_IRQHandler
                0x0000000008002c3c                TIM20_UP_IRQHandler
                0x0000000008002c3c                Default_Handler
                0x0000000008002c3c                DMA2_Channel7_IRQHandler
                0x0000000008002c3c                RTC_TAMP_LSECSS_IRQHandler
                0x0000000008002c3c                FMAC_IRQHandler
                0x0000000008002c3c                EXTI15_10_IRQHandler
                0x0000000008002c3c                DMA1_Channel8_IRQHandler
                0x0000000008002c3c                HRTIM1_TIMA_IRQHandler
                0x0000000008002c3c                TIM7_DAC_IRQHandler
                0x0000000008002c3c                FDCAN3_IT1_IRQHandler
                0x0000000008002c3c                TIM5_IRQHandler
                0x0000000008002c3c                UCPD1_IRQHandler
                0x0000000008002c3c                I2C3_EV_IRQHandler
                0x0000000008002c3c                EXTI9_5_IRQHandler
                0x0000000008002c3c                RTC_WKUP_IRQHandler
                0x0000000008002c3c                PVD_PVM_IRQHandler
                0x0000000008002c3c                SPI2_IRQHandler
                0x0000000008002c3c                ADC5_IRQHandler
                0x0000000008002c3c                DMA2_Channel5_IRQHandler
                0x0000000008002c3c                CRS_IRQHandler
                0x0000000008002c3c                DMA1_Channel5_IRQHandler
                0x0000000008002c3c                USB_LP_IRQHandler
                0x0000000008002c3c                EXTI4_IRQHandler
                0x0000000008002c3c                RNG_IRQHandler
                0x0000000008002c3c                HRTIM1_TIMB_IRQHandler
                0x0000000008002c3c                TIM1_TRG_COM_TIM17_IRQHandler
                0x0000000008002c3c                FDCAN2_IT1_IRQHandler
                0x0000000008002c3c                DMA1_Channel3_IRQHandler
                0x0000000008002c3c                ADC4_IRQHandler
                0x0000000008002c3c                WWDG_IRQHandler
                0x0000000008002c3c                I2C4_EV_IRQHandler
                0x0000000008002c3c                FDCAN2_IT0_IRQHandler
                0x0000000008002c3c                LPUART1_IRQHandler
                0x0000000008002c3c                DMA2_Channel6_IRQHandler
                0x0000000008002c3c                FDCAN1_IT0_IRQHandler
                0x0000000008002c3c                TIM2_IRQHandler
                0x0000000008002c3c                COMP7_IRQHandler
                0x0000000008002c3c                COMP1_2_3_IRQHandler
                0x0000000008002c3c                EXTI1_IRQHandler
                0x0000000008002c3c                USART2_IRQHandler
                0x0000000008002c3c                COMP4_5_6_IRQHandler
                0x0000000008002c3c                TIM20_BRK_IRQHandler
                0x0000000008002c3c                I2C2_ER_IRQHandler
                0x0000000008002c3c                DMA1_Channel2_IRQHandler
                0x0000000008002c3c                TIM8_BRK_IRQHandler
                0x0000000008002c3c                FLASH_IRQHandler
                0x0000000008002c3c                TIM20_CC_IRQHandler
                0x0000000008002c3c                USART1_IRQHandler
                0x0000000008002c3c                SPI3_IRQHandler
                0x0000000008002c3c                I2C1_ER_IRQHandler
                0x0000000008002c3c                FMC_IRQHandler
                0x0000000008002c3c                LPTIM1_IRQHandler
                0x0000000008002c3c                DMAMUX_OVR_IRQHandler
                0x0000000008002c3c                I2C4_ER_IRQHandler
                0x0000000008002c3c                USBWakeUp_IRQHandler
                0x0000000008002c3c                SAI1_IRQHandler
                0x0000000008002c3c                DMA2_Channel3_IRQHandler
                0x0000000008002c3c                TIM1_BRK_TIM15_IRQHandler
 .text.HAL_Init
                0x0000000008002c3e       0x30 ./Drivers/STM32G4xx_HAL_Driver/Src/stm32g4xx_hal.o
                0x0000000008002c3e                HAL_Init
 *fill*         0x0000000008002c6e        0x2 
 .text.HAL_InitTick
                0x0000000008002c70       0x74 ./Drivers/STM32G4xx_HAL_Driver/Src/stm32g4xx_hal.o
                0x0000000008002c70                HAL_InitTick
 .text.HAL_IncTick
                0x0000000008002ce4       0x24 ./Drivers/STM32G4xx_HAL_Driver/Src/stm32g4xx_hal.o
                0x0000000008002ce4                HAL_IncTick
 .text.HAL_GetTick
                0x0000000008002d08       0x18 ./Drivers/STM32G4xx_HAL_Driver/Src/stm32g4xx_hal.o
                0x0000000008002d08                HAL_GetTick
 .text.HAL_Delay
                0x0000000008002d20       0x44 ./Drivers/STM32G4xx_HAL_Driver/Src/stm32g4xx_hal.o
                0x0000000008002d20                HAL_Delay
 .text.LL_ADC_SetCommonClock
                0x0000000008002d64       0x26 ./Drivers/STM32G4xx_HAL_Driver/Src/stm32g4xx_hal_adc.o
 .text.LL_ADC_SetCommonPathInternalCh
                0x0000000008002d8a       0x26 ./Drivers/STM32G4xx_HAL_Driver/Src/stm32g4xx_hal_adc.o
 .text.LL_ADC_GetCommonPathInternalCh
                0x0000000008002db0       0x1c ./Drivers/STM32G4xx_HAL_Driver/Src/stm32g4xx_hal_adc.o
 .text.LL_ADC_SetOffset
                0x0000000008002dcc       0x48 ./Drivers/STM32G4xx_HAL_Driver/Src/stm32g4xx_hal_adc.o
 .text.LL_ADC_GetOffsetChannel
                0x0000000008002e14       0x2c ./Drivers/STM32G4xx_HAL_Driver/Src/stm32g4xx_hal_adc.o
 .text.LL_ADC_SetOffsetState
                0x0000000008002e40       0x36 ./Drivers/STM32G4xx_HAL_Driver/Src/stm32g4xx_hal_adc.o
 .text.LL_ADC_SetOffsetSign
                0x0000000008002e76       0x36 ./Drivers/STM32G4xx_HAL_Driver/Src/stm32g4xx_hal_adc.o
 .text.LL_ADC_SetOffsetSaturation
                0x0000000008002eac       0x36 ./Drivers/STM32G4xx_HAL_Driver/Src/stm32g4xx_hal_adc.o
 .text.LL_ADC_SetSamplingTimeCommonConfig
                0x0000000008002ee2       0x26 ./Drivers/STM32G4xx_HAL_Driver/Src/stm32g4xx_hal_adc.o
 .text.LL_ADC_REG_IsTriggerSourceSWStart
                0x0000000008002f08       0x26 ./Drivers/STM32G4xx_HAL_Driver/Src/stm32g4xx_hal_adc.o
 .text.LL_ADC_REG_SetSequencerRanks
                0x0000000008002f2e       0x58 ./Drivers/STM32G4xx_HAL_Driver/Src/stm32g4xx_hal_adc.o
 .text.LL_ADC_SetChannelSamplingTime
                0x0000000008002f86       0x56 ./Drivers/STM32G4xx_HAL_Driver/Src/stm32g4xx_hal_adc.o
 .text.LL_ADC_SetChannelSingleDiff
                0x0000000008002fdc       0x50 ./Drivers/STM32G4xx_HAL_Driver/Src/stm32g4xx_hal_adc.o
 .text.LL_ADC_GetMultimode
                0x000000000800302c       0x1c ./Drivers/STM32G4xx_HAL_Driver/Src/stm32g4xx_hal_adc.o
 .text.LL_ADC_DisableDeepPowerDown
                0x0000000008003048       0x24 ./Drivers/STM32G4xx_HAL_Driver/Src/stm32g4xx_hal_adc.o
 .text.LL_ADC_IsDeepPowerDownEnabled
                0x000000000800306c       0x28 ./Drivers/STM32G4xx_HAL_Driver/Src/stm32g4xx_hal_adc.o
 .text.LL_ADC_EnableInternalRegulator
                0x0000000008003094       0x28 ./Drivers/STM32G4xx_HAL_Driver/Src/stm32g4xx_hal_adc.o
 .text.LL_ADC_IsInternalRegulatorEnabled
                0x00000000080030bc       0x28 ./Drivers/STM32G4xx_HAL_Driver/Src/stm32g4xx_hal_adc.o
 .text.LL_ADC_Enable
                0x00000000080030e4       0x28 ./Drivers/STM32G4xx_HAL_Driver/Src/stm32g4xx_hal_adc.o
 .text.LL_ADC_Disable
                0x000000000800310c       0x28 ./Drivers/STM32G4xx_HAL_Driver/Src/stm32g4xx_hal_adc.o
 .text.LL_ADC_IsEnabled
                0x0000000008003134       0x26 ./Drivers/STM32G4xx_HAL_Driver/Src/stm32g4xx_hal_adc.o
 .text.LL_ADC_IsDisableOngoing
                0x000000000800315a       0x26 ./Drivers/STM32G4xx_HAL_Driver/Src/stm32g4xx_hal_adc.o
 .text.LL_ADC_REG_StartConversion
                0x0000000008003180       0x28 ./Drivers/STM32G4xx_HAL_Driver/Src/stm32g4xx_hal_adc.o
 .text.LL_ADC_REG_IsConversionOngoing
                0x00000000080031a8       0x26 ./Drivers/STM32G4xx_HAL_Driver/Src/stm32g4xx_hal_adc.o
 .text.LL_ADC_INJ_IsConversionOngoing
                0x00000000080031ce       0x26 ./Drivers/STM32G4xx_HAL_Driver/Src/stm32g4xx_hal_adc.o
 .text.HAL_ADC_Init
                0x00000000080031f4      0x384 ./Drivers/STM32G4xx_HAL_Driver/Src/stm32g4xx_hal_adc.o
                0x00000000080031f4                HAL_ADC_Init
 .text.HAL_ADC_Start_DMA
                0x0000000008003578      0x1a8 ./Drivers/STM32G4xx_HAL_Driver/Src/stm32g4xx_hal_adc.o
                0x0000000008003578                HAL_ADC_Start_DMA
 .text.HAL_ADC_ConvCpltCallback
                0x0000000008003720       0x14 ./Drivers/STM32G4xx_HAL_Driver/Src/stm32g4xx_hal_adc.o
                0x0000000008003720                HAL_ADC_ConvCpltCallback
 .text.HAL_ADC_ConvHalfCpltCallback
                0x0000000008003734       0x14 ./Drivers/STM32G4xx_HAL_Driver/Src/stm32g4xx_hal_adc.o
                0x0000000008003734                HAL_ADC_ConvHalfCpltCallback
 .text.HAL_ADC_ErrorCallback
                0x0000000008003748       0x14 ./Drivers/STM32G4xx_HAL_Driver/Src/stm32g4xx_hal_adc.o
                0x0000000008003748                HAL_ADC_ErrorCallback
 .text.HAL_ADC_ConfigChannel
                0x000000000800375c      0x880 ./Drivers/STM32G4xx_HAL_Driver/Src/stm32g4xx_hal_adc.o
                0x000000000800375c                HAL_ADC_ConfigChannel
 .text.ADC_Enable
                0x0000000008003fdc       0xc4 ./Drivers/STM32G4xx_HAL_Driver/Src/stm32g4xx_hal_adc.o
                0x0000000008003fdc                ADC_Enable
 .text.ADC_Disable
                0x00000000080040a0       0xbe ./Drivers/STM32G4xx_HAL_Driver/Src/stm32g4xx_hal_adc.o
                0x00000000080040a0                ADC_Disable
 .text.ADC_DMAConvCplt
                0x000000000800415e       0xd8 ./Drivers/STM32G4xx_HAL_Driver/Src/stm32g4xx_hal_adc.o
                0x000000000800415e                ADC_DMAConvCplt
 .text.ADC_DMAHalfConvCplt
                0x0000000008004236       0x1c ./Drivers/STM32G4xx_HAL_Driver/Src/stm32g4xx_hal_adc.o
                0x0000000008004236                ADC_DMAHalfConvCplt
 .text.ADC_DMAError
                0x0000000008004252       0x34 ./Drivers/STM32G4xx_HAL_Driver/Src/stm32g4xx_hal_adc.o
                0x0000000008004252                ADC_DMAError
 .text.LL_ADC_StartCalibration
                0x0000000008004286       0x32 ./Drivers/STM32G4xx_HAL_Driver/Src/stm32g4xx_hal_adc_ex.o
 .text.LL_ADC_IsCalibrationOnGoing
                0x00000000080042b8       0x28 ./Drivers/STM32G4xx_HAL_Driver/Src/stm32g4xx_hal_adc_ex.o
 .text.HAL_ADCEx_Calibration_Start
                0x00000000080042e0       0xc4 ./Drivers/STM32G4xx_HAL_Driver/Src/stm32g4xx_hal_adc_ex.o
                0x00000000080042e0                HAL_ADCEx_Calibration_Start
 .text.__NVIC_SetPriorityGrouping
                0x00000000080043a4       0x48 ./Drivers/STM32G4xx_HAL_Driver/Src/stm32g4xx_hal_cortex.o
 .text.__NVIC_GetPriorityGrouping
                0x00000000080043ec       0x1c ./Drivers/STM32G4xx_HAL_Driver/Src/stm32g4xx_hal_cortex.o
 .text.__NVIC_EnableIRQ
                0x0000000008004408       0x3c ./Drivers/STM32G4xx_HAL_Driver/Src/stm32g4xx_hal_cortex.o
 .text.__NVIC_SetPriority
                0x0000000008004444       0x54 ./Drivers/STM32G4xx_HAL_Driver/Src/stm32g4xx_hal_cortex.o
 .text.NVIC_EncodePriority
                0x0000000008004498       0x66 ./Drivers/STM32G4xx_HAL_Driver/Src/stm32g4xx_hal_cortex.o
 *fill*         0x00000000080044fe        0x2 
 .text.SysTick_Config
                0x0000000008004500       0x44 ./Drivers/STM32G4xx_HAL_Driver/Src/stm32g4xx_hal_cortex.o
 .text.HAL_NVIC_SetPriorityGrouping
                0x0000000008004544       0x16 ./Drivers/STM32G4xx_HAL_Driver/Src/stm32g4xx_hal_cortex.o
                0x0000000008004544                HAL_NVIC_SetPriorityGrouping
 .text.HAL_NVIC_SetPriority
                0x000000000800455a       0x34 ./Drivers/STM32G4xx_HAL_Driver/Src/stm32g4xx_hal_cortex.o
                0x000000000800455a                HAL_NVIC_SetPriority
 .text.HAL_NVIC_EnableIRQ
                0x000000000800458e       0x1c ./Drivers/STM32G4xx_HAL_Driver/Src/stm32g4xx_hal_cortex.o
                0x000000000800458e                HAL_NVIC_EnableIRQ
 .text.HAL_SYSTICK_Config
                0x00000000080045aa       0x18 ./Drivers/STM32G4xx_HAL_Driver/Src/stm32g4xx_hal_cortex.o
                0x00000000080045aa                HAL_SYSTICK_Config
 *fill*         0x00000000080045c2        0x2 
 .text.HAL_DMA_Init
                0x00000000080045c4      0x150 ./Drivers/STM32G4xx_HAL_Driver/Src/stm32g4xx_hal_dma.o
                0x00000000080045c4                HAL_DMA_Init
 .text.HAL_DMA_Start_IT
                0x0000000008004714       0xf6 ./Drivers/STM32G4xx_HAL_Driver/Src/stm32g4xx_hal_dma.o
                0x0000000008004714                HAL_DMA_Start_IT
 .text.HAL_DMA_IRQHandler
                0x000000000800480a      0x15e ./Drivers/STM32G4xx_HAL_Driver/Src/stm32g4xx_hal_dma.o
                0x000000000800480a                HAL_DMA_IRQHandler
 .text.DMA_SetConfig
                0x0000000008004968       0x7c ./Drivers/STM32G4xx_HAL_Driver/Src/stm32g4xx_hal_dma.o
 .text.DMA_CalcDMAMUXChannelBaseAndMask
                0x00000000080049e4       0x7c ./Drivers/STM32G4xx_HAL_Driver/Src/stm32g4xx_hal_dma.o
 .text.DMA_CalcDMAMUXRequestGenBaseAndMask
                0x0000000008004a60       0x48 ./Drivers/STM32G4xx_HAL_Driver/Src/stm32g4xx_hal_dma.o
 .text.HAL_GPIO_Init
                0x0000000008004aa8      0x304 ./Drivers/STM32G4xx_HAL_Driver/Src/stm32g4xx_hal_gpio.o
                0x0000000008004aa8                HAL_GPIO_Init
 .text.HAL_PWREx_ControlVoltageScaling
                0x0000000008004dac      0x148 ./Drivers/STM32G4xx_HAL_Driver/Src/stm32g4xx_hal_pwr_ex.o
                0x0000000008004dac                HAL_PWREx_ControlVoltageScaling
 .text.HAL_PWREx_DisableUCPDDeadBattery
                0x0000000008004ef4       0x20 ./Drivers/STM32G4xx_HAL_Driver/Src/stm32g4xx_hal_pwr_ex.o
                0x0000000008004ef4                HAL_PWREx_DisableUCPDDeadBattery
 .text.HAL_RCC_OscConfig
                0x0000000008004f14      0x630 ./Drivers/STM32G4xx_HAL_Driver/Src/stm32g4xx_hal_rcc.o
                0x0000000008004f14                HAL_RCC_OscConfig
 .text.HAL_RCC_ClockConfig
                0x0000000008005544      0x278 ./Drivers/STM32G4xx_HAL_Driver/Src/stm32g4xx_hal_rcc.o
                0x0000000008005544                HAL_RCC_ClockConfig
 .text.HAL_RCC_GetSysClockFreq
                0x00000000080057bc       0xc4 ./Drivers/STM32G4xx_HAL_Driver/Src/stm32g4xx_hal_rcc.o
                0x00000000080057bc                HAL_RCC_GetSysClockFreq
 .text.RCC_GetSysClockFreqFromPLLSource
                0x0000000008005880       0x8c ./Drivers/STM32G4xx_HAL_Driver/Src/stm32g4xx_hal_rcc.o
 .text.HAL_RCCEx_PeriphCLKConfig
                0x000000000800590c      0x49c ./Drivers/STM32G4xx_HAL_Driver/Src/stm32g4xx_hal_rcc_ex.o
                0x000000000800590c                HAL_RCCEx_PeriphCLKConfig
 .text.HAL_SPI_Init
                0x0000000008005da8      0x156 ./Drivers/STM32G4xx_HAL_Driver/Src/stm32g4xx_hal_spi.o
                0x0000000008005da8                HAL_SPI_Init
 .text.HAL_SRAM_Init
                0x0000000008005efe       0x90 ./Drivers/STM32G4xx_HAL_Driver/Src/stm32g4xx_hal_sram.o
                0x0000000008005efe                HAL_SRAM_Init
 .text.HAL_TIM_Base_Init
                0x0000000008005f8e       0xae ./Drivers/STM32G4xx_HAL_Driver/Src/stm32g4xx_hal_tim.o
                0x0000000008005f8e                HAL_TIM_Base_Init
 .text.HAL_TIM_Base_Start
                0x000000000800603c       0xe0 ./Drivers/STM32G4xx_HAL_Driver/Src/stm32g4xx_hal_tim.o
                0x000000000800603c                HAL_TIM_Base_Start
 .text.HAL_TIM_ConfigClockSource
                0x000000000800611c      0x22c ./Drivers/STM32G4xx_HAL_Driver/Src/stm32g4xx_hal_tim.o
                0x000000000800611c                HAL_TIM_ConfigClockSource
 .text.TIM_Base_SetConfig
                0x0000000008006348      0x150 ./Drivers/STM32G4xx_HAL_Driver/Src/stm32g4xx_hal_tim.o
                0x0000000008006348                TIM_Base_SetConfig
 .text.TIM_TI1_ConfigInputStage
                0x0000000008006498       0x5e ./Drivers/STM32G4xx_HAL_Driver/Src/stm32g4xx_hal_tim.o
 .text.TIM_TI2_ConfigInputStage
                0x00000000080064f6       0x60 ./Drivers/STM32G4xx_HAL_Driver/Src/stm32g4xx_hal_tim.o
 .text.TIM_ITRx_SetConfig
                0x0000000008006556       0x3a ./Drivers/STM32G4xx_HAL_Driver/Src/stm32g4xx_hal_tim.o
 .text.TIM_ETR_SetConfig
                0x0000000008006590       0x40 ./Drivers/STM32G4xx_HAL_Driver/Src/stm32g4xx_hal_tim.o
                0x0000000008006590                TIM_ETR_SetConfig
 .text.HAL_TIMEx_MasterConfigSynchronization
                0x00000000080065d0      0x12c ./Drivers/STM32G4xx_HAL_Driver/Src/stm32g4xx_hal_tim_ex.o
                0x00000000080065d0                HAL_TIMEx_MasterConfigSynchronization
 .text.FMC_NORSRAM_Init
                0x00000000080066fc      0x1a0 ./Drivers/STM32G4xx_HAL_Driver/Src/stm32g4xx_ll_fmc.o
                0x00000000080066fc                FMC_NORSRAM_Init
 .text.FMC_NORSRAM_Timing_Init
                0x000000000800689c       0xa4 ./Drivers/STM32G4xx_HAL_Driver/Src/stm32g4xx_ll_fmc.o
                0x000000000800689c                FMC_NORSRAM_Timing_Init
 .text.FMC_NORSRAM_Extended_Timing_Init
                0x0000000008006940       0x74 ./Drivers/STM32G4xx_HAL_Driver/Src/stm32g4xx_ll_fmc.o
                0x0000000008006940                FMC_NORSRAM_Extended_Timing_Init
 .text.LL_GPIO_SetPinMode
                0x00000000080069b4       0x7a ./Drivers/STM32G4xx_HAL_Driver/Src/stm32g4xx_ll_gpio.o
 .text.LL_GPIO_SetPinOutputType
                0x0000000008006a2e       0x30 ./Drivers/STM32G4xx_HAL_Driver/Src/stm32g4xx_ll_gpio.o
 .text.LL_GPIO_SetPinSpeed
                0x0000000008006a5e       0x7a ./Drivers/STM32G4xx_HAL_Driver/Src/stm32g4xx_ll_gpio.o
 .text.LL_GPIO_SetPinPull
                0x0000000008006ad8       0x7a ./Drivers/STM32G4xx_HAL_Driver/Src/stm32g4xx_ll_gpio.o
 .text.LL_GPIO_SetAFPin_0_7
                0x0000000008006b52       0x7a ./Drivers/STM32G4xx_HAL_Driver/Src/stm32g4xx_ll_gpio.o
 .text.LL_GPIO_SetAFPin_8_15
                0x0000000008006bcc       0x7e ./Drivers/STM32G4xx_HAL_Driver/Src/stm32g4xx_ll_gpio.o
 .text.LL_GPIO_Init
                0x0000000008006c4a       0xdc ./Drivers/STM32G4xx_HAL_Driver/Src/stm32g4xx_ll_gpio.o
                0x0000000008006c4a                LL_GPIO_Init
 *fill*         0x0000000008006d26        0x2 
 .text.LL_RCC_HSI_IsReady
                0x0000000008006d28       0x28 ./Drivers/STM32G4xx_HAL_Driver/Src/stm32g4xx_ll_rcc.o
 .text.LL_RCC_LSE_IsReady
                0x0000000008006d50       0x28 ./Drivers/STM32G4xx_HAL_Driver/Src/stm32g4xx_ll_rcc.o
 .text.LL_RCC_GetSysClkSource
                0x0000000008006d78       0x1c ./Drivers/STM32G4xx_HAL_Driver/Src/stm32g4xx_ll_rcc.o
 .text.LL_RCC_GetAHBPrescaler
                0x0000000008006d94       0x1c ./Drivers/STM32G4xx_HAL_Driver/Src/stm32g4xx_ll_rcc.o
 .text.LL_RCC_GetAPB1Prescaler
                0x0000000008006db0       0x1c ./Drivers/STM32G4xx_HAL_Driver/Src/stm32g4xx_ll_rcc.o
 .text.LL_RCC_GetAPB2Prescaler
                0x0000000008006dcc       0x1c ./Drivers/STM32G4xx_HAL_Driver/Src/stm32g4xx_ll_rcc.o
 .text.LL_RCC_GetUSARTClockSource
                0x0000000008006de8       0x28 ./Drivers/STM32G4xx_HAL_Driver/Src/stm32g4xx_ll_rcc.o
 .text.LL_RCC_GetUARTClockSource
                0x0000000008006e10       0x28 ./Drivers/STM32G4xx_HAL_Driver/Src/stm32g4xx_ll_rcc.o
 .text.LL_RCC_PLL_GetMainSource
                0x0000000008006e38       0x1c ./Drivers/STM32G4xx_HAL_Driver/Src/stm32g4xx_ll_rcc.o
 .text.LL_RCC_PLL_GetN
                0x0000000008006e54       0x1c ./Drivers/STM32G4xx_HAL_Driver/Src/stm32g4xx_ll_rcc.o
 .text.LL_RCC_PLL_GetR
                0x0000000008006e70       0x1c ./Drivers/STM32G4xx_HAL_Driver/Src/stm32g4xx_ll_rcc.o
 .text.LL_RCC_PLL_GetDivider
                0x0000000008006e8c       0x1c ./Drivers/STM32G4xx_HAL_Driver/Src/stm32g4xx_ll_rcc.o
 .text.LL_RCC_GetUSARTClockFreq
                0x0000000008006ea8      0x18c ./Drivers/STM32G4xx_HAL_Driver/Src/stm32g4xx_ll_rcc.o
                0x0000000008006ea8                LL_RCC_GetUSARTClockFreq
 .text.LL_RCC_GetUARTClockFreq
                0x0000000008007034      0x114 ./Drivers/STM32G4xx_HAL_Driver/Src/stm32g4xx_ll_rcc.o
                0x0000000008007034                LL_RCC_GetUARTClockFreq
 .text.RCC_GetSystemClockFreq
                0x0000000008007148       0x4c ./Drivers/STM32G4xx_HAL_Driver/Src/stm32g4xx_ll_rcc.o
 .text.RCC_GetHCLKClockFreq
                0x0000000008007194       0x30 ./Drivers/STM32G4xx_HAL_Driver/Src/stm32g4xx_ll_rcc.o
 .text.RCC_GetPCLK1ClockFreq
                0x00000000080071c4       0x2c ./Drivers/STM32G4xx_HAL_Driver/Src/stm32g4xx_ll_rcc.o
 .text.RCC_GetPCLK2ClockFreq
                0x00000000080071f0       0x2c ./Drivers/STM32G4xx_HAL_Driver/Src/stm32g4xx_ll_rcc.o
 .text.RCC_PLL_GetFreqDomain_SYS
                0x000000000800721c       0x68 ./Drivers/STM32G4xx_HAL_Driver/Src/stm32g4xx_ll_rcc.o
 .text.LL_TIM_SetPrescaler
                0x0000000008007284       0x1c ./Drivers/STM32G4xx_HAL_Driver/Src/stm32g4xx_ll_tim.o
 .text.LL_TIM_SetAutoReload
                0x00000000080072a0       0x1c ./Drivers/STM32G4xx_HAL_Driver/Src/stm32g4xx_ll_tim.o
 .text.LL_TIM_SetRepetitionCounter
                0x00000000080072bc       0x1c ./Drivers/STM32G4xx_HAL_Driver/Src/stm32g4xx_ll_tim.o
 .text.LL_TIM_OC_SetCompareCH1
                0x00000000080072d8       0x1c ./Drivers/STM32G4xx_HAL_Driver/Src/stm32g4xx_ll_tim.o
 .text.LL_TIM_OC_SetCompareCH2
                0x00000000080072f4       0x1c ./Drivers/STM32G4xx_HAL_Driver/Src/stm32g4xx_ll_tim.o
 .text.LL_TIM_OC_SetCompareCH3
                0x0000000008007310       0x1c ./Drivers/STM32G4xx_HAL_Driver/Src/stm32g4xx_ll_tim.o
 .text.LL_TIM_OC_SetCompareCH4
                0x000000000800732c       0x1c ./Drivers/STM32G4xx_HAL_Driver/Src/stm32g4xx_ll_tim.o
 .text.LL_TIM_OC_SetCompareCH5
                0x0000000008007348       0x20 ./Drivers/STM32G4xx_HAL_Driver/Src/stm32g4xx_ll_tim.o
 .text.LL_TIM_OC_SetCompareCH6
                0x0000000008007368       0x1c ./Drivers/STM32G4xx_HAL_Driver/Src/stm32g4xx_ll_tim.o
 .text.LL_TIM_GenerateEvent_UPDATE
                0x0000000008007384       0x20 ./Drivers/STM32G4xx_HAL_Driver/Src/stm32g4xx_ll_tim.o
 .text.LL_TIM_Init
                0x00000000080073a4      0x144 ./Drivers/STM32G4xx_HAL_Driver/Src/stm32g4xx_ll_tim.o
                0x00000000080073a4                LL_TIM_Init
 .text.LL_TIM_OC_Init
                0x00000000080074e8       0xbe ./Drivers/STM32G4xx_HAL_Driver/Src/stm32g4xx_ll_tim.o
                0x00000000080074e8                LL_TIM_OC_Init
 *fill*         0x00000000080075a6        0x2 
 .text.OC1Config
                0x00000000080075a8      0x10c ./Drivers/STM32G4xx_HAL_Driver/Src/stm32g4xx_ll_tim.o
 .text.OC2Config
                0x00000000080076b4      0x114 ./Drivers/STM32G4xx_HAL_Driver/Src/stm32g4xx_ll_tim.o
 .text.OC3Config
                0x00000000080077c8      0x114 ./Drivers/STM32G4xx_HAL_Driver/Src/stm32g4xx_ll_tim.o
 .text.OC4Config
                0x00000000080078dc      0x114 ./Drivers/STM32G4xx_HAL_Driver/Src/stm32g4xx_ll_tim.o
 .text.OC5Config
                0x00000000080079f0       0xd4 ./Drivers/STM32G4xx_HAL_Driver/Src/stm32g4xx_ll_tim.o
 .text.OC6Config
                0x0000000008007ac4       0xd4 ./Drivers/STM32G4xx_HAL_Driver/Src/stm32g4xx_ll_tim.o
 .text.LL_USART_IsEnabled
                0x0000000008007b98       0x26 ./Drivers/STM32G4xx_HAL_Driver/Src/stm32g4xx_ll_usart.o
 .text.LL_USART_SetPrescaler
                0x0000000008007bbe       0x28 ./Drivers/STM32G4xx_HAL_Driver/Src/stm32g4xx_ll_usart.o
 .text.LL_USART_SetStopBitsLength
                0x0000000008007be6       0x26 ./Drivers/STM32G4xx_HAL_Driver/Src/stm32g4xx_ll_usart.o
 .text.LL_USART_SetHWFlowCtrl
                0x0000000008007c0c       0x26 ./Drivers/STM32G4xx_HAL_Driver/Src/stm32g4xx_ll_usart.o
 *fill*         0x0000000008007c32        0x2 
 .text.LL_USART_SetBaudRate
                0x0000000008007c34       0xa0 ./Drivers/STM32G4xx_HAL_Driver/Src/stm32g4xx_ll_usart.o
 .text.LL_USART_Init
                0x0000000008007cd4      0x10c ./Drivers/STM32G4xx_HAL_Driver/Src/stm32g4xx_ll_usart.o
                0x0000000008007cd4                LL_USART_Init
 .text.LL_GPIO_IsOutputPinSet
                0x0000000008007de0       0x2a ./System/LED.o
 .text.LL_GPIO_SetOutputPin
                0x0000000008007e0a       0x1c ./System/LED.o
 .text.LL_GPIO_ResetOutputPin
                0x0000000008007e26       0x1c ./System/LED.o
 *fill*         0x0000000008007e42        0x2 
 .text.LED_init
                0x0000000008007e44       0x7c ./System/LED.o
                0x0000000008007e44                LED_init
 .text.LED_on   0x0000000008007ec0       0x30 ./System/LED.o
                0x0000000008007ec0                LED_on
 .text.LED_off  0x0000000008007ef0       0x30 ./System/LED.o
                0x0000000008007ef0                LED_off
 .text.LEDs_on  0x0000000008007f20       0x5c ./System/LED.o
                0x0000000008007f20                LEDs_on
 .text.LEDs_off
                0x0000000008007f7c       0x5c ./System/LED.o
                0x0000000008007f7c                LEDs_off
 .text.LEDs_write
                0x0000000008007fd8       0x4e ./System/LED.o
                0x0000000008007fd8                LEDs_write
 *fill*         0x0000000008008026        0x2 
 .text.LEDs_read
                0x0000000008008028       0x5c ./System/LED.o
                0x0000000008008028                LEDs_read
 .text.LL_USART_IsActiveFlag_TXE_TXFNF
                0x0000000008008084       0x26 ./System/SCI.o
 .text.LL_USART_EnableIT_RXNE_RXFNE
                0x00000000080080aa       0x42 ./System/SCI.o
 .text.LL_USART_DisableIT_TXE_TXFNF
                0x00000000080080ec       0x42 ./System/SCI.o
 .text.LL_USART_ReceiveData8
                0x000000000800812e       0x1a ./System/SCI.o
 .text.LL_USART_TransmitData8
                0x0000000008008148       0x1e ./System/SCI.o
 *fill*         0x0000000008008166        0x2 
 .text.SCI_init
                0x0000000008008168       0x5c ./System/SCI.o
                0x0000000008008168                SCI_init
 .text.SCI_send_byte
                0x00000000080081c4       0x38 ./System/SCI.o
                0x00000000080081c4                SCI_send_byte
 .text.SCI_send_bytes
                0x00000000080081fc       0x36 ./System/SCI.o
                0x00000000080081fc                SCI_send_bytes
 .text._write   0x0000000008008232       0x20 ./System/SCI.o
                0x0000000008008232                _write
 *fill*         0x0000000008008252        0x2 
 .text.SCI_receive_char_Callback
                0x0000000008008254       0x24 ./System/SCI.o
                0x0000000008008254                SCI_receive_char_Callback
 .text.SCI_transmit_char_Callback
                0x0000000008008278       0x50 ./System/SCI.o
                0x0000000008008278                SCI_transmit_char_Callback
 .text.BUF_init
                0x00000000080082c8       0x26 ./System/buf.o
                0x00000000080082c8                BUF_init
 .text.BUF_flush
                0x00000000080082ee       0x30 ./System/buf.o
                0x00000000080082ee                BUF_flush
 .text.BUF_store_byte
                0x000000000800831e       0x7e ./System/buf.o
                0x000000000800831e                BUF_store_byte
 .text.BUF_get_byte
                0x000000000800839c       0x64 ./System/buf.o
                0x000000000800839c                BUF_get_byte
 .text.BUF_get_data_size
                0x0000000008008400       0x18 ./System/buf.o
                0x0000000008008400                BUF_get_data_size
 .text.LL_GPIO_IsInputPinSet
                0x0000000008008418       0x2a ./System/joystick.o
 *fill*         0x0000000008008442        0x2 
 .text.JOY_init
                0x0000000008008444       0xc0 ./System/joystick.o
                0x0000000008008444                JOY_init
 .text.JOY_scan_button
                0x0000000008008504       0x48 ./System/joystick.o
                0x0000000008008504                JOY_scan_button
 .text.LL_GPIO_IsInputPinSet
                0x000000000800854c       0x2a ./System/kbd.o
 *fill*         0x0000000008008576        0x2 
 .text.KBD_init
                0x0000000008008578       0xb4 ./System/kbd.o
                0x0000000008008578                KBD_init
 .text.KBD_scan
                0x000000000800862c       0xc8 ./System/kbd.o
                0x000000000800862c                KBD_scan
 .text.KBD_get_pressed_key
                0x00000000080086f4       0x28 ./System/kbd.o
                0x00000000080086f4                KBD_get_pressed_key
 .text.KBD_flush
                0x000000000800871c       0x14 ./System/kbd.o
                0x000000000800871c                KBD_flush
 .text.LCD_IO_Init
                0x0000000008008730       0x24 ./System/lcd.o
 .text.LCD_FillRect
                0x0000000008008754       0x56 ./System/lcd.o
                0x0000000008008754                LCD_FillRect
 .text.LCD_Init
                0x00000000080087aa       0x24 ./System/lcd.o
                0x00000000080087aa                LCD_Init
 .text.LCD_ClearScreen
                0x00000000080087ce       0x2c ./System/lcd.o
                0x00000000080087ce                LCD_ClearScreen
 .text.UserPixelSetFunction
                0x00000000080087fa       0x2a ./System/lcd.o
                0x00000000080087fa                UserPixelSetFunction
 .text.LCD_uGUI_init
                0x0000000008008824       0x44 ./System/lcd.o
                0x0000000008008824                LCD_uGUI_init
 .text.LCD_uGUI_demo_Misko3
                0x0000000008008868       0xe4 ./System/lcd.o
                0x0000000008008868                LCD_uGUI_demo_Misko3
 .text.LL_TIM_EnableCounter
                0x000000000800894c       0x20 ./System/lcd_backlight.o
 .text.LL_TIM_CC_EnableChannel
                0x000000000800896c       0x22 ./System/lcd_backlight.o
 .text.LL_TIM_OC_SetCompareCH1
                0x000000000800898e       0x1c ./System/lcd_backlight.o
 .text.LL_TIM_OC_GetCompareCH1
                0x00000000080089aa       0x18 ./System/lcd_backlight.o
 *fill*         0x00000000080089c2        0x2 
 .text.LCD_BKLT_init
                0x00000000080089c4       0x54 ./System/lcd_backlight.o
                0x00000000080089c4                LCD_BKLT_init
 .text.LCD_BKLT_on
                0x0000000008008a18       0x1c ./System/lcd_backlight.o
                0x0000000008008a18                LCD_BKLT_on
 .text.FMC_BANK1_SetAddress
                0x0000000008008a34       0x24 ./System/lcd_ili9341.o
 .text.FMC_BANK1_WriteData
                0x0000000008008a58       0x28 ./System/lcd_ili9341.o
 .text.ILI9341_SetAddress
                0x0000000008008a80       0x1a ./System/lcd_ili9341.o
                0x0000000008008a80                ILI9341_SetAddress
 .text.ILI9341_SendData
                0x0000000008008a9a       0x44 ./System/lcd_ili9341.o
                0x0000000008008a9a                ILI9341_SendData
 .text.ILI9341_SendRepeatedData
                0x0000000008008ade       0x3e ./System/lcd_ili9341.o
                0x0000000008008ade                ILI9341_SendRepeatedData
 .text.ILI9341_SetOrientation
                0x0000000008008b1c       0x70 ./System/lcd_ili9341.o
                0x0000000008008b1c                ILI9341_SetOrientation
 .text.ILI9341_SetDisplayWindow
                0x0000000008008b8c       0xc4 ./System/lcd_ili9341.o
                0x0000000008008b8c                ILI9341_SetDisplayWindow
 .text.ILI9341_Init
                0x0000000008008c50       0xec ./System/lcd_ili9341.o
                0x0000000008008c50                ILI9341_Init
 .text.ILI9341_WaitTransfer
                0x0000000008008d3c        0xe ./System/lcd_ili9341.o
                0x0000000008008d3c                ILI9341_WaitTransfer
 .text.ILI9341_DisplayOn
                0x0000000008008d4a       0x1a ./System/lcd_ili9341.o
                0x0000000008008d4a                ILI9341_DisplayOn
 .text.ILI9341_GetParam
                0x0000000008008d64       0x60 ./System/lcd_ili9341.o
                0x0000000008008d64                ILI9341_GetParam
 .text.LL_TIM_EnableCounter
                0x0000000008008dc4       0x20 ./System/periodic_services.o
 .text.LL_TIM_EnableIT_UPDATE
                0x0000000008008de4       0x20 ./System/periodic_services.o
 .text.PSERV_init
                0x0000000008008e04       0x20 ./System/periodic_services.o
                0x0000000008008e04                PSERV_init
 .text.PSERV_enable
                0x0000000008008e24       0x18 ./System/periodic_services.o
                0x0000000008008e24                PSERV_enable
 .text.PSERV_run_services_Callback
                0x0000000008008e3c       0x10 ./System/periodic_services.o
                0x0000000008008e3c                PSERV_run_services_Callback
 .text.TIMUT_stopwatch_set_time_mark
                0x0000000008008e4c       0x1a ./System/timing_utils.o
                0x0000000008008e4c                TIMUT_stopwatch_set_time_mark
 .text.TIMUT_stopwatch_update
                0x0000000008008e66       0x20 ./System/timing_utils.o
                0x0000000008008e66                TIMUT_stopwatch_update
 .text.TIMUT_stopwatch_has_X_ms_passed
                0x0000000008008e86       0x28 ./System/timing_utils.o
                0x0000000008008e86                TIMUT_stopwatch_has_X_ms_passed
 *fill*         0x0000000008008eae        0x2 
 .text.UG_Init  0x0000000008008eb0      0x100 ./System/ugui.o
                0x0000000008008eb0                UG_Init
 .text.UG_FontSelect
                0x0000000008008fb0       0x30 ./System/ugui.o
                0x0000000008008fb0                UG_FontSelect
 .text.UG_FillScreen
                0x0000000008008fe0       0x34 ./System/ugui.o
                0x0000000008008fe0                UG_FillScreen
 .text.UG_FillFrame
                0x0000000008009014       0xa8 ./System/ugui.o
                0x0000000008009014                UG_FillFrame
 .text.UG_PutString
                0x00000000080090bc       0xe0 ./System/ugui.o
                0x00000000080090bc                UG_PutString
 .text.UG_PutChar
                0x000000000800919c       0x34 ./System/ugui.o
                0x000000000800919c                UG_PutChar
 .text.UG_SetForecolor
                0x00000000080091d0       0x20 ./System/ugui.o
                0x00000000080091d0                UG_SetForecolor
 .text.UG_SetBackcolor
                0x00000000080091f0       0x20 ./System/ugui.o
                0x00000000080091f0                UG_SetBackcolor
 .text._UG_PutChar
                0x0000000008009210      0x548 ./System/ugui.o
                0x0000000008009210                _UG_PutChar
 .text.__errno  0x0000000008009758        0xc c:/st/stm32cubeide_1.8.0/stm32cubeide/plugins/com.st.stm32cube.ide.mcu.externaltools.gnu-tools-for-stm32.10.3-2021.10.win32_1.0.0.202111181127/tools/bin/../lib/gcc/arm-none-eabi/10.3.1/../../../../arm-none-eabi/lib/thumb/v7e-m+fp/hard\libc_nano.a(lib_a-errno.o)
                0x0000000008009758                __errno
 .text.__libc_init_array
                0x0000000008009764       0x48 c:/st/stm32cubeide_1.8.0/stm32cubeide/plugins/com.st.stm32cube.ide.mcu.externaltools.gnu-tools-for-stm32.10.3-2021.10.win32_1.0.0.202111181127/tools/bin/../lib/gcc/arm-none-eabi/10.3.1/../../../../arm-none-eabi/lib/thumb/v7e-m+fp/hard\libc_nano.a(lib_a-init.o)
                0x0000000008009764                __libc_init_array
 .text.malloc   0x00000000080097ac       0x10 c:/st/stm32cubeide_1.8.0/stm32cubeide/plugins/com.st.stm32cube.ide.mcu.externaltools.gnu-tools-for-stm32.10.3-2021.10.win32_1.0.0.202111181127/tools/bin/../lib/gcc/arm-none-eabi/10.3.1/../../../../arm-none-eabi/lib/thumb/v7e-m+fp/hard\libc_nano.a(lib_a-malloc.o)
                0x00000000080097ac                malloc
 .text.free     0x00000000080097bc       0x10 c:/st/stm32cubeide_1.8.0/stm32cubeide/plugins/com.st.stm32cube.ide.mcu.externaltools.gnu-tools-for-stm32.10.3-2021.10.win32_1.0.0.202111181127/tools/bin/../lib/gcc/arm-none-eabi/10.3.1/../../../../arm-none-eabi/lib/thumb/v7e-m+fp/hard\libc_nano.a(lib_a-malloc.o)
                0x00000000080097bc                free
 .text.memset   0x00000000080097cc       0x10 c:/st/stm32cubeide_1.8.0/stm32cubeide/plugins/com.st.stm32cube.ide.mcu.externaltools.gnu-tools-for-stm32.10.3-2021.10.win32_1.0.0.202111181127/tools/bin/../lib/gcc/arm-none-eabi/10.3.1/../../../../arm-none-eabi/lib/thumb/v7e-m+fp/hard\libc_nano.a(lib_a-memset.o)
                0x00000000080097cc                memset
 .text._free_r  0x00000000080097dc       0x98 c:/st/stm32cubeide_1.8.0/stm32cubeide/plugins/com.st.stm32cube.ide.mcu.externaltools.gnu-tools-for-stm32.10.3-2021.10.win32_1.0.0.202111181127/tools/bin/../lib/gcc/arm-none-eabi/10.3.1/../../../../arm-none-eabi/lib/thumb/v7e-m+fp/hard\libc_nano.a(lib_a-nano-freer.o)
                0x00000000080097dc                _free_r
 .text.sbrk_aligned
                0x0000000008009874       0x40 c:/st/stm32cubeide_1.8.0/stm32cubeide/plugins/com.st.stm32cube.ide.mcu.externaltools.gnu-tools-for-stm32.10.3-2021.10.win32_1.0.0.202111181127/tools/bin/../lib/gcc/arm-none-eabi/10.3.1/../../../../arm-none-eabi/lib/thumb/v7e-m+fp/hard\libc_nano.a(lib_a-nano-mallocr.o)
 .text._malloc_r
                0x00000000080098b4       0xe8 c:/st/stm32cubeide_1.8.0/stm32cubeide/plugins/com.st.stm32cube.ide.mcu.externaltools.gnu-tools-for-stm32.10.3-2021.10.win32_1.0.0.202111181127/tools/bin/../lib/gcc/arm-none-eabi/10.3.1/../../../../arm-none-eabi/lib/thumb/v7e-m+fp/hard\libc_nano.a(lib_a-nano-mallocr.o)
                0x00000000080098b4                _malloc_r
 .text.printf   0x000000000800999c       0x30 c:/st/stm32cubeide_1.8.0/stm32cubeide/plugins/com.st.stm32cube.ide.mcu.externaltools.gnu-tools-for-stm32.10.3-2021.10.win32_1.0.0.202111181127/tools/bin/../lib/gcc/arm-none-eabi/10.3.1/../../../../arm-none-eabi/lib/thumb/v7e-m+fp/hard\libc_nano.a(lib_a-printf.o)
                0x000000000800999c                iprintf
                0x000000000800999c                printf
 .text._sbrk_r  0x00000000080099cc       0x20 c:/st/stm32cubeide_1.8.0/stm32cubeide/plugins/com.st.stm32cube.ide.mcu.externaltools.gnu-tools-for-stm32.10.3-2021.10.win32_1.0.0.202111181127/tools/bin/../lib/gcc/arm-none-eabi/10.3.1/../../../../arm-none-eabi/lib/thumb/v7e-m+fp/hard\libc_nano.a(lib_a-sbrkr.o)
                0x00000000080099cc                _sbrk_r
 .text.setvbuf  0x00000000080099ec      0x18c c:/st/stm32cubeide_1.8.0/stm32cubeide/plugins/com.st.stm32cube.ide.mcu.externaltools.gnu-tools-for-stm32.10.3-2021.10.win32_1.0.0.202111181127/tools/bin/../lib/gcc/arm-none-eabi/10.3.1/../../../../arm-none-eabi/lib/thumb/v7e-m+fp/hard\libc_nano.a(lib_a-setvbuf.o)
                0x00000000080099ec                setvbuf
 .text.sprintf  0x0000000008009b78       0x40 c:/st/stm32cubeide_1.8.0/stm32cubeide/plugins/com.st.stm32cube.ide.mcu.externaltools.gnu-tools-for-stm32.10.3-2021.10.win32_1.0.0.202111181127/tools/bin/../lib/gcc/arm-none-eabi/10.3.1/../../../../arm-none-eabi/lib/thumb/v7e-m+fp/hard\libc_nano.a(lib_a-sprintf.o)
                0x0000000008009b78                siprintf
                0x0000000008009b78                sprintf
 .text.__swbuf_r
                0x0000000008009bb8       0xa4 c:/st/stm32cubeide_1.8.0/stm32cubeide/plugins/com.st.stm32cube.ide.mcu.externaltools.gnu-tools-for-stm32.10.3-2021.10.win32_1.0.0.202111181127/tools/bin/../lib/gcc/arm-none-eabi/10.3.1/../../../../arm-none-eabi/lib/thumb/v7e-m+fp/hard\libc_nano.a(lib_a-wbuf.o)
                0x0000000008009bb8                __swbuf_r
 .text.__swsetup_r
                0x0000000008009c5c       0xdc c:/st/stm32cubeide_1.8.0/stm32cubeide/plugins/com.st.stm32cube.ide.mcu.externaltools.gnu-tools-for-stm32.10.3-2021.10.win32_1.0.0.202111181127/tools/bin/../lib/gcc/arm-none-eabi/10.3.1/../../../../arm-none-eabi/lib/thumb/v7e-m+fp/hard\libc_nano.a(lib_a-wsetup.o)
                0x0000000008009c5c                __swsetup_r
 .text.__sflush_r
                0x0000000008009d38      0x10c c:/st/stm32cubeide_1.8.0/stm32cubeide/plugins/com.st.stm32cube.ide.mcu.externaltools.gnu-tools-for-stm32.10.3-2021.10.win32_1.0.0.202111181127/tools/bin/../lib/gcc/arm-none-eabi/10.3.1/../../../../arm-none-eabi/lib/thumb/v7e-m+fp/hard\libc_nano.a(lib_a-fflush.o)
                0x0000000008009d38                __sflush_r
 .text._fflush_r
                0x0000000008009e44       0x78 c:/st/stm32cubeide_1.8.0/stm32cubeide/plugins/com.st.stm32cube.ide.mcu.externaltools.gnu-tools-for-stm32.10.3-2021.10.win32_1.0.0.202111181127/tools/bin/../lib/gcc/arm-none-eabi/10.3.1/../../../../arm-none-eabi/lib/thumb/v7e-m+fp/hard\libc_nano.a(lib_a-fflush.o)
                0x0000000008009e44                _fflush_r
 .text.std      0x0000000008009ebc       0x48 c:/st/stm32cubeide_1.8.0/stm32cubeide/plugins/com.st.stm32cube.ide.mcu.externaltools.gnu-tools-for-stm32.10.3-2021.10.win32_1.0.0.202111181127/tools/bin/../lib/gcc/arm-none-eabi/10.3.1/../../../../arm-none-eabi/lib/thumb/v7e-m+fp/hard\libc_nano.a(lib_a-findfp.o)
 .text._cleanup_r
                0x0000000008009f04        0xc c:/st/stm32cubeide_1.8.0/stm32cubeide/plugins/com.st.stm32cube.ide.mcu.externaltools.gnu-tools-for-stm32.10.3-2021.10.win32_1.0.0.202111181127/tools/bin/../lib/gcc/arm-none-eabi/10.3.1/../../../../arm-none-eabi/lib/thumb/v7e-m+fp/hard\libc_nano.a(lib_a-findfp.o)
                0x0000000008009f04                _cleanup_r
 .text.__sfmoreglue
                0x0000000008009f10       0x2c c:/st/stm32cubeide_1.8.0/stm32cubeide/plugins/com.st.stm32cube.ide.mcu.externaltools.gnu-tools-for-stm32.10.3-2021.10.win32_1.0.0.202111181127/tools/bin/../lib/gcc/arm-none-eabi/10.3.1/../../../../arm-none-eabi/lib/thumb/v7e-m+fp/hard\libc_nano.a(lib_a-findfp.o)
                0x0000000008009f10                __sfmoreglue
 .text.__sfp_lock_acquire
                0x0000000008009f3c        0xc c:/st/stm32cubeide_1.8.0/stm32cubeide/plugins/com.st.stm32cube.ide.mcu.externaltools.gnu-tools-for-stm32.10.3-2021.10.win32_1.0.0.202111181127/tools/bin/../lib/gcc/arm-none-eabi/10.3.1/../../../../arm-none-eabi/lib/thumb/v7e-m+fp/hard\libc_nano.a(lib_a-findfp.o)
                0x0000000008009f3c                __sfp_lock_acquire
 .text.__sfp_lock_release
                0x0000000008009f48        0xc c:/st/stm32cubeide_1.8.0/stm32cubeide/plugins/com.st.stm32cube.ide.mcu.externaltools.gnu-tools-for-stm32.10.3-2021.10.win32_1.0.0.202111181127/tools/bin/../lib/gcc/arm-none-eabi/10.3.1/../../../../arm-none-eabi/lib/thumb/v7e-m+fp/hard\libc_nano.a(lib_a-findfp.o)
                0x0000000008009f48                __sfp_lock_release
 .text.__sinit_lock_acquire
                0x0000000008009f54        0xc c:/st/stm32cubeide_1.8.0/stm32cubeide/plugins/com.st.stm32cube.ide.mcu.externaltools.gnu-tools-for-stm32.10.3-2021.10.win32_1.0.0.202111181127/tools/bin/../lib/gcc/arm-none-eabi/10.3.1/../../../../arm-none-eabi/lib/thumb/v7e-m+fp/hard\libc_nano.a(lib_a-findfp.o)
                0x0000000008009f54                __sinit_lock_acquire
 .text.__sinit_lock_release
                0x0000000008009f60        0xc c:/st/stm32cubeide_1.8.0/stm32cubeide/plugins/com.st.stm32cube.ide.mcu.externaltools.gnu-tools-for-stm32.10.3-2021.10.win32_1.0.0.202111181127/tools/bin/../lib/gcc/arm-none-eabi/10.3.1/../../../../arm-none-eabi/lib/thumb/v7e-m+fp/hard\libc_nano.a(lib_a-findfp.o)
                0x0000000008009f60                __sinit_lock_release
 .text.__sinit  0x0000000008009f6c       0x70 c:/st/stm32cubeide_1.8.0/stm32cubeide/plugins/com.st.stm32cube.ide.mcu.externaltools.gnu-tools-for-stm32.10.3-2021.10.win32_1.0.0.202111181127/tools/bin/../lib/gcc/arm-none-eabi/10.3.1/../../../../arm-none-eabi/lib/thumb/v7e-m+fp/hard\libc_nano.a(lib_a-findfp.o)
                0x0000000008009f6c                __sinit
 .text.__sfp    0x0000000008009fdc       0x8c c:/st/stm32cubeide_1.8.0/stm32cubeide/plugins/com.st.stm32cube.ide.mcu.externaltools.gnu-tools-for-stm32.10.3-2021.10.win32_1.0.0.202111181127/tools/bin/../lib/gcc/arm-none-eabi/10.3.1/../../../../arm-none-eabi/lib/thumb/v7e-m+fp/hard\libc_nano.a(lib_a-findfp.o)
                0x0000000008009fdc                __sfp
 .text._fwalk_reent
                0x000000000800a068       0x3e c:/st/stm32cubeide_1.8.0/stm32cubeide/plugins/com.st.stm32cube.ide.mcu.externaltools.gnu-tools-for-stm32.10.3-2021.10.win32_1.0.0.202111181127/tools/bin/../lib/gcc/arm-none-eabi/10.3.1/../../../../arm-none-eabi/lib/thumb/v7e-m+fp/hard\libc_nano.a(lib_a-fwalk.o)
                0x000000000800a068                _fwalk_reent
 .text.__retarget_lock_init_recursive
                0x000000000800a0a6        0x2 c:/st/stm32cubeide_1.8.0/stm32cubeide/plugins/com.st.stm32cube.ide.mcu.externaltools.gnu-tools-for-stm32.10.3-2021.10.win32_1.0.0.202111181127/tools/bin/../lib/gcc/arm-none-eabi/10.3.1/../../../../arm-none-eabi/lib/thumb/v7e-m+fp/hard\libc_nano.a(lib_a-lock.o)
                0x000000000800a0a6                __retarget_lock_init_recursive
 .text.__retarget_lock_acquire_recursive
                0x000000000800a0a8        0x2 c:/st/stm32cubeide_1.8.0/stm32cubeide/plugins/com.st.stm32cube.ide.mcu.externaltools.gnu-tools-for-stm32.10.3-2021.10.win32_1.0.0.202111181127/tools/bin/../lib/gcc/arm-none-eabi/10.3.1/../../../../arm-none-eabi/lib/thumb/v7e-m+fp/hard\libc_nano.a(lib_a-lock.o)
                0x000000000800a0a8                __retarget_lock_acquire_recursive
 .text.__retarget_lock_release_recursive
                0x000000000800a0aa        0x2 c:/st/stm32cubeide_1.8.0/stm32cubeide/plugins/com.st.stm32cube.ide.mcu.externaltools.gnu-tools-for-stm32.10.3-2021.10.win32_1.0.0.202111181127/tools/bin/../lib/gcc/arm-none-eabi/10.3.1/../../../../arm-none-eabi/lib/thumb/v7e-m+fp/hard\libc_nano.a(lib_a-lock.o)
                0x000000000800a0aa                __retarget_lock_release_recursive
 .text.__swhatbuf_r
                0x000000000800a0ac       0x4a c:/st/stm32cubeide_1.8.0/stm32cubeide/plugins/com.st.stm32cube.ide.mcu.externaltools.gnu-tools-for-stm32.10.3-2021.10.win32_1.0.0.202111181127/tools/bin/../lib/gcc/arm-none-eabi/10.3.1/../../../../arm-none-eabi/lib/thumb/v7e-m+fp/hard\libc_nano.a(lib_a-makebuf.o)
                0x000000000800a0ac                __swhatbuf_r
 *fill*         0x000000000800a0f6        0x2 
 .text.__smakebuf_r
                0x000000000800a0f8       0x80 c:/st/stm32cubeide_1.8.0/stm32cubeide/plugins/com.st.stm32cube.ide.mcu.externaltools.gnu-tools-for-stm32.10.3-2021.10.win32_1.0.0.202111181127/tools/bin/../lib/gcc/arm-none-eabi/10.3.1/../../../../arm-none-eabi/lib/thumb/v7e-m+fp/hard\libc_nano.a(lib_a-makebuf.o)
                0x000000000800a0f8                __smakebuf_r
 .text.__malloc_lock
                0x000000000800a178        0xc c:/st/stm32cubeide_1.8.0/stm32cubeide/plugins/com.st.stm32cube.ide.mcu.externaltools.gnu-tools-for-stm32.10.3-2021.10.win32_1.0.0.202111181127/tools/bin/../lib/gcc/arm-none-eabi/10.3.1/../../../../arm-none-eabi/lib/thumb/v7e-m+fp/hard\libc_nano.a(lib_a-mlock.o)
                0x000000000800a178                __malloc_lock
 .text.__malloc_unlock
                0x000000000800a184        0xc c:/st/stm32cubeide_1.8.0/stm32cubeide/plugins/com.st.stm32cube.ide.mcu.externaltools.gnu-tools-for-stm32.10.3-2021.10.win32_1.0.0.202111181127/tools/bin/../lib/gcc/arm-none-eabi/10.3.1/../../../../arm-none-eabi/lib/thumb/v7e-m+fp/hard\libc_nano.a(lib_a-mlock.o)
                0x000000000800a184                __malloc_unlock
 .text.__ssputs_r
                0x000000000800a190       0xb6 c:/st/stm32cubeide_1.8.0/stm32cubeide/plugins/com.st.stm32cube.ide.mcu.externaltools.gnu-tools-for-stm32.10.3-2021.10.win32_1.0.0.202111181127/tools/bin/../lib/gcc/arm-none-eabi/10.3.1/../../../../arm-none-eabi/lib/thumb/v7e-m+fp/hard\libc_nano.a(lib_a-nano-svfprintf.o)
                0x000000000800a190                __ssputs_r
 *fill*         0x000000000800a246        0x2 
 .text._svfprintf_r
                0x000000000800a248      0x200 c:/st/stm32cubeide_1.8.0/stm32cubeide/plugins/com.st.stm32cube.ide.mcu.externaltools.gnu-tools-for-stm32.10.3-2021.10.win32_1.0.0.202111181127/tools/bin/../lib/gcc/arm-none-eabi/10.3.1/../../../../arm-none-eabi/lib/thumb/v7e-m+fp/hard\libc_nano.a(lib_a-nano-svfprintf.o)
                0x000000000800a248                _svfiprintf_r
                0x000000000800a248                _svfprintf_r
 .text.__sfputc_r
                0x000000000800a448       0x2e c:/st/stm32cubeide_1.8.0/stm32cubeide/plugins/com.st.stm32cube.ide.mcu.externaltools.gnu-tools-for-stm32.10.3-2021.10.win32_1.0.0.202111181127/tools/bin/../lib/gcc/arm-none-eabi/10.3.1/../../../../arm-none-eabi/lib/thumb/v7e-m+fp/hard\libc_nano.a(lib_a-nano-vfprintf.o)
 .text.__sfputs_r
                0x000000000800a476       0x24 c:/st/stm32cubeide_1.8.0/stm32cubeide/plugins/com.st.stm32cube.ide.mcu.externaltools.gnu-tools-for-stm32.10.3-2021.10.win32_1.0.0.202111181127/tools/bin/../lib/gcc/arm-none-eabi/10.3.1/../../../../arm-none-eabi/lib/thumb/v7e-m+fp/hard\libc_nano.a(lib_a-nano-vfprintf.o)
                0x000000000800a476                __sfputs_r
 *fill*         0x000000000800a49a        0x2 
 .text._vfprintf_r
                0x000000000800a49c      0x260 c:/st/stm32cubeide_1.8.0/stm32cubeide/plugins/com.st.stm32cube.ide.mcu.externaltools.gnu-tools-for-stm32.10.3-2021.10.win32_1.0.0.202111181127/tools/bin/../lib/gcc/arm-none-eabi/10.3.1/../../../../arm-none-eabi/lib/thumb/v7e-m+fp/hard\libc_nano.a(lib_a-nano-vfprintf.o)
                0x000000000800a49c                _vfprintf_r
                0x000000000800a49c                _vfiprintf_r
 .text._printf_common
                0x000000000800a6fc       0xda c:/st/stm32cubeide_1.8.0/stm32cubeide/plugins/com.st.stm32cube.ide.mcu.externaltools.gnu-tools-for-stm32.10.3-2021.10.win32_1.0.0.202111181127/tools/bin/../lib/gcc/arm-none-eabi/10.3.1/../../../../arm-none-eabi/lib/thumb/v7e-m+fp/hard\libc_nano.a(lib_a-nano-vfprintf_i.o)
                0x000000000800a6fc                _printf_common
 *fill*         0x000000000800a7d6        0x2 
 .text._printf_i
                0x000000000800a7d8      0x24c c:/st/stm32cubeide_1.8.0/stm32cubeide/plugins/com.st.stm32cube.ide.mcu.externaltools.gnu-tools-for-stm32.10.3-2021.10.win32_1.0.0.202111181127/tools/bin/../lib/gcc/arm-none-eabi/10.3.1/../../../../arm-none-eabi/lib/thumb/v7e-m+fp/hard\libc_nano.a(lib_a-nano-vfprintf_i.o)
                0x000000000800a7d8                _printf_i
 .text.__sread  0x000000000800aa24       0x22 c:/st/stm32cubeide_1.8.0/stm32cubeide/plugins/com.st.stm32cube.ide.mcu.externaltools.gnu-tools-for-stm32.10.3-2021.10.win32_1.0.0.202111181127/tools/bin/../lib/gcc/arm-none-eabi/10.3.1/../../../../arm-none-eabi/lib/thumb/v7e-m+fp/hard\libc_nano.a(lib_a-stdio.o)
                0x000000000800aa24                __sread
 .text.__swrite
                0x000000000800aa46       0x38 c:/st/stm32cubeide_1.8.0/stm32cubeide/plugins/com.st.stm32cube.ide.mcu.externaltools.gnu-tools-for-stm32.10.3-2021.10.win32_1.0.0.202111181127/tools/bin/../lib/gcc/arm-none-eabi/10.3.1/../../../../arm-none-eabi/lib/thumb/v7e-m+fp/hard\libc_nano.a(lib_a-stdio.o)
                0x000000000800aa46                __swrite
 .text.__sseek  0x000000000800aa7e       0x24 c:/st/stm32cubeide_1.8.0/stm32cubeide/plugins/com.st.stm32cube.ide.mcu.externaltools.gnu-tools-for-stm32.10.3-2021.10.win32_1.0.0.202111181127/tools/bin/../lib/gcc/arm-none-eabi/10.3.1/../../../../arm-none-eabi/lib/thumb/v7e-m+fp/hard\libc_nano.a(lib_a-stdio.o)
                0x000000000800aa7e                __sseek
 .text.__sclose
                0x000000000800aaa2        0x8 c:/st/stm32cubeide_1.8.0/stm32cubeide/plugins/com.st.stm32cube.ide.mcu.externaltools.gnu-tools-for-stm32.10.3-2021.10.win32_1.0.0.202111181127/tools/bin/../lib/gcc/arm-none-eabi/10.3.1/../../../../arm-none-eabi/lib/thumb/v7e-m+fp/hard\libc_nano.a(lib_a-stdio.o)
                0x000000000800aaa2                __sclose
 *fill*         0x000000000800aaaa        0x2 
 .text._write_r
                0x000000000800aaac       0x24 c:/st/stm32cubeide_1.8.0/stm32cubeide/plugins/com.st.stm32cube.ide.mcu.externaltools.gnu-tools-for-stm32.10.3-2021.10.win32_1.0.0.202111181127/tools/bin/../lib/gcc/arm-none-eabi/10.3.1/../../../../arm-none-eabi/lib/thumb/v7e-m+fp/hard\libc_nano.a(lib_a-writer.o)
                0x000000000800aaac                _write_r
 .text._close_r
                0x000000000800aad0       0x20 c:/st/stm32cubeide_1.8.0/stm32cubeide/plugins/com.st.stm32cube.ide.mcu.externaltools.gnu-tools-for-stm32.10.3-2021.10.win32_1.0.0.202111181127/tools/bin/../lib/gcc/arm-none-eabi/10.3.1/../../../../arm-none-eabi/lib/thumb/v7e-m+fp/hard\libc_nano.a(lib_a-closer.o)
                0x000000000800aad0                _close_r
 .text._fstat_r
                0x000000000800aaf0       0x24 c:/st/stm32cubeide_1.8.0/stm32cubeide/plugins/com.st.stm32cube.ide.mcu.externaltools.gnu-tools-for-stm32.10.3-2021.10.win32_1.0.0.202111181127/tools/bin/../lib/gcc/arm-none-eabi/10.3.1/../../../../arm-none-eabi/lib/thumb/v7e-m+fp/hard\libc_nano.a(lib_a-fstatr.o)
                0x000000000800aaf0                _fstat_r
 .text._isatty_r
                0x000000000800ab14       0x20 c:/st/stm32cubeide_1.8.0/stm32cubeide/plugins/com.st.stm32cube.ide.mcu.externaltools.gnu-tools-for-stm32.10.3-2021.10.win32_1.0.0.202111181127/tools/bin/../lib/gcc/arm-none-eabi/10.3.1/../../../../arm-none-eabi/lib/thumb/v7e-m+fp/hard\libc_nano.a(lib_a-isattyr.o)
                0x000000000800ab14                _isatty_r
 .text._lseek_r
                0x000000000800ab34       0x24 c:/st/stm32cubeide_1.8.0/stm32cubeide/plugins/com.st.stm32cube.ide.mcu.externaltools.gnu-tools-for-stm32.10.3-2021.10.win32_1.0.0.202111181127/tools/bin/../lib/gcc/arm-none-eabi/10.3.1/../../../../arm-none-eabi/lib/thumb/v7e-m+fp/hard\libc_nano.a(lib_a-lseekr.o)
                0x000000000800ab34                _lseek_r
 .text.memcpy   0x000000000800ab58       0x1c c:/st/stm32cubeide_1.8.0/stm32cubeide/plugins/com.st.stm32cube.ide.mcu.externaltools.gnu-tools-for-stm32.10.3-2021.10.win32_1.0.0.202111181127/tools/bin/../lib/gcc/arm-none-eabi/10.3.1/../../../../arm-none-eabi/lib/thumb/v7e-m+fp/hard\libc_nano.a(lib_a-memcpy-stub.o)
                0x000000000800ab58                memcpy
 .text.memmove  0x000000000800ab74       0x34 c:/st/stm32cubeide_1.8.0/stm32cubeide/plugins/com.st.stm32cube.ide.mcu.externaltools.gnu-tools-for-stm32.10.3-2021.10.win32_1.0.0.202111181127/tools/bin/../lib/gcc/arm-none-eabi/10.3.1/../../../../arm-none-eabi/lib/thumb/v7e-m+fp/hard\libc_nano.a(lib_a-memmove.o)
                0x000000000800ab74                memmove
 .text._realloc_r
                0x000000000800aba8       0x5e c:/st/stm32cubeide_1.8.0/stm32cubeide/plugins/com.st.stm32cube.ide.mcu.externaltools.gnu-tools-for-stm32.10.3-2021.10.win32_1.0.0.202111181127/tools/bin/../lib/gcc/arm-none-eabi/10.3.1/../../../../arm-none-eabi/lib/thumb/v7e-m+fp/hard\libc_nano.a(lib_a-nano-reallocr.o)
                0x000000000800aba8                _realloc_r
 *fill*         0x000000000800ac06        0x2 
 .text._read_r  0x000000000800ac08       0x24 c:/st/stm32cubeide_1.8.0/stm32cubeide/plugins/com.st.stm32cube.ide.mcu.externaltools.gnu-tools-for-stm32.10.3-2021.10.win32_1.0.0.202111181127/tools/bin/../lib/gcc/arm-none-eabi/10.3.1/../../../../arm-none-eabi/lib/thumb/v7e-m+fp/hard\libc_nano.a(lib_a-readr.o)
                0x000000000800ac08                _read_r
 .text._malloc_usable_size_r
                0x000000000800ac2c       0x10 c:/st/stm32cubeide_1.8.0/stm32cubeide/plugins/com.st.stm32cube.ide.mcu.externaltools.gnu-tools-for-stm32.10.3-2021.10.win32_1.0.0.202111181127/tools/bin/../lib/gcc/arm-none-eabi/10.3.1/../../../../arm-none-eabi/lib/thumb/v7e-m+fp/hard\libc_nano.a(lib_a-nano-msizer.o)
                0x000000000800ac2c                _malloc_usable_size_r
 *(.glue_7)
 .glue_7        0x000000000800ac3c        0x0 linker stubs
 *(.glue_7t)
 .glue_7t       0x000000000800ac3c        0x0 linker stubs
 *(.eh_frame)
 .eh_frame      0x000000000800ac3c        0x0 c:/st/stm32cubeide_1.8.0/stm32cubeide/plugins/com.st.stm32cube.ide.mcu.externaltools.gnu-tools-for-stm32.10.3-2021.10.win32_1.0.0.202111181127/tools/bin/../lib/gcc/arm-none-eabi/10.3.1/thumb/v7e-m+fp/hard/crtbegin.o
 *(.init)
 .init          0x000000000800ac3c        0x4 c:/st/stm32cubeide_1.8.0/stm32cubeide/plugins/com.st.stm32cube.ide.mcu.externaltools.gnu-tools-for-stm32.10.3-2021.10.win32_1.0.0.202111181127/tools/bin/../lib/gcc/arm-none-eabi/10.3.1/thumb/v7e-m+fp/hard/crti.o
                0x000000000800ac3c                _init
 .init          0x000000000800ac40        0x8 c:/st/stm32cubeide_1.8.0/stm32cubeide/plugins/com.st.stm32cube.ide.mcu.externaltools.gnu-tools-for-stm32.10.3-2021.10.win32_1.0.0.202111181127/tools/bin/../lib/gcc/arm-none-eabi/10.3.1/thumb/v7e-m+fp/hard/crtn.o
 *(.fini)
 .fini          0x000000000800ac48        0x4 c:/st/stm32cubeide_1.8.0/stm32cubeide/plugins/com.st.stm32cube.ide.mcu.externaltools.gnu-tools-for-stm32.10.3-2021.10.win32_1.0.0.202111181127/tools/bin/../lib/gcc/arm-none-eabi/10.3.1/thumb/v7e-m+fp/hard/crti.o
                0x000000000800ac48                _fini
 .fini          0x000000000800ac4c        0x8 c:/st/stm32cubeide_1.8.0/stm32cubeide/plugins/com.st.stm32cube.ide.mcu.externaltools.gnu-tools-for-stm32.10.3-2021.10.win32_1.0.0.202111181127/tools/bin/../lib/gcc/arm-none-eabi/10.3.1/thumb/v7e-m+fp/hard/crtn.o
                0x000000000800ac54                . = ALIGN (0x4)
                0x000000000800ac54                _etext = .

.vfp11_veneer   0x000000000800ac54        0x0
 .vfp11_veneer  0x000000000800ac54        0x0 linker stubs

.v4_bx          0x000000000800ac54        0x0
 .v4_bx         0x000000000800ac54        0x0 linker stubs

.iplt           0x000000000800ac54        0x0
 .iplt          0x000000000800ac54        0x0 c:/st/stm32cubeide_1.8.0/stm32cubeide/plugins/com.st.stm32cube.ide.mcu.externaltools.gnu-tools-for-stm32.10.3-2021.10.win32_1.0.0.202111181127/tools/bin/../lib/gcc/arm-none-eabi/10.3.1/thumb/v7e-m+fp/hard/crtbegin.o

.rodata         0x000000000800ac54    0x74568
                0x000000000800ac54                . = ALIGN (0x4)
 *(.rodata)
 .rodata        0x000000000800ac54       0x4c ./Application/game.o
 .rodata        0x000000000800aca0        0x4 ./Application/objects.o
 .rodata        0x000000000800aca4       0x3c ./System/lcd.o
 *(.rodata*)
 .rodata.splash_screen_img
                0x000000000800ace0    0x25800 ./Application/objects.o
 .rodata.background_img
                0x00000000080304e0    0x25800 ./Application/objects.o
 .rodata.arduino_mega_img
                0x0000000008055ce0     0x1298 ./Application/objects.o
 .rodata.arduino_nano_img
                0x0000000008056f78      0xf50 ./Application/objects.o
 .rodata.arduino_uno_img
                0x0000000008057ec8     0x13b0 ./Application/objects.o
 .rodata.crosshair_img
                0x0000000008059278      0xfd2 ./Application/objects.o
 *fill*         0x000000000805a24a        0x2 
 .rodata.game_over_img
                0x000000000805a24c     0x9924 ./Application/objects.o
 .rodata.press_any_key_img
                0x0000000008063b70     0x2eb8 ./Application/objects.o
 .rodata.digit_1_img
                0x0000000008066a28     0x120c ./Application/objects.o
 .rodata.digit_2_img
                0x0000000008067c34     0x2648 ./Application/objects.o
 .rodata.digit_3_img
                0x000000000806a27c     0x25bc ./Application/objects.o
 .rodata.OFFSET_TAB_CCMRx
                0x000000000806c838        0xa ./Core/Src/main.o
 *fill*         0x000000000806c842        0x2 
 .rodata.SHIFT_TAB_OCxx
                0x000000000806c844        0xa ./Core/Src/main.o
 *fill*         0x000000000806c84e        0x2 
 .rodata.AHBPrescTable
                0x000000000806c850       0x10 ./Core/Src/system_stm32g4xx.o
                0x000000000806c850                AHBPrescTable
 .rodata.APBPrescTable
                0x000000000806c860        0x8 ./Core/Src/system_stm32g4xx.o
                0x000000000806c860                APBPrescTable
 .rodata.USART_PRESCALER_TAB
                0x000000000806c868       0x30 ./Drivers/STM32G4xx_HAL_Driver/Src/stm32g4xx_ll_usart.o
 .rodata.font_7x12
                0x000000000806c898      0xc00 ./System/ugui.o
                0x000000000806c898                font_7x12
 .rodata.font_8x8
                0x000000000806d498      0x800 ./System/ugui.o
                0x000000000806d498                font_8x8
 .rodata.font_8x12
                0x000000000806dc98      0xc00 ./System/ugui.o
                0x000000000806dc98                font_8x12
 .rodata.font_16x26
                0x000000000806e898     0x3400 ./System/ugui.o
                0x000000000806e898                font_16x26
 .rodata.font_32x53
                0x0000000008071c98     0xd400 ./System/ugui.o
                0x0000000008071c98                font_32x53
 .rodata.FONT_7X12
                0x000000000807f098       0x1c ./System/ugui.o
                0x000000000807f098                FONT_7X12
 .rodata.FONT_8X8
                0x000000000807f0b4       0x1c ./System/ugui.o
                0x000000000807f0b4                FONT_8X8
 .rodata.FONT_8X12
                0x000000000807f0d0       0x1c ./System/ugui.o
                0x000000000807f0d0                FONT_8X12
 .rodata.FONT_16X26
                0x000000000807f0ec       0x1c ./System/ugui.o
                0x000000000807f0ec                FONT_16X26
 .rodata.FONT_32X53
                0x000000000807f108       0x1c ./System/ugui.o
                0x000000000807f108                FONT_32X53
 .rodata._global_impure_ptr
                0x000000000807f124        0x4 c:/st/stm32cubeide_1.8.0/stm32cubeide/plugins/com.st.stm32cube.ide.mcu.externaltools.gnu-tools-for-stm32.10.3-2021.10.win32_1.0.0.202111181127/tools/bin/../lib/gcc/arm-none-eabi/10.3.1/../../../../arm-none-eabi/lib/thumb/v7e-m+fp/hard\libc_nano.a(lib_a-impure.o)
                0x000000000807f124                _global_impure_ptr
 .rodata.__sf_fake_stderr
                0x000000000807f128       0x20 c:/st/stm32cubeide_1.8.0/stm32cubeide/plugins/com.st.stm32cube.ide.mcu.externaltools.gnu-tools-for-stm32.10.3-2021.10.win32_1.0.0.202111181127/tools/bin/../lib/gcc/arm-none-eabi/10.3.1/../../../../arm-none-eabi/lib/thumb/v7e-m+fp/hard\libc_nano.a(lib_a-findfp.o)
                0x000000000807f128                __sf_fake_stderr
 .rodata.__sf_fake_stdin
                0x000000000807f148       0x20 c:/st/stm32cubeide_1.8.0/stm32cubeide/plugins/com.st.stm32cube.ide.mcu.externaltools.gnu-tools-for-stm32.10.3-2021.10.win32_1.0.0.202111181127/tools/bin/../lib/gcc/arm-none-eabi/10.3.1/../../../../arm-none-eabi/lib/thumb/v7e-m+fp/hard\libc_nano.a(lib_a-findfp.o)
                0x000000000807f148                __sf_fake_stdin
 .rodata.__sf_fake_stdout
                0x000000000807f168       0x20 c:/st/stm32cubeide_1.8.0/stm32cubeide/plugins/com.st.stm32cube.ide.mcu.externaltools.gnu-tools-for-stm32.10.3-2021.10.win32_1.0.0.202111181127/tools/bin/../lib/gcc/arm-none-eabi/10.3.1/../../../../arm-none-eabi/lib/thumb/v7e-m+fp/hard\libc_nano.a(lib_a-findfp.o)
                0x000000000807f168                __sf_fake_stdout
 .rodata._svfprintf_r.str1.1
                0x000000000807f188       0x11 c:/st/stm32cubeide_1.8.0/stm32cubeide/plugins/com.st.stm32cube.ide.mcu.externaltools.gnu-tools-for-stm32.10.3-2021.10.win32_1.0.0.202111181127/tools/bin/../lib/gcc/arm-none-eabi/10.3.1/../../../../arm-none-eabi/lib/thumb/v7e-m+fp/hard\libc_nano.a(lib_a-nano-svfprintf.o)
 .rodata._vfprintf_r.str1.1
                0x000000000807f199       0x11 c:/st/stm32cubeide_1.8.0/stm32cubeide/plugins/com.st.stm32cube.ide.mcu.externaltools.gnu-tools-for-stm32.10.3-2021.10.win32_1.0.0.202111181127/tools/bin/../lib/gcc/arm-none-eabi/10.3.1/../../../../arm-none-eabi/lib/thumb/v7e-m+fp/hard\libc_nano.a(lib_a-nano-vfprintf.o)
 .rodata._printf_i.str1.1
                0x000000000807f199       0x22 c:/st/stm32cubeide_1.8.0/stm32cubeide/plugins/com.st.stm32cube.ide.mcu.externaltools.gnu-tools-for-stm32.10.3-2021.10.win32_1.0.0.202111181127/tools/bin/../lib/gcc/arm-none-eabi/10.3.1/../../../../arm-none-eabi/lib/thumb/v7e-m+fp/hard\libc_nano.a(lib_a-nano-vfprintf_i.o)
                0x000000000807f1bc                . = ALIGN (0x4)
 *fill*         0x000000000807f1bb        0x1 

.rel.dyn        0x000000000807f1bc        0x0
 .rel.iplt      0x000000000807f1bc        0x0 c:/st/stm32cubeide_1.8.0/stm32cubeide/plugins/com.st.stm32cube.ide.mcu.externaltools.gnu-tools-for-stm32.10.3-2021.10.win32_1.0.0.202111181127/tools/bin/../lib/gcc/arm-none-eabi/10.3.1/thumb/v7e-m+fp/hard/crtbegin.o

.ARM.extab      0x000000000807f1bc        0x0
                0x000000000807f1bc                . = ALIGN (0x4)
 *(.ARM.extab* .gnu.linkonce.armextab.*)
                0x000000000807f1bc                . = ALIGN (0x4)

.ARM            0x000000000807f1bc        0x0
                0x000000000807f1bc                . = ALIGN (0x4)
                0x000000000807f1bc                __exidx_start = .
 *(.ARM.exidx*)
                0x000000000807f1bc                __exidx_end = .
                0x000000000807f1bc                . = ALIGN (0x4)

.preinit_array  0x000000000807f1bc        0x0
                0x000000000807f1bc                . = ALIGN (0x4)
                0x000000000807f1bc                PROVIDE (__preinit_array_start = .)
 *(.preinit_array*)
                0x000000000807f1bc                PROVIDE (__preinit_array_end = .)
                0x000000000807f1bc                . = ALIGN (0x4)

.init_array     0x000000000807f1bc        0x4
                0x000000000807f1bc                . = ALIGN (0x4)
                0x000000000807f1bc                PROVIDE (__init_array_start = .)
 *(SORT_BY_NAME(.init_array.*))
 *(.init_array*)
 .init_array    0x000000000807f1bc        0x4 c:/st/stm32cubeide_1.8.0/stm32cubeide/plugins/com.st.stm32cube.ide.mcu.externaltools.gnu-tools-for-stm32.10.3-2021.10.win32_1.0.0.202111181127/tools/bin/../lib/gcc/arm-none-eabi/10.3.1/thumb/v7e-m+fp/hard/crtbegin.o
                0x000000000807f1c0                PROVIDE (__init_array_end = .)
                0x000000000807f1c0                . = ALIGN (0x4)

.fini_array     0x000000000807f1c0        0x4
                0x000000000807f1c0                . = ALIGN (0x4)
                [!provide]                        PROVIDE (__fini_array_start = .)
 *(SORT_BY_NAME(.fini_array.*))
 *(.fini_array*)
 .fini_array    0x000000000807f1c0        0x4 c:/st/stm32cubeide_1.8.0/stm32cubeide/plugins/com.st.stm32cube.ide.mcu.externaltools.gnu-tools-for-stm32.10.3-2021.10.win32_1.0.0.202111181127/tools/bin/../lib/gcc/arm-none-eabi/10.3.1/thumb/v7e-m+fp/hard/crtbegin.o
                [!provide]                        PROVIDE (__fini_array_end = .)
                0x000000000807f1c4                . = ALIGN (0x4)
                0x000000000807f1c4                _sidata = LOADADDR (.data)

.data           0x0000000020000000       0x90 load address 0x000000000807f1c4
                0x0000000020000000                . = ALIGN (0x4)
                0x0000000020000000                _sdata = .
 *(.data)
 *(.data*)
 .data.str.2    0x0000000020000000        0x6 ./Application/objects.o
 *fill*         0x0000000020000006        0x2 