../Drivers/CMSIS/Include/core_cm4.h:1667:26:__NVIC_GetPriorityGrouping	4	static
../Drivers/CMSIS/Include/core_cm4.h:1679:22:__NVIC_EnableIRQ	16	static,ignoring_inline_asm
../Drivers/CMSIS/Include/core_cm4.h:1809:22:__NVIC_SetPriority	16	static
../Drivers/CMSIS/Include/core_cm4.h:1856:26:NVIC_EncodePriority	40	static
../Drivers/STM32G4xx_HAL_Driver/Inc/stm32g4xx_ll_tim.h:2204:22:LL_TIM_DisableARRPreload	16	static
../Drivers/STM32G4xx_HAL_Driver/Inc/stm32g4xx_ll_tim.h:2972:22:LL_TIM_OC_DisableFast	24	static
../Drivers/STM32G4xx_HAL_Driver/Inc/stm32g4xx_ll_tim.h:3024:22:LL_TIM_OC_EnablePreload	24	static
../Drivers/STM32G4xx_HAL_Driver/Inc/stm32g4xx_ll_tim.h:3933:22:LL_TIM_SetClockSource	16	static
../Drivers/STM32G4xx_HAL_Driver/Inc/stm32g4xx_ll_tim.h:3986:22:LL_TIM_SetTriggerOutput	16	static
../Drivers/STM32G4xx_HAL_Driver/Inc/stm32g4xx_ll_tim.h:4092:22:LL_TIM_DisableMasterSlaveMode	16	static
../Drivers/STM32G4xx_HAL_Driver/Inc/stm32g4xx_ll_usart.h:628:22:LL_USART_Enable	16	static
../Drivers/STM32G4xx_HAL_Driver/Inc/stm32g4xx_ll_usart.h:679:22:LL_USART_DisableFIFO	16	static
../Drivers/STM32G4xx_HAL_Driver/Inc/stm32g4xx_ll_usart.h:712:22:LL_USART_SetTXFIFOThreshold	40	static,ignoring_inline_asm
../Drivers/STM32G4xx_HAL_Driver/Inc/stm32g4xx_ll_usart.h:751:22:LL_USART_SetRXFIFOThreshold	40	static,ignoring_inline_asm
../Drivers/STM32G4xx_HAL_Driver/Inc/stm32g4xx_ll_usart.h:1797:22:LL_USART_DisableOverrunDetect	16	static
../Drivers/STM32G4xx_HAL_Driver/Inc/stm32g4xx_ll_usart.h:2667:22:LL_USART_ConfigAsyncMode	16	static
../Drivers/STM32G4xx_HAL_Driver/Inc/stm32g4xx_ll_usart.h:3189:26:LL_USART_IsActiveFlag_TEACK	16	static
../Drivers/STM32G4xx_HAL_Driver/Inc/stm32g4xx_ll_usart.h:3200:26:LL_USART_IsActiveFlag_REACK	16	static
../Drivers/STM32G4xx_HAL_Driver/Inc/stm32g4xx_ll_gpio.h:923:22:LL_GPIO_ResetOutputPin	16	static
../Drivers/STM32G4xx_HAL_Driver/Inc/stm32g4xx_ll_bus.h:451:22:LL_AHB2_GRP1_EnableClock	24	static
../Drivers/STM32G4xx_HAL_Driver/Inc/stm32g4xx_ll_bus.h:913:22:LL_APB1_GRP1_EnableClock	24	static
../Core/Src/main.c:89:5:main	8	static
../Core/Src/main.c:199:6:SystemClock_Config	88	static
../Core/Src/main.c:244:13:MX_ADC4_Init	40	static
../Core/Src/main.c:309:13:MX_SPI1_Init	8	static
../Core/Src/main.c:349:13:MX_TIM1_Init	40	static
../Core/Src/main.c:396:13:MX_TIM4_Init	88	static
../Core/Src/main.c:453:13:MX_TIM6_Init	32	static
../Core/Src/main.c:490:13:MX_USART3_UART_Init	152	static
../Core/Src/main.c:576:13:MX_DMA_Init	16	static
../Core/Src/main.c:591:13:MX_FMC_Init	40	static
../Core/Src/main.c:652:13:MX_GPIO_Init	32	static
../Core/Src/main.c:837:6:Error_Handler	4	static,ignoring_inline_asm
