../Drivers/STM32G4xx_HAL_Driver/Src/stm32g4xx_hal_pwr_ex.c:103:10:HAL_PWREx_GetVoltageRange	4	static
../Drivers/STM32G4xx_HAL_Driver/Src/stm32g4xx_hal_pwr_ex.c:139:19:HAL_PWREx_ControlVoltageScaling	24	static
../Drivers/STM32G4xx_HAL_Driver/Src/stm32g4xx_hal_pwr_ex.c:213:6:HAL_PWREx_EnableBatteryCharging	16	static
../Drivers/STM32G4xx_HAL_Driver/Src/stm32g4xx_hal_pwr_ex.c:227:6:HAL_PWREx_DisableBatteryCharging	4	static
../Drivers/STM32G4xx_HAL_Driver/Src/stm32g4xx_hal_pwr_ex.c:235:6:HAL_PWREx_EnableInternalWakeUpLine	4	static
../Drivers/STM32G4xx_HAL_Driver/Src/stm32g4xx_hal_pwr_ex.c:243:6:HAL_PWREx_DisableInternalWakeUpLine	4	static
../Drivers/STM32G4xx_HAL_Driver/Src/stm32g4xx_hal_pwr_ex.c:268:19:HAL_PWREx_EnableGPIOPullUp	24	static
../Drivers/STM32G4xx_HAL_Driver/Src/stm32g4xx_hal_pwr_ex.c:328:19:HAL_PWREx_DisableGPIOPullUp	24	static
../Drivers/STM32G4xx_HAL_Driver/Src/stm32g4xx_hal_pwr_ex.c:386:19:HAL_PWREx_EnableGPIOPullDown	24	static
../Drivers/STM32G4xx_HAL_Driver/Src/stm32g4xx_hal_pwr_ex.c:447:19:HAL_PWREx_DisableGPIOPullDown	24	static
../Drivers/STM32G4xx_HAL_Driver/Src/stm32g4xx_hal_pwr_ex.c:496:6:HAL_PWREx_EnablePullUpPullDownConfig	4	static
../Drivers/STM32G4xx_HAL_Driver/Src/stm32g4xx_hal_pwr_ex.c:506:6:HAL_PWREx_DisablePullUpPullDownConfig	4	static
../Drivers/STM32G4xx_HAL_Driver/Src/stm32g4xx_hal_pwr_ex.c:516:6:HAL_PWREx_EnableSRAM2ContentRetention	4	static
../Drivers/STM32G4xx_HAL_Driver/Src/stm32g4xx_hal_pwr_ex.c:526:6:HAL_PWREx_DisableSRAM2ContentRetention	4	static
../Drivers/STM32G4xx_HAL_Driver/Src/stm32g4xx_hal_pwr_ex.c:535:6:HAL_PWREx_EnablePVM1	4	static
../Drivers/STM32G4xx_HAL_Driver/Src/stm32g4xx_hal_pwr_ex.c:543:6:HAL_PWREx_DisablePVM1	4	static
../Drivers/STM32G4xx_HAL_Driver/Src/stm32g4xx_hal_pwr_ex.c:553:6:HAL_PWREx_EnablePVM2	4	static
../Drivers/STM32G4xx_HAL_Driver/Src/stm32g4xx_hal_pwr_ex.c:561:6:HAL_PWREx_DisablePVM2	4	static
../Drivers/STM32G4xx_HAL_Driver/Src/stm32g4xx_hal_pwr_ex.c:570:6:HAL_PWREx_EnablePVM3	4	static
../Drivers/STM32G4xx_HAL_Driver/Src/stm32g4xx_hal_pwr_ex.c:578:6:HAL_PWREx_DisablePVM3	4	static
../Drivers/STM32G4xx_HAL_Driver/Src/stm32g4xx_hal_pwr_ex.c:586:6:HAL_PWREx_EnablePVM4	4	static
../Drivers/STM32G4xx_HAL_Driver/Src/stm32g4xx_hal_pwr_ex.c:594:6:HAL_PWREx_DisablePVM4	4	static
../Drivers/STM32G4xx_HAL_Driver/Src/stm32g4xx_hal_pwr_ex.c:610:19:HAL_PWREx_ConfigPVM	24	static
../Drivers/STM32G4xx_HAL_Driver/Src/stm32g4xx_hal_pwr_ex.c:751:6:HAL_PWREx_EnableLowPowerRunMode	4	static
../Drivers/STM32G4xx_HAL_Driver/Src/stm32g4xx_hal_pwr_ex.c:764:19:HAL_PWREx_DisableLowPowerRunMode	16	static
../Drivers/STM32G4xx_HAL_Driver/Src/stm32g4xx_hal_pwr_ex.c:805:6:HAL_PWREx_EnterSTOP0Mode	16	static,ignoring_inline_asm
../Drivers/STM32G4xx_HAL_Driver/Src/stm32g4xx_hal_pwr_ex.c:851:6:HAL_PWREx_EnterSTOP1Mode	16	static,ignoring_inline_asm
../Drivers/STM32G4xx_HAL_Driver/Src/stm32g4xx_hal_pwr_ex.c:885:6:HAL_PWREx_EnterSHUTDOWNMode	4	static,ignoring_inline_asm
../Drivers/STM32G4xx_HAL_Driver/Src/stm32g4xx_hal_pwr_ex.c:906:6:HAL_PWREx_PVD_PVM_IRQHandler	8	static
../Drivers/STM32G4xx_HAL_Driver/Src/stm32g4xx_hal_pwr_ex.c:955:13:HAL_PWREx_PVM1Callback	4	static
../Drivers/STM32G4xx_HAL_Driver/Src/stm32g4xx_hal_pwr_ex.c:967:13:HAL_PWREx_PVM2Callback	4	static
../Drivers/STM32G4xx_HAL_Driver/Src/stm32g4xx_hal_pwr_ex.c:978:13:HAL_PWREx_PVM3Callback	4	static
../Drivers/STM32G4xx_HAL_Driver/Src/stm32g4xx_hal_pwr_ex.c:988:13:HAL_PWREx_PVM4Callback	4	static
../Drivers/STM32G4xx_HAL_Driver/Src/stm32g4xx_hal_pwr_ex.c:999:6:HAL_PWREx_EnableUCPDStandbyMode	4	static
../Drivers/STM32G4xx_HAL_Driver/Src/stm32g4xx_hal_pwr_ex.c:1010:6:HAL_PWREx_DisableUCPDStandbyMode	4	static
../Drivers/STM32G4xx_HAL_Driver/Src/stm32g4xx_hal_pwr_ex.c:1023:6:HAL_PWREx_EnableUCPDDeadBattery	4	static
../Drivers/STM32G4xx_HAL_Driver/Src/stm32g4xx_hal_pwr_ex.c:1038:6:HAL_PWREx_DisableUCPDDeadBattery	4	static
