../Drivers/STM32G4xx_HAL_Driver/Src/stm32g4xx_hal_rcc_ex.c:123:19:HAL_RCCEx_PeriphCLKConfig	32	static
../Drivers/STM32G4xx_HAL_Driver/Src/stm32g4xx_hal_rcc_ex.c:470:6:HAL_RCCEx_GetPeriphCLKConfig	16	static
../Drivers/STM32G4xx_HAL_Driver/Src/stm32g4xx_hal_rcc_ex.c:636:10:HAL_RCCEx_GetPeriphCLKFreq	40	static
../Drivers/STM32G4xx_HAL_Driver/Src/stm32g4xx_hal_rcc_ex.c:1175:6:HAL_RCCEx_EnableLSECSS	4	static
../Drivers/STM32G4xx_HAL_Driver/Src/stm32g4xx_hal_rcc_ex.c:1184:6:HAL_RCCEx_DisableLSECSS	4	static
../Drivers/STM32G4xx_HAL_Driver/Src/stm32g4xx_hal_rcc_ex.c:1196:6:HAL_RCCEx_EnableLSECSS_IT	4	static
../Drivers/STM32G4xx_HAL_Driver/Src/stm32g4xx_hal_rcc_ex.c:1212:6:HAL_RCCEx_LSECSS_IRQHandler	8	static
../Drivers/STM32G4xx_HAL_Driver/Src/stm32g4xx_hal_rcc_ex.c:1227:13:HAL_RCCEx_LSECSS_Callback	4	static
../Drivers/STM32G4xx_HAL_Driver/Src/stm32g4xx_hal_rcc_ex.c:1241:6:HAL_RCCEx_EnableLSCO	48	static
../Drivers/STM32G4xx_HAL_Driver/Src/stm32g4xx_hal_rcc_ex.c:1284:6:HAL_RCCEx_DisableLSCO	16	static
../Drivers/STM32G4xx_HAL_Driver/Src/stm32g4xx_hal_rcc_ex.c:1386:6:HAL_RCCEx_CRSConfig	24	static
../Drivers/STM32G4xx_HAL_Driver/Src/stm32g4xx_hal_rcc_ex.c:1428:6:HAL_RCCEx_CRSSoftwareSynchronizationGenerate	4	static
../Drivers/STM32G4xx_HAL_Driver/Src/stm32g4xx_hal_rcc_ex.c:1437:6:HAL_RCCEx_CRSGetSynchronizationInfo	16	static
../Drivers/STM32G4xx_HAL_Driver/Src/stm32g4xx_hal_rcc_ex.c:1472:10:HAL_RCCEx_CRSWaitSynchronization	24	static
../Drivers/STM32G4xx_HAL_Driver/Src/stm32g4xx_hal_rcc_ex.c:1545:6:HAL_RCCEx_CRS_IRQHandler	24	static
../Drivers/STM32G4xx_HAL_Driver/Src/stm32g4xx_hal_rcc_ex.c:1605:13:HAL_RCCEx_CRS_SyncOkCallback	4	static
../Drivers/STM32G4xx_HAL_Driver/Src/stm32g4xx_hal_rcc_ex.c:1615:13:HAL_RCCEx_CRS_SyncWarnCallback	4	static
../Drivers/STM32G4xx_HAL_Driver/Src/stm32g4xx_hal_rcc_ex.c:1625:13:HAL_RCCEx_CRS_ExpectedSyncCallback	4	static
../Drivers/STM32G4xx_HAL_Driver/Src/stm32g4xx_hal_rcc_ex.c:1640:13:HAL_RCCEx_CRS_ErrorCallback	16	static
