../Drivers/STM32G4xx_HAL_Driver/Inc/stm32g4xx_ll_adc.h:3622:22:LL_ADC_REG_SetTriggerSource	16	static
../Drivers/STM32G4xx_HAL_Driver/Inc/stm32g4xx_ll_adc.h:3845:22:LL_ADC_REG_SetSequencerLength	16	static
../Drivers/STM32G4xx_HAL_Driver/Inc/stm32g4xx_ll_adc.h:4405:22:LL_ADC_INJ_SetTriggerSource	16	static
../Drivers/STM32G4xx_HAL_Driver/Inc/stm32g4xx_ll_adc.h:4863:22:LL_ADC_INJ_SetQueueMode	16	static
../Drivers/STM32G4xx_HAL_Driver/Inc/stm32g4xx_ll_adc.h:6632:22:LL_ADC_Disable	16	static
../Drivers/STM32G4xx_HAL_Driver/Inc/stm32g4xx_ll_adc.h:6648:26:LL_ADC_IsEnabled	16	static
../Drivers/STM32G4xx_HAL_Driver/Inc/stm32g4xx_ll_adc.h:6658:26:LL_ADC_IsDisableOngoing	16	static
../Drivers/STM32G4xx_HAL_Driver/Inc/stm32g4xx_ll_adc.h:6747:22:LL_ADC_REG_StopConversion	16	static
../Drivers/STM32G4xx_HAL_Driver/Inc/stm32g4xx_ll_adc.h:6760:26:LL_ADC_REG_IsConversionOngoing	16	static
../Drivers/STM32G4xx_HAL_Driver/Inc/stm32g4xx_ll_adc.h:6770:26:LL_ADC_REG_IsStopConversionOngoing	16	static
../Drivers/STM32G4xx_HAL_Driver/Inc/stm32g4xx_ll_adc.h:6955:22:LL_ADC_INJ_StopConversion	16	static
../Drivers/STM32G4xx_HAL_Driver/Inc/stm32g4xx_ll_adc.h:6968:26:LL_ADC_INJ_IsConversionOngoing	16	static
../Drivers/STM32G4xx_HAL_Driver/Inc/stm32g4xx_ll_adc.h:6979:26:LL_ADC_INJ_IsStopConversionOngoing	16	static
../Drivers/STM32G4xx_HAL_Driver/Inc/stm32g4xx_ll_bus.h:581:22:LL_AHB2_GRP1_ForceReset	16	static
../Drivers/STM32G4xx_HAL_Driver/Inc/stm32g4xx_ll_bus.h:623:22:LL_AHB2_GRP1_ReleaseReset	16	static
../Drivers/STM32G4xx_HAL_Driver/Src/stm32g4xx_ll_adc.c:656:13:LL_ADC_CommonDeInit	16	static
../Drivers/STM32G4xx_HAL_Driver/Src/stm32g4xx_ll_adc.c:695:13:LL_ADC_CommonInit	32	static
../Drivers/STM32G4xx_HAL_Driver/Src/stm32g4xx_ll_adc.c:759:6:LL_ADC_CommonStructInit	16	static
../Drivers/STM32G4xx_HAL_Driver/Src/stm32g4xx_ll_adc.c:792:13:LL_ADC_DeInit	32	static
../Drivers/STM32G4xx_HAL_Driver/Src/stm32g4xx_ll_adc.c:1013:13:LL_ADC_Init	24	static
../Drivers/STM32G4xx_HAL_Driver/Src/stm32g4xx_ll_adc.c:1049:6:LL_ADC_StructInit	16	static
../Drivers/STM32G4xx_HAL_Driver/Src/stm32g4xx_ll_adc.c:1090:13:LL_ADC_REG_Init	24	static
../Drivers/STM32G4xx_HAL_Driver/Src/stm32g4xx_ll_adc.c:1158:6:LL_ADC_REG_StructInit	16	static
../Drivers/STM32G4xx_HAL_Driver/Src/stm32g4xx_ll_adc.c:1209:13:LL_ADC_INJ_Init	24	static
../Drivers/STM32G4xx_HAL_Driver/Src/stm32g4xx_ll_adc.c:1262:6:LL_ADC_INJ_StructInit	16	static
