../Drivers/STM32G4xx_HAL_Driver/Src/stm32g4xx_hal.c:148:19:HAL_Init	16	static
../Drivers/STM32G4xx_HAL_Driver/Src/stm32g4xx_hal.c:188:19:HAL_DeInit	8	static
../Drivers/STM32G4xx_HAL_Driver/Src/stm32g4xx_hal.c:216:13:HAL_MspInit	4	static
../Drivers/STM32G4xx_HAL_Driver/Src/stm32g4xx_hal.c:226:13:HAL_MspDeInit	4	static
../Drivers/STM32G4xx_HAL_Driver/Src/stm32g4xx_hal.c:248:26:HAL_InitTick	24	static
../Drivers/STM32G4xx_HAL_Driver/Src/stm32g4xx_hal.c:305:13:HAL_IncTick	4	static
../Drivers/STM32G4xx_HAL_Driver/Src/stm32g4xx_hal.c:315:17:HAL_GetTick	4	static
../Drivers/STM32G4xx_HAL_Driver/Src/stm32g4xx_hal.c:323:10:HAL_GetTickPrio	4	static
../Drivers/STM32G4xx_HAL_Driver/Src/stm32g4xx_hal.c:331:19:HAL_SetTickFreq	24	static
../Drivers/STM32G4xx_HAL_Driver/Src/stm32g4xx_hal.c:360:10:HAL_GetTickFreq	4	static
../Drivers/STM32G4xx_HAL_Driver/Src/stm32g4xx_hal.c:375:13:HAL_Delay	24	static
../Drivers/STM32G4xx_HAL_Driver/Src/stm32g4xx_hal.c:398:13:HAL_SuspendTick	4	static
../Drivers/STM32G4xx_HAL_Driver/Src/stm32g4xx_hal.c:413:13:HAL_ResumeTick	4	static
../Drivers/STM32G4xx_HAL_Driver/Src/stm32g4xx_hal.c:422:10:HAL_GetHalVersion	4	static
../Drivers/STM32G4xx_HAL_Driver/Src/stm32g4xx_hal.c:430:10:HAL_GetREVID	4	static
../Drivers/STM32G4xx_HAL_Driver/Src/stm32g4xx_hal.c:438:10:HAL_GetDEVID	4	static
../Drivers/STM32G4xx_HAL_Driver/Src/stm32g4xx_hal.c:466:6:HAL_DBGMCU_EnableDBGSleepMode	4	static
../Drivers/STM32G4xx_HAL_Driver/Src/stm32g4xx_hal.c:474:6:HAL_DBGMCU_DisableDBGSleepMode	4	static
../Drivers/STM32G4xx_HAL_Driver/Src/stm32g4xx_hal.c:482:6:HAL_DBGMCU_EnableDBGStopMode	4	static
../Drivers/STM32G4xx_HAL_Driver/Src/stm32g4xx_hal.c:490:6:HAL_DBGMCU_DisableDBGStopMode	4	static
../Drivers/STM32G4xx_HAL_Driver/Src/stm32g4xx_hal.c:498:6:HAL_DBGMCU_EnableDBGStandbyMode	4	static
../Drivers/STM32G4xx_HAL_Driver/Src/stm32g4xx_hal.c:506:6:HAL_DBGMCU_DisableDBGStandbyMode	4	static
../Drivers/STM32G4xx_HAL_Driver/Src/stm32g4xx_hal.c:538:6:HAL_SYSCFG_CCMSRAMErase	4	static
../Drivers/STM32G4xx_HAL_Driver/Src/stm32g4xx_hal.c:556:6:HAL_SYSCFG_EnableMemorySwappingBank	4	static
../Drivers/STM32G4xx_HAL_Driver/Src/stm32g4xx_hal.c:570:6:HAL_SYSCFG_DisableMemorySwappingBank	4	static
../Drivers/STM32G4xx_HAL_Driver/Src/stm32g4xx_hal.c:587:6:HAL_SYSCFG_VREFBUF_VoltageScalingConfig	16	static
../Drivers/STM32G4xx_HAL_Driver/Src/stm32g4xx_hal.c:602:6:HAL_SYSCFG_VREFBUF_HighImpedanceConfig	16	static
../Drivers/STM32G4xx_HAL_Driver/Src/stm32g4xx_hal.c:615:6:HAL_SYSCFG_VREFBUF_TrimmingConfig	16	static
../Drivers/STM32G4xx_HAL_Driver/Src/stm32g4xx_hal.c:626:19:HAL_SYSCFG_EnableVREFBUF	16	static
../Drivers/STM32G4xx_HAL_Driver/Src/stm32g4xx_hal.c:649:6:HAL_SYSCFG_DisableVREFBUF	4	static
../Drivers/STM32G4xx_HAL_Driver/Src/stm32g4xx_hal.c:659:6:HAL_SYSCFG_EnableIOSwitchBooster	4	static
../Drivers/STM32G4xx_HAL_Driver/Src/stm32g4xx_hal.c:668:6:HAL_SYSCFG_DisableIOSwitchBooster	4	static
../Drivers/STM32G4xx_HAL_Driver/Src/stm32g4xx_hal.c:677:6:HAL_SYSCFG_EnableIOSwitchVDD	4	static
../Drivers/STM32G4xx_HAL_Driver/Src/stm32g4xx_hal.c:686:6:HAL_SYSCFG_DisableIOSwitchVDD	4	static
../Drivers/STM32G4xx_HAL_Driver/Src/stm32g4xx_hal.c:695:6:HAL_SYSCFG_CCMSRAM_WriteProtectionEnable	16	static
