Archive member included to satisfy reference by file (symbol)

c:/st/stm32cubeide_1.7.0/stm32cubeide/plugins/com.st.stm32cube.ide.mcu.externaltools.gnu-tools-for-stm32.9-2020-q2-update.win32_2.0.0.202105311346/tools/bin/../lib/gcc/arm-none-eabi/9.3.1/../../../../arm-none-eabi/lib/thumb/v7e-m+fp/hard\libc_nano.a(lib_a-errno.o)
                              ./Core/Src/syscalls.o (__errno)
c:/st/stm32cubeide_1.7.0/stm32cubeide/plugins/com.st.stm32cube.ide.mcu.externaltools.gnu-tools-for-stm32.9-2020-q2-update.win32_2.0.0.202105311346/tools/bin/../lib/gcc/arm-none-eabi/9.3.1/../../../../arm-none-eabi/lib/thumb/v7e-m+fp/hard\libc_nano.a(lib_a-exit.o)
                              c:/st/stm32cubeide_1.7.0/stm32cubeide/plugins/com.st.stm32cube.ide.mcu.externaltools.gnu-tools-for-stm32.9-2020-q2-update.win32_2.0.0.202105311346/tools/bin/../lib/gcc/arm-none-eabi/9.3.1/../../../../arm-none-eabi/lib/thumb/v7e-m+fp/hard/crt0.o (exit)
c:/st/stm32cubeide_1.7.0/stm32cubeide/plugins/com.st.stm32cube.ide.mcu.externaltools.gnu-tools-for-stm32.9-2020-q2-update.win32_2.0.0.202105311346/tools/bin/../lib/gcc/arm-none-eabi/9.3.1/../../../../arm-none-eabi/lib/thumb/v7e-m+fp/hard\libc_nano.a(lib_a-impure.o)
                              c:/st/stm32cubeide_1.7.0/stm32cubeide/plugins/com.st.stm32cube.ide.mcu.externaltools.gnu-tools-for-stm32.9-2020-q2-update.win32_2.0.0.202105311346/tools/bin/../lib/gcc/arm-none-eabi/9.3.1/../../../../arm-none-eabi/lib/thumb/v7e-m+fp/hard\libc_nano.a(lib_a-exit.o) (_global_impure_ptr)
c:/st/stm32cubeide_1.7.0/stm32cubeide/plugins/com.st.stm32cube.ide.mcu.externaltools.gnu-tools-for-stm32.9-2020-q2-update.win32_2.0.0.202105311346/tools/bin/../lib/gcc/arm-none-eabi/9.3.1/../../../../arm-none-eabi/lib/thumb/v7e-m+fp/hard\libc_nano.a(lib_a-init.o)
                              c:/st/stm32cubeide_1.7.0/stm32cubeide/plugins/com.st.stm32cube.ide.mcu.externaltools.gnu-tools-for-stm32.9-2020-q2-update.win32_2.0.0.202105311346/tools/bin/../lib/gcc/arm-none-eabi/9.3.1/../../../../arm-none-eabi/lib/thumb/v7e-m+fp/hard/crt0.o (__libc_init_array)
c:/st/stm32cubeide_1.7.0/stm32cubeide/plugins/com.st.stm32cube.ide.mcu.externaltools.gnu-tools-for-stm32.9-2020-q2-update.win32_2.0.0.202105311346/tools/bin/../lib/gcc/arm-none-eabi/9.3.1/../../../../arm-none-eabi/lib/thumb/v7e-m+fp/hard\libc_nano.a(lib_a-memset.o)
                              c:/st/stm32cubeide_1.7.0/stm32cubeide/plugins/com.st.stm32cube.ide.mcu.externaltools.gnu-tools-for-stm32.9-2020-q2-update.win32_2.0.0.202105311346/tools/bin/../lib/gcc/arm-none-eabi/9.3.1/../../../../arm-none-eabi/lib/thumb/v7e-m+fp/hard/crt0.o (memset)

Allocating common symbols
Common symbol       size              file

uwTick              0x4               ./Drivers/STM32G4xx_HAL_Driver/Src/stm32g4xx_hal.o
LED_group           0x40              ./System/LED.o

Discarded input sections

 .text          0x0000000000000000        0x0 c:/st/stm32cubeide_1.7.0/stm32cubeide/plugins/com.st.stm32cube.ide.mcu.externaltools.gnu-tools-for-stm32.9-2020-q2-update.win32_2.0.0.202105311346/tools/bin/../lib/gcc/arm-none-eabi/9.3.1/thumb/v7e-m+fp/hard/crti.o
 .data          0x0000000000000000        0x0 c:/st/stm32cubeide_1.7.0/stm32cubeide/plugins/com.st.stm32cube.ide.mcu.externaltools.gnu-tools-for-stm32.9-2020-q2-update.win32_2.0.0.202105311346/tools/bin/../lib/gcc/arm-none-eabi/9.3.1/thumb/v7e-m+fp/hard/crti.o
 .bss           0x0000000000000000        0x0 c:/st/stm32cubeide_1.7.0/stm32cubeide/plugins/com.st.stm32cube.ide.mcu.externaltools.gnu-tools-for-stm32.9-2020-q2-update.win32_2.0.0.202105311346/tools/bin/../lib/gcc/arm-none-eabi/9.3.1/thumb/v7e-m+fp/hard/crti.o
 .data          0x0000000000000000        0x4 c:/st/stm32cubeide_1.7.0/stm32cubeide/plugins/com.st.stm32cube.ide.mcu.externaltools.gnu-tools-for-stm32.9-2020-q2-update.win32_2.0.0.202105311346/tools/bin/../lib/gcc/arm-none-eabi/9.3.1/thumb/v7e-m+fp/hard/crtbegin.o
 .text          0x0000000000000000       0x7c c:/st/stm32cubeide_1.7.0/stm32cubeide/plugins/com.st.stm32cube.ide.mcu.externaltools.gnu-tools-for-stm32.9-2020-q2-update.win32_2.0.0.202105311346/tools/bin/../lib/gcc/arm-none-eabi/9.3.1/../../../../arm-none-eabi/lib/thumb/v7e-m+fp/hard/crt0.o
 .data          0x0000000000000000        0x0 c:/st/stm32cubeide_1.7.0/stm32cubeide/plugins/com.st.stm32cube.ide.mcu.externaltools.gnu-tools-for-stm32.9-2020-q2-update.win32_2.0.0.202105311346/tools/bin/../lib/gcc/arm-none-eabi/9.3.1/../../../../arm-none-eabi/lib/thumb/v7e-m+fp/hard/crt0.o
 .bss           0x0000000000000000        0x0 c:/st/stm32cubeide_1.7.0/stm32cubeide/plugins/com.st.stm32cube.ide.mcu.externaltools.gnu-tools-for-stm32.9-2020-q2-update.win32_2.0.0.202105311346/tools/bin/../lib/gcc/arm-none-eabi/9.3.1/../../../../arm-none-eabi/lib/thumb/v7e-m+fp/hard/crt0.o
[...]
Memory Configuration

Name             Origin             Length             Attributes
RAM              0x0000000020000000 0x0000000000020000 xrw
FLASH            0x0000000008000000 0x0000000000080000 xr
*default*        0x0000000000000000 0xffffffffffffffff

Linker script and memory map

LOAD c:/st/stm32cubeide_1.7.0/stm32cubeide/plugins/com.st.stm32cube.ide.mcu.externaltools.gnu-tools-for-stm32.9-2020-q2-update.win32_2.0.0.202105311346/tools/bin/../lib/gcc/arm-none-eabi/9.3.1/thumb/v7e-m+fp/hard/crti.o
LOAD c:/st/stm32cubeide_1.7.0/stm32cubeide/plugins/com.st.stm32cube.ide.mcu.externaltools.gnu-tools-for-stm32.9-2020-q2-update.win32_2.0.0.202105311346/tools/bin/../lib/gcc/arm-none-eabi/9.3.1/thumb/v7e-m+fp/hard/crtbegin.o
LOAD c:/st/stm32cubeide_1.7.0/stm32cubeide/plugins/com.st.stm32cube.ide.mcu.externaltools.gnu-tools-for-stm32.9-2020-q2-update.win32_2.0.0.202105311346/tools/bin/../lib/gcc/arm-none-eabi/9.3.1/../../../../arm-none-eabi/lib/thumb/v7e-m+fp/hard/crt0.o
LOAD ./Core/Src/main.o
LOAD ./Core/Src/stm32g4xx_hal_msp.o
LOAD ./Core/Src/stm32g4xx_it.o
LOAD ./Core/Src/syscalls.o
LOAD ./Core/Src/sysmem.o
LOAD ./Core/Src/system_stm32g4xx.o
LOAD ./Core/Startup/startup_stm32g474qetx.o
LOAD ./Drivers/STM32G4xx_HAL_Driver/Src/stm32g4xx_hal.o
LOAD ./Drivers/STM32G4xx_HAL_Driver/Src/stm32g4xx_hal_cortex.o
LOAD ./Drivers/STM32G4xx_HAL_Driver/Src/stm32g4xx_hal_dma.o
LOAD ./Drivers/STM32G4xx_HAL_Driver/Src/stm32g4xx_hal_dma_ex.o
LOAD ./Drivers/STM32G4xx_HAL_Driver/Src/stm32g4xx_hal_exti.o
LOAD ./Drivers/STM32G4xx_HAL_Driver/Src/stm32g4xx_hal_flash.o
LOAD ./Drivers/STM32G4xx_HAL_Driver/Src/stm32g4xx_hal_flash_ex.o
LOAD ./Drivers/STM32G4xx_HAL_Driver/Src/stm32g4xx_hal_flash_ramfunc.o
LOAD ./Drivers/STM32G4xx_HAL_Driver/Src/stm32g4xx_hal_gpio.o
LOAD ./Drivers/STM32G4xx_HAL_Driver/Src/stm32g4xx_hal_pwr.o
LOAD ./Drivers/STM32G4xx_HAL_Driver/Src/stm32g4xx_hal_pwr_ex.o
LOAD ./Drivers/STM32G4xx_HAL_Driver/Src/stm32g4xx_hal_rcc.o
LOAD ./Drivers/STM32G4xx_HAL_Driver/Src/stm32g4xx_hal_rcc_ex.o
LOAD ./Drivers/STM32G4xx_HAL_Driver/Src/stm32g4xx_hal_tim.o
LOAD ./Drivers/STM32G4xx_HAL_Driver/Src/stm32g4xx_hal_tim_ex.o
LOAD ./Drivers/STM32G4xx_HAL_Driver/Src/stm32g4xx_ll_exti.o
LOAD ./Drivers/STM32G4xx_HAL_Driver/Src/stm32g4xx_ll_gpio.o
LOAD ./Drivers/STM32G4xx_HAL_Driver/Src/stm32g4xx_ll_utils.o
LOAD ./System/LED.o
START GROUP
LOAD c:/st/stm32cubeide_1.7.0/stm32cubeide/plugins/com.st.stm32cube.ide.mcu.externaltools.gnu-tools-for-stm32.9-2020-q2-update.win32_2.0.0.202105311346/tools/bin/../lib/gcc/arm-none-eabi/9.3.1/../../../../arm-none-eabi/lib/thumb/v7e-m+fp/hard\libstdc++_nano.a
LOAD c:/st/stm32cubeide_1.7.0/stm32cubeide/plugins/com.st.stm32cube.ide.mcu.externaltools.gnu-tools-for-stm32.9-2020-q2-update.win32_2.0.0.202105311346/tools/bin/../lib/gcc/arm-none-eabi/9.3.1/../../../../arm-none-eabi/lib/thumb/v7e-m+fp/hard\libsupc++_nano.a
END GROUP
LOAD c:/st/stm32cubeide_1.7.0/stm32cubeide/plugins/com.st.stm32cube.ide.mcu.externaltools.gnu-tools-for-stm32.9-2020-q2-update.win32_2.0.0.202105311346/tools/bin/../lib/gcc/arm-none-eabi/9.3.1/../../../../arm-none-eabi/lib/thumb/v7e-m+fp/hard\libstdc++_nano.a
LOAD c:/st/stm32cubeide_1.7.0/stm32cubeide/plugins/com.st.stm32cube.ide.mcu.externaltools.gnu-tools-for-stm32.9-2020-q2-update.win32_2.0.0.202105311346/tools/bin/../lib/gcc/arm-none-eabi/9.3.1/../../../../arm-none-eabi/lib/thumb/v7e-m+fp/hard\libm.a
LOAD c:/st/stm32cubeide_1.7.0/stm32cubeide/plugins/com.st.stm32cube.ide.mcu.externaltools.gnu-tools-for-stm32.9-2020-q2-update.win32_2.0.0.202105311346/tools/bin/../lib/gcc/arm-none-eabi/9.3.1/../../../../arm-none-eabi/lib/thumb/v7e-m+fp/hard\libc_nano.a
START GROUP
LOAD c:/st/stm32cubeide_1.7.0/stm32cubeide/plugins/com.st.stm32cube.ide.mcu.externaltools.gnu-tools-for-stm32.9-2020-q2-update.win32_2.0.0.202105311346/tools/bin/../lib/gcc/arm-none-eabi/9.3.1/thumb/v7e-m+fp/hard\libgcc.a
LOAD c:/st/stm32cubeide_1.7.0/stm32cubeide/plugins/com.st.stm32cube.ide.mcu.externaltools.gnu-tools-for-stm32.9-2020-q2-update.win32_2.0.0.202105311346/tools/bin/../lib/gcc/arm-none-eabi/9.3.1/../../../../arm-none-eabi/lib/thumb/v7e-m+fp/hard\libc_nano.a
END GROUP
START GROUP
LOAD c:/st/stm32cubeide_1.7.0/stm32cubeide/plugins/com.st.stm32cube.ide.mcu.externaltools.gnu-tools-for-stm32.9-2020-q2-update.win32_2.0.0.202105311346/tools/bin/../lib/gcc/arm-none-eabi/9.3.1/thumb/v7e-m+fp/hard\libgcc.a
LOAD c:/st/stm32cubeide_1.7.0/stm32cubeide/plugins/com.st.stm32cube.ide.mcu.externaltools.gnu-tools-for-stm32.9-2020-q2-update.win32_2.0.0.202105311346/tools/bin/../lib/gcc/arm-none-eabi/9.3.1/../../../../arm-none-eabi/lib/thumb/v7e-m+fp/hard\libc_nano.a
LOAD c:/st/stm32cubeide_1.7.0/stm32cubeide/plugins/com.st.stm32cube.ide.mcu.externaltools.gnu-tools-for-stm32.9-2020-q2-update.win32_2.0.0.202105311346/tools/bin/../lib/gcc/arm-none-eabi/9.3.1/../../../../arm-none-eabi/lib/thumb/v7e-m+fp/hard\libnosys.a
END GROUP
START GROUP
LOAD c:/st/stm32cubeide_1.7.0/stm32cubeide/plugins/com.st.stm32cube.ide.mcu.externaltools.gnu-tools-for-stm32.9-2020-q2-update.win32_2.0.0.202105311346/tools/bin/../lib/gcc/arm-none-eabi/9.3.1/thumb/v7e-m+fp/hard\libgcc.a
LOAD c:/st/stm32cubeide_1.7.0/stm32cubeide/plugins/com.st.stm32cube.ide.mcu.externaltools.gnu-tools-for-stm32.9-2020-q2-update.win32_2.0.0.202105311346/tools/bin/../lib/gcc/arm-none-eabi/9.3.1/../../../../arm-none-eabi/lib/thumb/v7e-m+fp/hard\libc_nano.a
LOAD c:/st/stm32cubeide_1.7.0/stm32cubeide/plugins/com.st.stm32cube.ide.mcu.externaltools.gnu-tools-for-stm32.9-2020-q2-update.win32_2.0.0.202105311346/tools/bin/../lib/gcc/arm-none-eabi/9.3.1/../../../../arm-none-eabi/lib/thumb/v7e-m+fp/hard\libnosys.a
END GROUP
LOAD c:/st/stm32cubeide_1.7.0/stm32cubeide/plugins/com.st.stm32cube.ide.mcu.externaltools.gnu-tools-for-stm32.9-2020-q2-update.win32_2.0.0.202105311346/tools/bin/../lib/gcc/arm-none-eabi/9.3.1/thumb/v7e-m+fp/hard/crtend.o
LOAD c:/st/stm32cubeide_1.7.0/stm32cubeide/plugins/com.st.stm32cube.ide.mcu.externaltools.gnu-tools-for-stm32.9-2020-q2-update.win32_2.0.0.202105311346/tools/bin/../lib/gcc/arm-none-eabi/9.3.1/thumb/v7e-m+fp/hard/crtn.o
                0x0000000020020000                _estack = (ORIGIN (RAM) + LENGTH (RAM))
                0x0000000000000200                _Min_Heap_Size = 0x200
                0x0000000000000400                _Min_Stack_Size = 0x400

.isr_vector     0x0000000008000000      0x1d8
                0x0000000008000000                . = ALIGN (0x4)
 *(.isr_vector)
 .isr_vector    0x0000000008000000      0x1d8 ./Core/Startup/startup_stm32g474qetx.o
                0x0000000008000000                g_pfnVectors
                0x00000000080001d8                . = ALIGN (0x4)

.text           0x00000000080001d8     0x191c
                0x00000000080001d8                . = ALIGN (0x4)
 *(.text)
 .text          0x00000000080001d8       0x40 c:/st/stm32cubeide_1.7.0/stm32cubeide/plugins/com.st.stm32cube.ide.mcu.externaltools.gnu-tools-for-stm32.9-2020-q2-update.win32_2.0.0.202105311346/tools/bin/../lib/gcc/arm-none-eabi/9.3.1/thumb/v7e-m+fp/hard/crtbegin.o
 *(.text*)
 .text.LL_GPIO_ResetOutputPin
                0x0000000008000218       0x1c ./Core/Src/main.o
 .text.LL_AHB2_GRP1_EnableClock
                0x0000000008000234       0x30 ./Core/Src/main.o
 .text.main     0x0000000008000264       0x16 ./Core/Src/main.o
                0x0000000008000264                main
 .text.SystemClock_Config
                0x000000000800027a       0x96 ./Core/Src/main.o
                0x000000000800027a                SystemClock_Config
 .text.MX_GPIO_Init
                0x0000000008000310      0x164 ./Core/Src/main.o
 .text.Error_Handler
                0x0000000008000474        0xa ./Core/Src/main.o
                0x0000000008000474                Error_Handler
 *fill*         0x000000000800047e        0x2 
 .text.HAL_MspInit
                0x0000000008000480       0x48 ./Core/Src/stm32g4xx_hal_msp.o
                0x0000000008000480                HAL_MspInit
 .text.NMI_Handler
                0x00000000080004c8        0x6 ./Core/Src/stm32g4xx_it.o
                0x00000000080004c8                NMI_Handler
 .text.HardFault_Handler
                0x00000000080004ce        0x6 ./Core/Src/stm32g4xx_it.o
                0x00000000080004ce                HardFault_Handler
 .text.MemManage_Handler
                0x00000000080004d4        0x6 ./Core/Src/stm32g4xx_it.o
                0x00000000080004d4                MemManage_Handler
 .text.BusFault_Handler
                0x00000000080004da        0x6 ./Core/Src/stm32g4xx_it.o
                0x00000000080004da                BusFault_Handler
 .text.UsageFault_Handler
                0x00000000080004e0        0x6 ./Core/Src/stm32g4xx_it.o
                0x00000000080004e0                UsageFault_Handler
 .text.SVC_Handler
                0x00000000080004e6        0xe ./Core/Src/stm32g4xx_it.o
                0x00000000080004e6                SVC_Handler
 .text.DebugMon_Handler
                0x00000000080004f4        0xe ./Core/Src/stm32g4xx_it.o
                0x00000000080004f4                DebugMon_Handler
 .text.PendSV_Handler
                0x0000000008000502        0xe ./Core/Src/stm32g4xx_it.o
                0x0000000008000502                PendSV_Handler
 .text.SysTick_Handler
                0x0000000008000510        0xc ./Core/Src/stm32g4xx_it.o
                0x0000000008000510                SysTick_Handler
 .text.SystemInit
                0x000000000800051c       0x24 ./Core/Src/system_stm32g4xx.o
                0x000000000800051c                SystemInit
 .text.Reset_Handler
                0x0000000008000540       0x50 ./Core/Startup/startup_stm32g474qetx.o
                0x0000000008000540                Reset_Handler
 .text.Default_Handler
                0x0000000008000590        0x2 ./Core/Startup/startup_stm32g474qetx.o
                0x0000000008000590                RTC_Alarm_IRQHandler
                0x0000000008000590                EXTI2_IRQHandler
                0x0000000008000590                TIM8_TRG_COM_IRQHandler
                0x0000000008000590                TIM8_CC_IRQHandler
                0x0000000008000590                HRTIM1_Master_IRQHandler
                0x0000000008000590                SPI4_IRQHandler
                0x0000000008000590                FDCAN3_IT0_IRQHandler
                0x0000000008000590                TIM1_CC_IRQHandler
                0x0000000008000590                HRTIM1_FLT_IRQHandler
                0x0000000008000590                HRTIM1_TIMF_IRQHandler
                0x0000000008000590                USB_HP_IRQHandler
                0x0000000008000590                CORDIC_IRQHandler
                0x0000000008000590                HRTIM1_TIMD_IRQHandler
                0x0000000008000590                DMA2_Channel8_IRQHandler
                0x0000000008000590                EXTI3_IRQHandler
                0x0000000008000590                I2C3_ER_IRQHandler
                0x0000000008000590                EXTI0_IRQHandler
                0x0000000008000590                I2C2_EV_IRQHandler
                0x0000000008000590                FPU_IRQHandler
                0x0000000008000590                FDCAN1_IT1_IRQHandler
                0x0000000008000590                TIM1_UP_TIM16_IRQHandler
                0x0000000008000590                ADC1_2_IRQHandler
                0x0000000008000590                HRTIM1_TIME_IRQHandler
                0x0000000008000590                SPI1_IRQHandler
                0x0000000008000590                TIM6_DAC_IRQHandler
                0x0000000008000590                HRTIM1_TIMC_IRQHandler
                0x0000000008000590                TIM8_UP_IRQHandler
                0x0000000008000590                DMA2_Channel2_IRQHandler
                0x0000000008000590                DMA1_Channel4_IRQHandler
                0x0000000008000590                TIM20_TRG_COM_IRQHandler
                0x0000000008000590                USART3_IRQHandler
                0x0000000008000590                DMA1_Channel7_IRQHandler
                0x0000000008000590                UART5_IRQHandler
                0x0000000008000590                ADC3_IRQHandler
                0x0000000008000590                TIM4_IRQHandler
                0x0000000008000590                DMA2_Channel1_IRQHandler
                0x0000000008000590                QUADSPI_IRQHandler
                0x0000000008000590                I2C1_EV_IRQHandler
                0x0000000008000590                DMA1_Channel6_IRQHandler
                0x0000000008000590                UART4_IRQHandler
                0x0000000008000590                DMA2_Channel4_IRQHandler
                0x0000000008000590                TIM3_IRQHandler
                0x0000000008000590                RCC_IRQHandler
                0x0000000008000590                TIM20_UP_IRQHandler
                0x0000000008000590                DMA1_Channel1_IRQHandler
                0x0000000008000590                Default_Handler
                0x0000000008000590                DMA2_Channel7_IRQHandler
                0x0000000008000590                RTC_TAMP_LSECSS_IRQHandler
                0x0000000008000590                FMAC_IRQHandler
                0x0000000008000590                EXTI15_10_IRQHandler
                0x0000000008000590                DMA1_Channel8_IRQHandler
                0x0000000008000590                HRTIM1_TIMA_IRQHandler
                0x0000000008000590                TIM7_DAC_IRQHandler
                0x0000000008000590                FDCAN3_IT1_IRQHandler
                0x0000000008000590                TIM5_IRQHandler
                0x0000000008000590                UCPD1_IRQHandler
                0x0000000008000590                I2C3_EV_IRQHandler
                0x0000000008000590                EXTI9_5_IRQHandler
                0x0000000008000590                RTC_WKUP_IRQHandler
                0x0000000008000590                PVD_PVM_IRQHandler
                0x0000000008000590                SPI2_IRQHandler
                0x0000000008000590                ADC5_IRQHandler
                0x0000000008000590                DMA2_Channel5_IRQHandler
                0x0000000008000590                CRS_IRQHandler
                0x0000000008000590                DMA1_Channel5_IRQHandler
                0x0000000008000590                USB_LP_IRQHandler
                0x0000000008000590                EXTI4_IRQHandler
                0x0000000008000590                RNG_IRQHandler
                0x0000000008000590                HRTIM1_TIMB_IRQHandler
                0x0000000008000590                TIM1_TRG_COM_TIM17_IRQHandler
                0x0000000008000590                FDCAN2_IT1_IRQHandler
                0x0000000008000590                DMA1_Channel3_IRQHandler
                0x0000000008000590                ADC4_IRQHandler
                0x0000000008000590                WWDG_IRQHandler
                0x0000000008000590                I2C4_EV_IRQHandler
                0x0000000008000590                FDCAN2_IT0_IRQHandler
                0x0000000008000590                LPUART1_IRQHandler
                0x0000000008000590                DMA2_Channel6_IRQHandler
                0x0000000008000590                FDCAN1_IT0_IRQHandler
                0x0000000008000590                TIM2_IRQHandler
                0x0000000008000590                COMP7_IRQHandler
                0x0000000008000590                COMP1_2_3_IRQHandler
                0x0000000008000590                EXTI1_IRQHandler
                0x0000000008000590                USART2_IRQHandler
                0x0000000008000590                COMP4_5_6_IRQHandler
                0x0000000008000590                TIM20_BRK_IRQHandler
                0x0000000008000590                I2C2_ER_IRQHandler
                0x0000000008000590                DMA1_Channel2_IRQHandler
                0x0000000008000590                TIM8_BRK_IRQHandler
                0x0000000008000590                FLASH_IRQHandler
                0x0000000008000590                TIM20_CC_IRQHandler
                0x0000000008000590                USART1_IRQHandler
                0x0000000008000590                SPI3_IRQHandler
                0x0000000008000590                I2C1_ER_IRQHandler
                0x0000000008000590                FMC_IRQHandler
                0x0000000008000590                LPTIM1_IRQHandler
                0x0000000008000590                DMAMUX_OVR_IRQHandler
                0x0000000008000590                I2C4_ER_IRQHandler
                0x0000000008000590                USBWakeUp_IRQHandler
                0x0000000008000590                SAI1_IRQHandler
                0x0000000008000590                DMA2_Channel3_IRQHandler
                0x0000000008000590                TIM1_BRK_TIM15_IRQHandler
 .text.HAL_Init
                0x0000000008000592       0x30 ./Drivers/STM32G4xx_HAL_Driver/Src/stm32g4xx_hal.o
                0x0000000008000592                HAL_Init
 *fill*         0x00000000080005c2        0x2 
 .text.HAL_InitTick
                0x00000000080005c4       0x74 ./Drivers/STM32G4xx_HAL_Driver/Src/stm32g4xx_hal.o
                0x00000000080005c4                HAL_InitTick
 .text.HAL_IncTick
                0x0000000008000638       0x24 ./Drivers/STM32G4xx_HAL_Driver/Src/stm32g4xx_hal.o
                0x0000000008000638                HAL_IncTick
 .text.HAL_GetTick
                0x000000000800065c       0x18 ./Drivers/STM32G4xx_HAL_Driver/Src/stm32g4xx_hal.o
                0x000000000800065c                HAL_GetTick
 .text.HAL_Delay
                0x0000000008000674       0x44 ./Drivers/STM32G4xx_HAL_Driver/Src/stm32g4xx_hal.o
                0x0000000008000674                HAL_Delay
 .text.__NVIC_SetPriorityGrouping
                0x00000000080006b8       0x48 ./Drivers/STM32G4xx_HAL_Driver/Src/stm32g4xx_hal_cortex.o
 .text.__NVIC_GetPriorityGrouping
                0x0000000008000700       0x1c ./Drivers/STM32G4xx_HAL_Driver/Src/stm32g4xx_hal_cortex.o
 .text.__NVIC_SetPriority
                0x000000000800071c       0x54 ./Drivers/STM32G4xx_HAL_Driver/Src/stm32g4xx_hal_cortex.o
 .text.NVIC_EncodePriority
                0x0000000008000770       0x66 ./Drivers/STM32G4xx_HAL_Driver/Src/stm32g4xx_hal_cortex.o
 *fill*         0x00000000080007d6        0x2 
 .text.SysTick_Config
                0x00000000080007d8       0x44 ./Drivers/STM32G4xx_HAL_Driver/Src/stm32g4xx_hal_cortex.o
 .text.HAL_NVIC_SetPriorityGrouping
                0x000000000800081c       0x16 ./Drivers/STM32G4xx_HAL_Driver/Src/stm32g4xx_hal_cortex.o
                0x000000000800081c                HAL_NVIC_SetPriorityGrouping
 .text.HAL_NVIC_SetPriority
                0x0000000008000832       0x34 ./Drivers/STM32G4xx_HAL_Driver/Src/stm32g4xx_hal_cortex.o
                0x0000000008000832                HAL_NVIC_SetPriority
 .text.HAL_SYSTICK_Config
                0x0000000008000866       0x18 ./Drivers/STM32G4xx_HAL_Driver/Src/stm32g4xx_hal_cortex.o
                0x0000000008000866                HAL_SYSTICK_Config
 *fill*         0x000000000800087e        0x2 
 .text.HAL_PWREx_ControlVoltageScaling
                0x0000000008000880      0x148 ./Drivers/STM32G4xx_HAL_Driver/Src/stm32g4xx_hal_pwr_ex.o
                0x0000000008000880                HAL_PWREx_ControlVoltageScaling
 .text.HAL_PWREx_DisableUCPDDeadBattery
                0x00000000080009c8       0x20 ./Drivers/STM32G4xx_HAL_Driver/Src/stm32g4xx_hal_pwr_ex.o
                0x00000000080009c8                HAL_PWREx_DisableUCPDDeadBattery
 .text.HAL_RCC_OscConfig
                0x00000000080009e8      0x630 ./Drivers/STM32G4xx_HAL_Driver/Src/stm32g4xx_hal_rcc.o
                0x00000000080009e8                HAL_RCC_OscConfig
 .text.HAL_RCC_ClockConfig
                0x0000000008001018      0x278 ./Drivers/STM32G4xx_HAL_Driver/Src/stm32g4xx_hal_rcc.o
                0x0000000008001018                HAL_RCC_ClockConfig
 .text.HAL_RCC_GetSysClockFreq
                0x0000000008001290       0xc4 ./Drivers/STM32G4xx_HAL_Driver/Src/stm32g4xx_hal_rcc.o
                0x0000000008001290                HAL_RCC_GetSysClockFreq
 .text.RCC_GetSysClockFreqFromPLLSource
                0x0000000008001354       0x8c ./Drivers/STM32G4xx_HAL_Driver/Src/stm32g4xx_hal_rcc.o
 .text.LL_GPIO_SetPinMode
                0x00000000080013e0       0x7a ./Drivers/STM32G4xx_HAL_Driver/Src/stm32g4xx_ll_gpio.o
 .text.LL_GPIO_SetPinOutputType
                0x000000000800145a       0x30 ./Drivers/STM32G4xx_HAL_Driver/Src/stm32g4xx_ll_gpio.o
 .text.LL_GPIO_SetPinSpeed
                0x000000000800148a       0x7a ./Drivers/STM32G4xx_HAL_Driver/Src/stm32g4xx_ll_gpio.o
 .text.LL_GPIO_SetPinPull
                0x0000000008001504       0x7a ./Drivers/STM32G4xx_HAL_Driver/Src/stm32g4xx_ll_gpio.o
 .text.LL_GPIO_SetAFPin_0_7
                0x000000000800157e       0x7a ./Drivers/STM32G4xx_HAL_Driver/Src/stm32g4xx_ll_gpio.o
 .text.LL_GPIO_SetAFPin_8_15
                0x00000000080015f8       0x7e ./Drivers/STM32G4xx_HAL_Driver/Src/stm32g4xx_ll_gpio.o
 .text.LL_GPIO_Init
                0x0000000008001676       0xdc ./Drivers/STM32G4xx_HAL_Driver/Src/stm32g4xx_ll_gpio.o
                0x0000000008001676                LL_GPIO_Init
 .text.LL_GPIO_IsOutputPinSet
                0x0000000008001752       0x2a ./System/LED.o
 .text.LL_GPIO_SetOutputPin
                0x000000000800177c       0x1c ./System/LED.o
 .text.LL_GPIO_ResetOutputPin
                0x0000000008001798       0x1c ./System/LED.o
 .text.LED_init
                0x00000000080017b4       0x7c ./System/LED.o
                0x00000000080017b4                LED_init
 .text.LED_on   0x0000000008001830       0x30 ./System/LED.o
                0x0000000008001830                LED_on
 .text.LED_off  0x0000000008001860       0x30 ./System/LED.o
                0x0000000008001860                LED_off
 .text.LEDs_on  0x0000000008001890       0x5c ./System/LED.o
                0x0000000008001890                LEDs_on
 .text.LEDs_off
                0x00000000080018ec       0x5c ./System/LED.o
                0x00000000080018ec                LEDs_off
 .text.LEDs_write
                0x0000000008001948       0x4e ./System/LED.o
                0x0000000008001948                LEDs_write
 *fill*         0x0000000008001996        0x2 
 .text.LEDs_read
                0x0000000008001998       0x5c ./System/LED.o
                0x0000000008001998                LEDs_read
 .text.LED_demo
                0x00000000080019f4       0x90 ./System/LED.o
                0x00000000080019f4                LED_demo
 .text.__libc_init_array
                0x0000000008001a84       0x48 c:/st/stm32cubeide_1.7.0/stm32cubeide/plugins/com.st.stm32cube.ide.mcu.externaltools.gnu-tools-for-stm32.9-2020-q2-update.win32_2.0.0.202105311346/tools/bin/../lib/gcc/arm-none-eabi/9.3.1/../../../../arm-none-eabi/lib/thumb/v7e-m+fp/hard\libc_nano.a(lib_a-init.o)
                0x0000000008001a84                __libc_init_array
 .text.memset   0x0000000008001acc       0x10 c:/st/stm32cubeide_1.7.0/stm32cubeide/plugins/com.st.stm32cube.ide.mcu.externaltools.gnu-tools-for-stm32.9-2020-q2-update.win32_2.0.0.202105311346/tools/bin/../lib/gcc/arm-none-eabi/9.3.1/../../../../arm-none-eabi/lib/thumb/v7e-m+fp/hard\libc_nano.a(lib_a-memset.o)
                0x0000000008001acc                memset
 *(.glue_7)
 .glue_7        0x0000000008001adc        0x0 linker stubs
 *(.glue_7t)
 .glue_7t       0x0000000008001adc        0x0 linker stubs
 *(.eh_frame)
 .eh_frame      0x0000000008001adc        0x0 c:/st/stm32cubeide_1.7.0/stm32cubeide/plugins/com.st.stm32cube.ide.mcu.externaltools.gnu-tools-for-stm32.9-2020-q2-update.win32_2.0.0.202105311346/tools/bin/../lib/gcc/arm-none-eabi/9.3.1/thumb/v7e-m+fp/hard/crtbegin.o
 *(.init)
 .init          0x0000000008001adc        0x4 c:/st/stm32cubeide_1.7.0/stm32cubeide/plugins/com.st.stm32cube.ide.mcu.externaltools.gnu-tools-for-stm32.9-2020-q2-update.win32_2.0.0.202105311346/tools/bin/../lib/gcc/arm-none-eabi/9.3.1/thumb/v7e-m+fp/hard/crti.o
                0x0000000008001adc                _init
 .init          0x0000000008001ae0        0x8 c:/st/stm32cubeide_1.7.0/stm32cubeide/plugins/com.st.stm32cube.ide.mcu.externaltools.gnu-tools-for-stm32.9-2020-q2-update.win32_2.0.0.202105311346/tools/bin/../lib/gcc/arm-none-eabi/9.3.1/thumb/v7e-m+fp/hard/crtn.o
 *(.fini)
 .fini          0x0000000008001ae8        0x4 c:/st/stm32cubeide_1.7.0/stm32cubeide/plugins/com.st.stm32cube.ide.mcu.externaltools.gnu-tools-for-stm32.9-2020-q2-update.win32_2.0.0.202105311346/tools/bin/../lib/gcc/arm-none-eabi/9.3.1/thumb/v7e-m+fp/hard/crti.o
                0x0000000008001ae8                _fini
 .fini          0x0000000008001aec        0x8 c:/st/stm32cubeide_1.7.0/stm32cubeide/plugins/com.st.stm32cube.ide.mcu.externaltools.gnu-tools-for-stm32.9-2020-q2-update.win32_2.0.0.202105311346/tools/bin/../lib/gcc/arm-none-eabi/9.3.1/thumb/v7e-m+fp/hard/crtn.o
                0x0000000008001af4                . = ALIGN (0x4)
                0x0000000008001af4                _etext = .

.vfp11_veneer   0x0000000008001af4        0x0
 .vfp11_veneer  0x0000000008001af4        0x0 linker stubs

.v4_bx          0x0000000008001af4        0x0
 .v4_bx         0x0000000008001af4        0x0 linker stubs

.iplt           0x0000000008001af4        0x0
 .iplt          0x0000000008001af4        0x0 c:/st/stm32cubeide_1.7.0/stm32cubeide/plugins/com.st.stm32cube.ide.mcu.externaltools.gnu-tools-for-stm32.9-2020-q2-update.win32_2.0.0.202105311346/tools/bin/../lib/gcc/arm-none-eabi/9.3.1/thumb/v7e-m+fp/hard/crtbegin.o

.rodata         0x0000000008001af4       0x10
                0x0000000008001af4                . = ALIGN (0x4)
 *(.rodata)
 *(.rodata*)
 .rodata.AHBPrescTable
                0x0000000008001af4       0x10 ./Core/Src/system_stm32g4xx.o
                0x0000000008001af4                AHBPrescTable
                0x0000000008001b04                . = ALIGN (0x4)

.rel.dyn        0x0000000008001b04        0x0
 .rel.iplt      0x0000000008001b04        0x0 c:/st/stm32cubeide_1.7.0/stm32cubeide/plugins/com.st.stm32cube.ide.mcu.externaltools.gnu-tools-for-stm32.9-2020-q2-update.win32_2.0.0.202105311346/tools/bin/../lib/gcc/arm-none-eabi/9.3.1/thumb/v7e-m+fp/hard/crtbegin.o

.ARM.extab      0x0000000008001b04        0x0
                0x0000000008001b04                . = ALIGN (0x4)
 *(.ARM.extab* .gnu.linkonce.armextab.*)
                0x0000000008001b04                . = ALIGN (0x4)

.ARM            0x0000000008001b04        0x0
                0x0000000008001b04                . = ALIGN (0x4)
                0x0000000008001b04                __exidx_start = .
 *(.ARM.exidx*)
                0x0000000008001b04                __exidx_end = .
                0x0000000008001b04                . = ALIGN (0x4)

.preinit_array  0x0000000008001b04        0x0
                0x0000000008001b04                . = ALIGN (0x4)
                0x0000000008001b04                PROVIDE (__preinit_array_start = .)
 *(.preinit_array*)
                0x0000000008001b04                PROVIDE (__preinit_array_end = .)
                0x0000000008001b04                . = ALIGN (0x4)

.init_array     0x0000000008001b04        0x4
                0x0000000008001b04                . = ALIGN (0x4)
                0x0000000008001b04                PROVIDE (__init_array_start = .)
 *(SORT_BY_NAME(.init_array.*))
 *(.init_array*)
 .init_array    0x0000000008001b04        0x4 c:/st/stm32cubeide_1.7.0/stm32cubeide/plugins/com.st.stm32cube.ide.mcu.externaltools.gnu-tools-for-stm32.9-2020-q2-update.win32_2.0.0.202105311346/tools/bin/../lib/gcc/arm-none-eabi/9.3.1/thumb/v7e-m+fp/hard/crtbegin.o
                0x0000000008001b08                PROVIDE (__init_array_end = .)
                0x0000000008001b08                . = ALIGN (0x4)

.fini_array     0x0000000008001b08        0x4
                0x0000000008001b08                . = ALIGN (0x4)
                [!provide]                        PROVIDE (__fini_array_start = .)
 *(SORT_BY_NAME(.fini_array.*))
 *(.fini_array*)
 .fini_array    0x0000000008001b08        0x4 c:/st/stm32cubeide_1.7.0/stm32cubeide/plugins/com.st.stm32cube.ide.mcu.externaltools.gnu-tools-for-stm32.9-2020-q2-update.win32_2.0.0.202105311346/tools/bin/../lib/gcc/arm-none-eabi/9.3.1/thumb/v7e-m+fp/hard/crtbegin.o
                [!provide]                        PROVIDE (__fini_array_end = .)
                0x0000000008001b0c                . = ALIGN (0x4)
                0x0000000008001b0c                _sidata = LOADADDR (.data)

.data           0x0000000020000000        0xc load address 0x0000000008001b0c
                0x0000000020000000                . = ALIGN (0x4)
                0x0000000020000000                _sdata = .
 *(.data)
 *(.data*)
 .data.SystemCoreClock
                0x0000000020000000        0x4 ./Core/Src/system_stm32g4xx.o
                0x0000000020000000                SystemCoreClock
 .data.uwTickPrio
                0x0000000020000004        0x4 ./Drivers/STM32G4xx_HAL_Driver/Src/stm32g4xx_hal.o
                0x0000000020000004                uwTickPrio
 .data.uwTickFreq
                0x0000000020000008        0x4 ./Drivers/STM32G4xx_HAL_Driver/Src/stm32g4xx_hal.o
                0x0000000020000008                uwTickFreq
 *(.RamFunc)
 *(.RamFunc*)
                0x000000002000000c                . = ALIGN (0x4)
                0x000000002000000c                _edata = .

.igot.plt       0x000000002000000c        0x0 load address 0x0000000008001b18
 .igot.plt      0x000000002000000c        0x0 c:/st/stm32cubeide_1.7.0/stm32cubeide/plugins/com.st.stm32cube.ide.mcu.externaltools.gnu-tools-for-stm32.9-2020-q2-update.win32_2.0.0.202105311346/tools/bin/../lib/gcc/arm-none-eabi/9.3.1/thumb/v7e-m+fp/hard/crtbegin.o
                0x000000002000000c                . = ALIGN (0x4)

.bss            0x000000002000000c       0x60 load address 0x0000000008001b18
                0x000000002000000c                _sbss = .
                0x000000002000000c                __bss_start__ = _sbss
 *(.bss)
 .bss           0x000000002000000c       0x1c c:/st/stm32cubeide_1.7.0/stm32cubeide/plugins/com.st.stm32cube.ide.mcu.externaltools.gnu-tools-for-stm32.9-2020-q2-update.win32_2.0.0.202105311346/tools/bin/../lib/gcc/arm-none-eabi/9.3.1/thumb/v7e-m+fp/hard/crtbegin.o
 *(.bss*)
 *(COMMON)
 COMMON         0x0000000020000028        0x4 ./Drivers/STM32G4xx_HAL_Driver/Src/stm32g4xx_hal.o
                0x0000000020000028                uwTick
 COMMON         0x000000002000002c       0x40 ./System/LED.o
                0x000000002000002c                LED_group
                0x000000002000006c                . = ALIGN (0x4)
                0x000000002000006c                _ebss = .
                0x000000002000006c                __bss_end__ = _ebss

._user_heap_stack
                0x000000002000006c      0x604 load address 0x0000000008001b18
                0x0000000020000070                . = ALIGN (0x8)
 *fill*         0x000000002000006c        0x4 
                [!provide]                        PROVIDE (end = .)
                0x0000000020000070                PROVIDE (_end = .)
                0x0000000020000270                . = (. + _Min_Heap_Size)
 *fill*         0x0000000020000070      0x200 
                0x0000000020000670                . = (. + _Min_Stack_Size)
 *fill*         0x0000000020000270      0x400 
                0x0000000020000670                . = ALIGN (0x8)

/DISCARD/
 libc.a(*)
 libm.a(*)
 libgcc.a(*)

.ARM.attributes
                0x0000000000000000       0x30
 *(.ARM.attributes)
 .ARM.attributes
                0x0000000000000000       0x1e c:/st/stm32cubeide_1.7.0/stm32cubeide/plugins/com.st.stm32cube.ide.mcu.externaltools.gnu-tools-for-stm32.9-2020-q2-update.win32_2.0.0.202105311346/tools/bin/../lib/gcc/arm-none-eabi/9.3.1/thumb/v7e-m+fp/hard/crti.o
 .ARM.attributes
                0x000000000000001e       0x34 c:/st/stm32cubeide_1.7.0/stm32cubeide/plugins/com.st.stm32cube.ide.mcu.externaltools.gnu-tools-for-stm32.9-2020-q2-update.win32_2.0.0.202105311346/tools/bin/../lib/gcc/arm-none-eabi/9.3.1/thumb/v7e-m+fp/hard/crtbegin.o
 .ARM.attributes
                0x0000000000000052       0x34 ./Core/Src/main.o
 .ARM.attributes
                0x0000000000000086       0x34 ./Core/Src/stm32g4xx_hal_msp.o
 .ARM.attributes
                0x00000000000000ba       0x34 ./Core/Src/stm32g4xx_it.o
 .ARM.attributes
                0x00000000000000ee       0x34 ./Core/Src/system_stm32g4xx.o
 .ARM.attributes
                0x0000000000000122       0x21 ./Core/Startup/startup_stm32g474qetx.o
 .ARM.attributes
                0x0000000000000143       0x34 ./Drivers/STM32G4xx_HAL_Driver/Src/stm32g4xx_hal.o
 .ARM.attributes
                0x0000000000000177       0x34 ./Drivers/STM32G4xx_HAL_Driver/Src/stm32g4xx_hal_cortex.o
 .ARM.attributes
                0x00000000000001ab       0x34 ./Drivers/STM32G4xx_HAL_Driver/Src/stm32g4xx_hal_pwr_ex.o
 .ARM.attributes
                0x00000000000001df       0x34 ./Drivers/STM32G4xx_HAL_Driver/Src/stm32g4xx_hal_rcc.o
 .ARM.attributes
                0x0000000000000213       0x34 ./Drivers/STM32G4xx_HAL_Driver/Src/stm32g4xx_ll_gpio.o
 .ARM.attributes
                0x0000000000000247       0x34 ./System/LED.o
 .ARM.attributes
                0x000000000000027b       0x34 c:/st/stm32cubeide_1.7.0/stm32cubeide/plugins/com.st.stm32cube.ide.mcu.externaltools.gnu-tools-for-stm32.9-2020-q2-update.win32_2.0.0.202105311346/tools/bin/../lib/gcc/arm-none-eabi/9.3.1/../../../../arm-none-eabi/lib/thumb/v7e-m+fp/hard\libc_nano.a(lib_a-init.o)
 .ARM.attributes
                0x00000000000002af       0x34 c:/st/stm32cubeide_1.7.0/stm32cubeide/plugins/com.st.stm32cube.ide.mcu.externaltools.gnu-tools-for-stm32.9-2020-q2-update.win32_2.0.0.202105311346/tools/bin/../lib/gcc/arm-none-eabi/9.3.1/../../../../arm-none-eabi/lib/thumb/v7e-m+fp/hard\libc_nano.a(lib_a-memset.o)
 .ARM.attributes
                0x00000000000002e3       0x1e c:/st/stm32cubeide_1.7.0/stm32cubeide/plugins/com.st.stm32cube.ide.mcu.externaltools.gnu-tools-for-stm32.9-2020-q2-update.win32_2.0.0.202105311346/tools/bin/../lib/gcc/arm-none-eabi/9.3.1/thumb/v7e-m+fp/hard/crtn.o
OUTPUT(Vaja5.elf elf32-littlearm)
LOAD linker stubs
LOAD c:/st/stm32cubeide_1.7.0/stm32cubeide/plugins/com.st.stm32cube.ide.mcu.externaltools.gnu-tools-for-stm32.9-2020-q2-update.win32_2.0.0.202105311346/tools/bin/../lib/gcc/arm-none-eabi/9.3.1/../../../../arm-none-eabi/lib/thumb/v7e-m+fp/hard\libc.a
LOAD c:/st/stm32cubeide_1.7.0/stm32cubeide/plugins/com.st.stm32cube.ide.mcu.externaltools.gnu-tools-for-stm32.9-2020-q2-update.win32_2.0.0.202105311346/tools/bin/../lib/gcc/arm-none-eabi/9.3.1/../../../../arm-none-eabi/lib/thumb/v7e-m+fp/hard\libm.a
LOAD c:/st/stm32cubeide_1.7.0/stm32cubeide/plugins/com.st.stm32cube.ide.mcu.externaltools.gnu-tools-for-stm32.9-2020-q2-update.win32_2.0.0.202105311346/tools/bin/../lib/gcc/arm-none-eabi/9.3.1/thumb/v7e-m+fp/hard\libgcc.a

.debug_info     0x0000000000000000     0x6180
 .debug_info    0x0000000000000000      0x892 ./Core/Src/main.o
 .debug_info    0x0000000000000892      0x51a ./Core/Src/stm32g4xx_hal_msp.o
 .debug_info    0x0000000000000dac      0x32c ./Core/Src/stm32g4xx_it.o
 .debug_info    0x00000000000010d8      0x718 ./Core/Src/system_stm32g4xx.o
 .debug_info    0x00000000000017f0       0x22 ./Core/Startup/startup_stm32g474qetx.o
 .debug_info    0x0000000000001812      0xcfb ./Drivers/STM32G4xx_HAL_Driver/Src/stm32g4xx_hal.o
 .debug_info    0x000000000000250d     0x1032 ./Drivers/STM32G4xx_HAL_Driver/Src/stm32g4xx_hal_cortex.o
 .debug_info    0x000000000000353f      0xb3a ./Drivers/STM32G4xx_HAL_Driver/Src/stm32g4xx_hal_pwr_ex.o
 .debug_info    0x0000000000004079      0xde1 ./Drivers/STM32G4xx_HAL_Driver/Src/stm32g4xx_hal_rcc.o
 .debug_info    0x0000000000004e5a      0xbe0 ./Drivers/STM32G4xx_HAL_Driver/Src/stm32g4xx_ll_gpio.o
 .debug_info    0x0000000000005a3a      0x746 ./System/LED.o

.debug_abbrev   0x0000000000000000     0x1462
 .debug_abbrev  0x0000000000000000      0x218 ./Core/Src/main.o
 .debug_abbrev  0x0000000000000218      0x13d ./Core/Src/stm32g4xx_hal_msp.o
 .debug_abbrev  0x0000000000000355      0x103 ./Core/Src/stm32g4xx_it.o
 .debug_abbrev  0x0000000000000458      0x165 ./Core/Src/system_stm32g4xx.o
 .debug_abbrev  0x00000000000005bd       0x12 ./Core/Startup/startup_stm32g474qetx.o
 .debug_abbrev  0x00000000000005cf      0x256 ./Drivers/STM32G4xx_HAL_Driver/Src/stm32g4xx_hal.o
 .debug_abbrev  0x0000000000000825      0x333 ./Drivers/STM32G4xx_HAL_Driver/Src/stm32g4xx_hal_cortex.o
 .debug_abbrev  0x0000000000000b58      0x229 ./Drivers/STM32G4xx_HAL_Driver/Src/stm32g4xx_hal_pwr_ex.o
 .debug_abbrev  0x0000000000000d81      0x275 ./Drivers/STM32G4xx_HAL_Driver/Src/stm32g4xx_hal_rcc.o
 .debug_abbrev  0x0000000000000ff6      0x250 ./Drivers/STM32G4xx_HAL_Driver/Src/stm32g4xx_ll_gpio.o
 .debug_abbrev  0x0000000000001246      0x21c ./System/LED.o

.debug_aranges  0x0000000000000000      0x638
 .debug_aranges
                0x0000000000000000       0x48 ./Core/Src/main.o
 .debug_aranges
                0x0000000000000048       0x20 ./Core/Src/stm32g4xx_hal_msp.o
 .debug_aranges
                0x0000000000000068       0x60 ./Core/Src/stm32g4xx_it.o
 .debug_aranges
                0x00000000000000c8       0x28 ./Core/Src/system_stm32g4xx.o
 .debug_aranges
                0x00000000000000f0       0x28 ./Core/Startup/startup_stm32g474qetx.o
 .debug_aranges
                0x0000000000000118      0x130 ./Drivers/STM32G4xx_HAL_Driver/Src/stm32g4xx_hal.o
 .debug_aranges
                0x0000000000000248      0x118 ./Drivers/STM32G4xx_HAL_Driver/Src/stm32g4xx_hal_cortex.o
 .debug_aranges
                0x0000000000000360      0x140 ./Drivers/STM32G4xx_HAL_Driver/Src/stm32g4xx_hal_pwr_ex.o
 .debug_aranges
                0x00000000000004a0       0x98 ./Drivers/STM32G4xx_HAL_Driver/Src/stm32g4xx_hal_rcc.o
 .debug_aranges
                0x0000000000000538       0x70 ./Drivers/STM32G4xx_HAL_Driver/Src/stm32g4xx_ll_gpio.o
 .debug_aranges
                0x00000000000005a8       0x90 ./System/LED.o

.debug_ranges   0x0000000000000000      0x590
 .debug_ranges  0x0000000000000000       0x38 ./Core/Src/main.o
 .debug_ranges  0x0000000000000038       0x10 ./Core/Src/stm32g4xx_hal_msp.o
 .debug_ranges  0x0000000000000048       0x50 ./Core/Src/stm32g4xx_it.o
 .debug_ranges  0x0000000000000098       0x18 ./Core/Src/system_stm32g4xx.o
 .debug_ranges  0x00000000000000b0       0x20 ./Core/Startup/startup_stm32g474qetx.o
 .debug_ranges  0x00000000000000d0      0x120 ./Drivers/STM32G4xx_HAL_Driver/Src/stm32g4xx_hal.o
 .debug_ranges  0x00000000000001f0      0x108 ./Drivers/STM32G4xx_HAL_Driver/Src/stm32g4xx_hal_cortex.o
 .debug_ranges  0x00000000000002f8      0x130 ./Drivers/STM32G4xx_HAL_Driver/Src/stm32g4xx_hal_pwr_ex.o
 .debug_ranges  0x0000000000000428       0x88 ./Drivers/STM32G4xx_HAL_Driver/Src/stm32g4xx_hal_rcc.o
 .debug_ranges  0x00000000000004b0       0x60 ./Drivers/STM32G4xx_HAL_Driver/Src/stm32g4xx_ll_gpio.o
 .debug_ranges  0x0000000000000510       0x80 ./System/LED.o

.debug_macro    0x0000000000000000    0x25160
 .debug_macro   0x0000000000000000      0x210 ./Core/Src/main.o
 .debug_macro   0x0000000000000210      0xaae ./Core/Src/main.o
 .debug_macro   0x0000000000000cbe      0x14f ./Core/Src/main.o
 .debug_macro   0x0000000000000e0d       0x2e ./Core/Src/main.o
 .debug_macro   0x0000000000000e3b       0x28 ./Core/Src/main.o
 .debug_macro   0x0000000000000e63       0x22 ./Core/Src/main.o
 .debug_macro   0x0000000000000e85       0x8e ./Core/Src/main.o
 .debug_macro   0x0000000000000f13       0x51 ./Core/Src/main.o
 .debug_macro   0x0000000000000f64      0x103 ./Core/Src/main.o
 .debug_macro   0x0000000000001067       0x6a ./Core/Src/main.o
 .debug_macro   0x00000000000010d1      0x1df ./Core/Src/main.o
 .debug_macro   0x00000000000012b0       0x1c ./Core/Src/main.o
 .debug_macro   0x00000000000012cc       0x22 ./Core/Src/main.o
 .debug_macro   0x00000000000012ee      0x101 ./Core/Src/main.o
 .debug_macro   0x00000000000013ef     0x1011 ./Core/Src/main.o
 .debug_macro   0x0000000000002400      0x11f ./Core/Src/main.o
 .debug_macro   0x000000000000251f    0x18b93 ./Core/Src/main.o
 .debug_macro   0x000000000001b0b2       0x6d ./Core/Src/main.o
 .debug_macro   0x000000000001b11f     0x3554 ./Core/Src/main.o
 .debug_macro   0x000000000001e673      0x174 ./Core/Src/main.o
 .debug_macro   0x000000000001e7e7       0x5c ./Core/Src/main.o
 .debug_macro   0x000000000001e843     0x171f ./Core/Src/main.o
 .debug_macro   0x000000000001ff62      0x600 ./Core/Src/main.o
 .debug_macro   0x0000000000020562      0x1b6 ./Core/Src/main.o
 .debug_macro   0x0000000000020718      0x34a ./Core/Src/main.o
 .debug_macro   0x0000000000020a62      0x53c ./Core/Src/main.o
 .debug_macro   0x0000000000020f9e      0x18b ./Core/Src/main.o
 .debug_macro   0x0000000000021129       0x43 ./Core/Src/main.o
 .debug_macro   0x000000000002116c      0x23d ./Core/Src/main.o
 .debug_macro   0x00000000000213a9      0x211 ./Core/Src/main.o
 .debug_macro   0x00000000000215ba      0x45c ./Core/Src/main.o
 .debug_macro   0x0000000000021a16      0x11c ./Core/Src/main.o
 .debug_macro   0x0000000000021b32      0x122 ./Core/Src/main.o
 .debug_macro   0x0000000000021c54      0x3d1 ./Core/Src/main.o
 .debug_macro   0x0000000000022025      0x358 ./Core/Src/main.o
 .debug_macro   0x000000000002237d      0x34f ./Core/Src/main.o
 .debug_macro   0x00000000000226cc      0x169 ./Core/Src/main.o
 .debug_macro   0x0000000000022835      0x178 ./Core/Src/main.o
 .debug_macro   0x00000000000229ad      0x1d0 ./Core/Src/main.o
 .debug_macro   0x0000000000022b7d      0x1a6 ./Core/Src/main.o
 .debug_macro   0x0000000000022d23      0x652 ./Core/Src/main.o
 .debug_macro   0x0000000000023375       0x84 ./Core/Src/main.o
 .debug_macro   0x00000000000233f9      0x231 ./Core/Src/main.o
 .debug_macro   0x000000000002362a      0x63e ./Core/Src/main.o
 .debug_macro   0x0000000000023c68      0x2cc ./Core/Src/main.o
 .debug_macro   0x0000000000023f34      0x210 ./Core/Src/stm32g4xx_hal_msp.o
 .debug_macro   0x0000000000024144      0x21a ./Core/Src/stm32g4xx_it.o
 .debug_macro   0x000000000002435e      0x1a6 ./Core/Src/system_stm32g4xx.o
 .debug_macro   0x0000000000024504      0x1f4 ./Drivers/STM32G4xx_HAL_Driver/Src/stm32g4xx_hal.o
 .debug_macro   0x00000000000246f8      0x1a6 ./Drivers/STM32G4xx_HAL_Driver/Src/stm32g4xx_hal_cortex.o
 .debug_macro   0x000000000002489e      0x1d0 ./Drivers/STM32G4xx_HAL_Driver/Src/stm32g4xx_hal_pwr_ex.o
 .debug_macro   0x0000000000024a6e      0x1e8 ./Drivers/STM32G4xx_HAL_Driver/Src/stm32g4xx_hal_rcc.o
 .debug_macro   0x0000000000024c56      0x1e8 ./Drivers/STM32G4xx_HAL_Driver/Src/stm32g4xx_ll_gpio.o
 .debug_macro   0x0000000000024e3e      0x163 ./Drivers/STM32G4xx_HAL_Driver/Src/stm32g4xx_ll_gpio.o
 .debug_macro   0x0000000000024fa1      0x1bf ./System/LED.o

.debug_line     0x0000000000000000     0x63a0
 .debug_line    0x0000000000000000      0x8d7 ./Core/Src/main.o
 .debug_line    0x00000000000008d7      0x767 ./Core/Src/stm32g4xx_hal_msp.o
 .debug_line    0x000000000000103e      0x829 ./Core/Src/stm32g4xx_it.o
 .debug_line    0x0000000000001867      0x6e7 ./Core/Src/system_stm32g4xx.o
 .debug_line    0x0000000000001f4e       0x89 ./Core/Startup/startup_stm32g474qetx.o
 .debug_line    0x0000000000001fd7      0xa5e ./Drivers/STM32G4xx_HAL_Driver/Src/stm32g4xx_hal.o
 .debug_line    0x0000000000002a35      0xc11 ./Drivers/STM32G4xx_HAL_Driver/Src/stm32g4xx_hal_cortex.o
 .debug_line    0x0000000000003646      0xc09 ./Drivers/STM32G4xx_HAL_Driver/Src/stm32g4xx_hal_pwr_ex.o
 .debug_line    0x000000000000424f      0xe74 ./Drivers/STM32G4xx_HAL_Driver/Src/stm32g4xx_hal_rcc.o
 .debug_line    0x00000000000050c3      0x99b ./Drivers/STM32G4xx_HAL_Driver/Src/stm32g4xx_ll_gpio.o
 .debug_line    0x0000000000005a5e      0x942 ./System/LED.o

.debug_str      0x0000000000000000    0xeb0f8
 .debug_str     0x0000000000000000    0xe8dc5 ./Core/Src/main.o
                                      0xe9c8b (size before relaxing)
 .debug_str     0x00000000000e8dc5       0x2c ./Core/Src/stm32g4xx_hal_msp.o
                                      0xe9a55 (size before relaxing)
 .debug_str     0x00000000000e8df1       0xbd ./Core/Src/stm32g4xx_it.o
                                      0xe998d (size before relaxing)
 .debug_str     0x00000000000e8eae       0xaf ./Core/Src/system_stm32g4xx.o
                                      0xdd0f1 (size before relaxing)
 .debug_str     0x00000000000e8f5d       0x36 ./Core/Startup/startup_stm32g474qetx.o
                                         0x5e (size before relaxing)
 .debug_str     0x00000000000e8f93      0xbca ./Drivers/STM32G4xx_HAL_Driver/Src/stm32g4xx_hal.o
                                      0xddd99 (size before relaxing)
 .debug_str     0x00000000000e9b5d      0x39a ./Drivers/STM32G4xx_HAL_Driver/Src/stm32g4xx_hal_cortex.o
                                      0xddaa1 (size before relaxing)
 .debug_str     0x00000000000e9ef7      0x519 ./Drivers/STM32G4xx_HAL_Driver/Src/stm32g4xx_hal_pwr_ex.o
                                      0xdd5e7 (size before relaxing)
 .debug_str     0x00000000000ea410      0x52c ./Drivers/STM32G4xx_HAL_Driver/Src/stm32g4xx_hal_rcc.o
                                      0xdd7de (size before relaxing)
 .debug_str     0x00000000000ea93c      0x67d ./Drivers/STM32G4xx_HAL_Driver/Src/stm32g4xx_ll_gpio.o
                                      0xdeb90 (size before relaxing)
 .debug_str     0x00000000000eafb9      0x13f ./System/LED.o
                                      0xdd89a (size before relaxing)

.comment        0x0000000000000000       0x53
 .comment       0x0000000000000000       0x53 ./Core/Src/main.o
                                         0x54 (size before relaxing)
 .comment       0x0000000000000053       0x54 ./Core/Src/stm32g4xx_hal_msp.o
 .comment       0x0000000000000053       0x54 ./Core/Src/stm32g4xx_it.o
 .comment       0x0000000000000053       0x54 ./Core/Src/system_stm32g4xx.o
 .comment       0x0000000000000053       0x54 ./Drivers/STM32G4xx_HAL_Driver/Src/stm32g4xx_hal.o
 .comment       0x0000000000000053       0x54 ./Drivers/STM32G4xx_HAL_Driver/Src/stm32g4xx_hal_cortex.o
 .comment       0x0000000000000053       0x54 ./Drivers/STM32G4xx_HAL_Driver/Src/stm32g4xx_hal_pwr_ex.o
 .comment       0x0000000000000053       0x54 ./Drivers/STM32G4xx_HAL_Driver/Src/stm32g4xx_hal_rcc.o
 .comment       0x0000000000000053       0x54 ./Drivers/STM32G4xx_HAL_Driver/Src/stm32g4xx_ll_gpio.o
 .comment       0x0000000000000053       0x54 ./System/LED.o

.debug_frame    0x0000000000000000     0x1718
 .debug_frame   0x0000000000000000       0xdc ./Core/Src/main.o
 .debug_frame   0x00000000000000dc       0x34 ./Core/Src/stm32g4xx_hal_msp.o
 .debug_frame   0x0000000000000110      0x104 ./Core/Src/stm32g4xx_it.o
 .debug_frame   0x0000000000000214       0x58 ./Core/Src/system_stm32g4xx.o
 .debug_frame   0x000000000000026c      0x4a0 ./Drivers/STM32G4xx_HAL_Driver/Src/stm32g4xx_hal.o
 .debug_frame   0x000000000000070c      0x498 ./Drivers/STM32G4xx_HAL_Driver/Src/stm32g4xx_hal_cortex.o
 .debug_frame   0x0000000000000ba4      0x4fc ./Drivers/STM32G4xx_HAL_Driver/Src/stm32g4xx_hal_pwr_ex.o
 .debug_frame   0x00000000000010a0      0x23c ./Drivers/STM32G4xx_HAL_Driver/Src/stm32g4xx_hal_rcc.o
 .debug_frame   0x00000000000012dc      0x1c0 ./Drivers/STM32G4xx_HAL_Driver/Src/stm32g4xx_ll_gpio.o
 .debug_frame   0x000000000000149c      0x230 ./System/LED.o
 .debug_frame   0x00000000000016cc       0x2c c:/st/stm32cubeide_1.7.0/stm32cubeide/plugins/com.st.stm32cube.ide.mcu.externaltools.gnu-tools-for-stm32.9-2020-q2-update.win32_2.0.0.202105311346/tools/bin/../lib/gcc/arm-none-eabi/9.3.1/../../../../arm-none-eabi/lib/thumb/v7e-m+fp/hard\libc_nano.a(lib_a-init.o)
 .debug_frame   0x00000000000016f8       0x20 c:/st/stm32cubeide_1.7.0/stm32cubeide/plugins/com.st.stm32cube.ide.mcu.externaltools.gnu-tools-for-stm32.9-2020-q2-update.win32_2.0.0.202105311346/tools/bin/../lib/gcc/arm-none-eabi/9.3.1/../../../../arm-none-eabi/lib/thumb/v7e-m+fp/hard\libc_nano.a(lib_a-memset.o)
