../Drivers/STM32G4xx_HAL_Driver/Inc/stm32g4xx_ll_usart.h:2992:26:LL_USART_IsActiveFlag_RXNE_RXFNE	16	static
../Drivers/STM32G4xx_HAL_Driver/Inc/stm32g4xx_ll_usart.h:3019:26:LL_USART_IsActiveFlag_TXE_TXFNF	16	static
../Drivers/STM32G4xx_HAL_Driver/Inc/stm32g4xx_ll_usart.h:3475:22:LL_USART_EnableIT_RXNE_RXFNE	40	static,ignoring_inline_asm
../Drivers/STM32G4xx_HAL_Driver/Inc/stm32g4xx_ll_usart.h:3502:22:LL_USART_EnableIT_TXE_TXFNF	40	static,ignoring_inline_asm
../Drivers/STM32G4xx_HAL_Driver/Inc/stm32g4xx_ll_usart.h:3719:22:LL_USART_DisableIT_TXE_TXFNF	40	static,ignoring_inline_asm
../Drivers/STM32G4xx_HAL_Driver/Inc/stm32g4xx_ll_usart.h:4253:25:LL_USART_ReceiveData8	16	static
../Drivers/STM32G4xx_HAL_Driver/Inc/stm32g4xx_ll_usart.h:4276:22:LL_USART_TransmitData8	16	static
../System/SCI.c:139:6:SCI_init	8	static
../System/SCI.c:230:6:SCI_send_char	16	static
../System/SCI.c:251:6:SCI_send_byte	16	static
../System/SCI.c:280:6:SCI_send_string	24	static
../System/SCI.c:303:6:SCI_send_bytes	24	static
../System/SCI.c:322:9:SCI_is_data_waiting	8	static
../System/SCI.c:340:18:SCI_read_char	16	static
../System/SCI.c:378:18:SCI_read_byte	16	static
../System/SCI.c:424:5:_write	24	static
../System/SCI.c:463:6:SCI_demo_Hello_world	8	static
../System/SCI.c:482:6:SCI_demo_Hello_world_printf	16	static
../System/SCI.c:503:6:SCI_demo_echo_with_polling	32	static
../System/SCI.c:566:6:SCI_send_string_IT	24	static
../System/SCI.c:637:6:SCI_send_bytes_IT	24	static
../System/SCI.c:707:6:SCI_receive_char_Callback	8	static
../System/SCI.c:732:6:SCI_transmit_char_Callback	16	static
../System/SCI.c:780:6:SCI_demo_receive_with_interrupts	16	static
../System/SCI.c:808:6:SCI_demo_transmit_with_interrupts	120	static
../System/SCI.c:838:6:SCI_demo_echo_with_interrupts	544	static
