stm32g4xx_ll_usart.h:2992:26:LL_USART_IsActiveFlag_RXNE_RXFNE	16	static
stm32g4xx_ll_usart.h:3019:26:LL_USART_IsActiveFlag_TXE_TXFNF	16	static
stm32g4xx_ll_usart.h:3911:26:LL_USART_IsEnabledIT_RXNE_RXFNE	16	static
stm32g4xx_ll_usart.h:3938:26:LL_USART_IsEnabledIT_TXE_TXFNF	16	static
stm32g4xx_it.c:69:6:NMI_Handler	4	static
stm32g4xx_it.c:84:6:HardFault_Handler	4	static
stm32g4xx_it.c:99:6:MemManage_Handler	4	static
stm32g4xx_it.c:114:6:BusFault_Handler	4	static
stm32g4xx_it.c:129:6:UsageFault_Handler	4	static
stm32g4xx_it.c:144:6:SVC_Handler	4	static
stm32g4xx_it.c:157:6:DebugMon_Handler	4	static
stm32g4xx_it.c:170:6:PendSV_Handler	4	static
stm32g4xx_it.c:183:6:SysTick_Handler	8	static
stm32g4xx_it.c:232:6:USART3_IRQHandler	8	static
