../Application/graphics.c:87:6:GFX_display_image_array	24	static
../Application/graphics.c:95:6:GFX_display_image_object	16	static
../Application/graphics.c:104:10:GFX_get_image_pixel	24	static
../Application/graphics.c:129:6:GFX_get_image_part	40	static
../Application/graphics.c:163:11:GFX_allocate_image_buffer	16	static
../Application/graphics.c:169:6:GFX_deallocate_image_buffer	16	static
../Application/graphics.c:188:6:GFX_draw_gfx_object	16	static
../Application/graphics.c:200:6:GFX_save_gfx_object_location	16	static
../Application/graphics.c:215:6:GFX_restore_gfx_object_old_location	16	static
../Application/graphics.c:232:6:GFX_init_location_restrictions	24	static
../Application/graphics.c:259:9:GFX_set_gfx_object_location	16	static
../Application/graphics.c:299:9:GFX_init_gfx_object_location	24	static
../Application/graphics.c:318:9:GFX_set_gfx_object_center_location	16	static
../Application/graphics.c:353:9:GFX_init_gfx_object_center_location	24	static
../Application/graphics.c:374:6:GFX_set_gfx_object_velocity	16	static
../Application/graphics.c:382:9:GFX_update_gfx_object_location	24	static
../Application/graphics.c:405:6:GFX_get_object_movement_area	16	static
../Application/graphics.c:425:6:GFX_absolute_coordinates_to_object_coordinates	24	static
../Application/graphics.c:435:9:GFX_are_gfx_objects_overlapping	16	static
../Application/graphics.c:463:6:GFX_draw_one_gfx_object_on_background	48	static
../Application/graphics.c:541:6:GFX_draw_two_gfx_objects_on_background	80	static
../Application/graphics.c:649:6:GFX_delete_area_on_background	32	static
../Application/graphics.c:688:6:GFX_delete_gfx_object_on_background	32	static
../Application/graphics.c:731:6:GFX_update_two_gfx_objects_on_background	24	static
../Application/graphics.c:748:6:GFX_display_text_object	16	static
../Application/graphics.c:761:6:GFX_display_progress_bar	32	static
../Application/graphics.c:786:6:GFX_demo_sub_image	10024	static
../Application/graphics.c:803:6:GFX_demo_sub_image_with_malloc	32	static
../Application/graphics.c:826:6:GFX_demo_draw_one_object_on_backround	16	static
../Application/graphics.c:837:6:GFX_demo_arduino_objects	8	static
../Application/graphics.c:861:6:GFX_demo_objects_overlapping_delete_draw	8	static
../Application/graphics.c:885:6:GFX_demo_move_one_object_delete_draw	24	static
../Application/graphics.c:919:6:GFX_demo_update_two_gfx_objects_on_background_delete_draw	24	static
../Application/graphics.c:941:6:GFX_demo_two_objects_moving_delete_draw	8	static
../Application/graphics.c:978:6:GFX_demo_move_one_object_using_movement_area	16	static
../Application/graphics.c:1005:6:GFX_demo_two_objects_moving_using_movement_areas	8	static
